 sandbox

 Timestamp is 60737718 (Mon Apr 12 00:24:24 2021)

 Preferred load address is 0000000140000000

 Start         Length     Name                   Class
 0001:00000000 00030b3cH .textbss                DATA
 0002:00000000 00069f20H .text$mn                CODE
 0002:00069f20 00001040H .text$mn$00             CODE
 0002:0006af60 00001c35H .text$x                 CODE
 0003:00000000 00000110H .CRT$XCA                DATA
 0003:00000110 00000110H .CRT$XCAA               DATA
 0003:00000220 00000110H .CRT$XCZ                DATA
 0003:00000330 00000110H .CRT$XIA                DATA
 0003:00000440 00000110H .CRT$XIAA               DATA
 0003:00000550 00000110H .CRT$XIAC               DATA
 0003:00000660 00000130H .CRT$XIC                DATA
 0003:00000790 00000110H .CRT$XIZ                DATA
 0003:000008a0 00000110H .CRT$XPA                DATA
 0003:000009b0 00000120H .CRT$XPX                DATA
 0003:00000ad0 00000110H .CRT$XPXA               DATA
 0003:00000be0 00000110H .CRT$XPZ                DATA
 0003:00000cf0 00000110H .CRT$XTA                DATA
 0003:00000e00 00000110H .CRT$XTZ                DATA
 0003:00000f10 0000d170H .rdata                  DATA
 0003:0000e080 00000110H .rdata$CastGuardVftablesA DATA
 0003:0000e190 00000110H .rdata$CastGuardVftablesC DATA
 0003:0000e2a0 0000060cH .rdata$r                DATA
 0003:0000e8ac 00000194H .rdata$zzzdbg           DATA
 0003:0000ea40 00000110H .rtc$IAA                DATA
 0003:0000eb50 00000110H .rtc$IMZ                DATA
 0003:0000ec60 00000110H .rtc$IZZ                DATA
 0003:0000ed70 00000110H .rtc$TAA                DATA
 0003:0000ee80 00000110H .rtc$TMZ                DATA
 0003:0000ef90 00000110H .rtc$TZZ                DATA
 0003:0000f0a0 00006570H .xdata                  DATA
 0003:00015610 00000196H .xdata$x                DATA
 0003:000157a6 00000000H .edata                  DATA
 0004:00000000 00000dc0H .data                   DATA
 0004:00000dc0 000002c0H .data$r                 DATA
 0004:00001080 00002090H .bss                    DATA
 0005:00000000 000069c0H .pdata                  DATA
 0006:00000000 000003a0H .idata$5                DATA
 0006:000003a0 00000014H .idata$2                DATA
 0006:000003b4 00000014H .idata$3                DATA
 0006:000003c8 000003a0H .idata$4                DATA
 0006:00000768 00000824H .idata$6                DATA
 0007:00000000 00000144H .msvcjmc                DATA
 0008:00000000 00000151H .00cfg                  DATA
 0009:00000000 000001b5H _RDATA                  DATA
 000a:00000000 00000170H .rsrc$01                DATA
 000a:00000170 000002ccH .rsrc$02                DATA

  Address         Publics by Value              Rva+Base               Lib:Object

 0000:00000000       __arm64x_native_entrypoint 0000000000000000     <absolute>
 0000:00000000       __arm64x_extra_rfe_table   0000000000000000     <absolute>
 0000:00000000       __x64_code_ranges_to_entry_points 0000000000000000     <absolute>
 0000:00000000       __guard_longjmp_table      0000000000000000     <absolute>
 0000:00000000       __guard_fids_table         0000000000000000     <absolute>
 0000:00000000       __hybrid_code_map_count    0000000000000000     <absolute>
 0000:00000000       __hybrid_code_map          0000000000000000     <absolute>
 0000:00000000       ___safe_se_handler_table   0000000000000000     <absolute>
 0000:00000000       __volatile_metadata        0000000000000000     <absolute>
 0000:00000000       __AbsoluteZero             0000000000000000     <absolute>
 0000:00000000       __arm64x_extra_rfe_table_size 0000000000000000     <absolute>
 0000:00000000       ___safe_se_handler_count   0000000000000000     <absolute>
 0000:00000000       __x64_code_ranges_to_entry_points_count 0000000000000000     <absolute>
 0000:00000000       __guard_eh_cont_table      0000000000000000     <absolute>
 0000:00000000       __arm64x_redirection_metadata 0000000000000000     <absolute>
 0000:00000000       __guard_iat_table          0000000000000000     <absolute>
 0000:00000000       __arm64x_redirection_metadata_count 0000000000000000     <absolute>
 0000:00000000       __hybrid_auxiliary_iat     0000000000000000     <absolute>
 0000:00000000       __enclave_config           0000000000000000     <absolute>
 0000:00000000       __guard_iat_count          0000000000000000     <absolute>
 0000:00000000       __guard_eh_cont_count      0000000000000000     <absolute>
 0000:00000000       __dynamic_value_reloc_table 0000000000000000     <absolute>
 0000:00000000       __guard_longjmp_count      0000000000000000     <absolute>
 0000:00000000       __guard_fids_count         0000000000000000     <absolute>
 0000:00000100       __guard_flags              0000000000000100     <absolute>
 0000:00000000       __ImageBase                0000000140000000     <linker-defined>
 0001:00000000       __enc$textbss$begin        0000000140001000     <linker-defined>
 0001:00030b3c       __enc$textbss$end          0000000140031b3c     <linker-defined>
 0002:00006110       ?__empty_global_delete@@YAXPEAX@Z 0000000140038110 f i sandbox.obj
 0002:00006160       ?__empty_global_delete@@YAXPEAX_K@Z 0000000140038160 f i sandbox.obj
 0002:000061c0       __JustMyCode_Default       00000001400381c0 f i sandbox.obj
 0002:000061d0       __local_stdio_printf_options 00000001400381d0 f i sandbox.obj
 0002:0000620c       ??$get_module_file_name@AEAPEAUHINSTANCE__@@AEAY0BAF@DK@?$__crt_char_traits@D@@SAKAEAPEAUHINSTANCE__@@AEAY0BAF@D$$QEAK@Z 000000014003820c f i libucrt:assert.obj
 0002:00006220       _vfprintf_l                0000000140038220 f i sandbox.obj
 0002:00006418       setvbuf                    0000000140038418 f   libucrt:setvbuf.obj
 0002:00006528       ??$ftprintf@PEAU_iobuf@@PEBDAEBQEBDAEBQEBDAEBI@?$__crt_char_traits@D@@SAH$$QEAPEAU_iobuf@@$$QEAPEBDAEBQEBD2AEBI@Z 0000000140038528 f i libucrt:assert.obj
 0002:00006548       ??$ftprintf@PEAU_iobuf@@PEB_WAEBQEB_WAEBQEB_WAEBI@?$__crt_char_traits@_W@@SAH$$QEAPEAU_iobuf@@$$QEAPEB_WAEBQEB_W2AEBI@Z 0000000140038548 f i libucrt:assert.obj
 0002:00006568       ??$get_module_file_name@AEAPEAUHINSTANCE__@@AEAY0BAF@_WK@?$__crt_char_traits@_W@@SAKAEAPEAUHINSTANCE__@@AEAY0BAF@_W$$QEAK@Z 0000000140038568 f i libucrt:assert.obj
 0002:00006580       printf                     0000000140038580 f i sandbox.obj
 0002:0000663c       ??$itot_s@AEBIPEAD_KH@?$__crt_char_traits@D@@SAHAEBI$$QEAPEAD$$QEA_K$$QEAH@Z 000000014003863c f i libucrt:assert.obj
 0002:0000664c       ??$itot_s@AEBIPEA_W_KH@?$__crt_char_traits@_W@@SAHAEBI$$QEAPEA_W$$QEA_K$$QEAH@Z 000000014003864c f i libucrt:assert.obj
 0002:0000665c       ??$show_message_box@AEAY0CEA@DPEBDJ@?$__crt_char_traits@D@@SAHAEAY0CEA@D$$QEAPEBD$$QEAJ@Z 000000014003865c f i libucrt:assert.obj
 0002:0000666b       GetStdHandle               000000014003866b f   kernel32:KERNEL32.dll
 0002:00006671       GetFileType                0000000140038671 f   kernel32:KERNEL32.dll
 0002:00006677       DebugBreak                 0000000140038677 f   kernel32:KERNEL32.dll
 0002:0000667d       OutputDebugStringA         000000014003867d f   kernel32:KERNEL32.dll
 0002:00006683       GetLastError               0000000140038683 f   kernel32:KERNEL32.dll
 0002:00006689       InitializeSListHead        0000000140038689 f   kernel32:KERNEL32.dll
 0002:0000668f       GetCurrentThreadId         000000014003868f f   kernel32:KERNEL32.dll
 0002:00006695       GetSystemTimeAsFileTime    0000000140038695 f   kernel32:KERNEL32.dll
 0002:0000669b       LoadLibraryA               000000014003869b f   kernel32:KERNEL32.dll
 0002:000066a1       GetACP                     00000001400386a1 f   kernel32:KERNEL32.dll
 0002:000066a8       _RTC_AllocaHelper          00000001400386a8 f   LIBCMT:stack.obj
 0002:000066e0       ??$show_message_box@AEAY0CEA@_WPEB_WJ@?$__crt_char_traits@_W@@SAHAEAY0CEA@_W$$QEAPEB_W$$QEAJ@Z 00000001400386e0 f i libucrt:assert.obj
 0002:000066ec       _RTC_CheckStackVars        00000001400386ec f   LIBCMT:stack.obj
 0002:00006760       ??$tcscat_s@AEBQEADAEB_KAEAPEAD@?$__crt_char_traits@D@@SAHAEBQEADAEB_KAEAPEAD@Z 0000000140038760 f i libucrt:assert.obj
 0002:00006770       ??$tcscpy_s@AEAY0BAF@D_KPEBD@?$__crt_char_traits@D@@SAHAEAY0BAF@D$$QEA_K$$QEAPEBD@Z 0000000140038770 f i libucrt:assert.obj
 0002:0000677c       _RTC_CheckStackVars2       000000014003877c f   LIBCMT:stack.obj
 0002:00006864       ??$tcscat_s@AEBQEADAEB_KAEBQEBD@?$__crt_char_traits@D@@SAHAEBQEADAEB_KAEBQEBD@Z 0000000140038864 f i libucrt:assert.obj
 0002:00006874       ??$tcscat_s@AEBQEADAEB_KPEBD@?$__crt_char_traits@D@@SAHAEBQEADAEB_K$$QEAPEBD@Z 0000000140038874 f i libucrt:assert.obj
 0002:00006884       ??$tcscat_s@AEBQEA_WAEB_KAEAPEA_W@?$__crt_char_traits@_W@@SAHAEBQEA_WAEB_KAEAPEA_W@Z 0000000140038884 f i libucrt:assert.obj
 0002:0000689c       _CRT_RTC_INIT              000000014003889c f   LIBCMT:init.obj
 0002:000068a0       _CRT_RTC_INITW             00000001400388a0 f   LIBCMT:init.obj
 0002:000068a4       _RTC_InitBase              00000001400388a4 f   LIBCMT:init.obj
 0002:000068cc       _RTC_Shutdown              00000001400388cc f   LIBCMT:init.obj
 0002:000068d0       __CheckForDebuggerJustMyCode 00000001400388d0 f   LIBCMT:debugger_jmc.obj
 0002:0000690c       ??$tcscat_s@AEBQEA_WAEB_KAEBQEB_W@?$__crt_char_traits@_W@@SAHAEBQEA_WAEB_KAEBQEB_W@Z 000000014003890c f i libucrt:assert.obj
 0002:0000691c       __GSHandlerCheck           000000014003891c f   LIBCMT:gshandler.obj
 0002:00006939       DecodePointer              0000000140038939 f   kernel32:KERNEL32.dll
 0002:00006940       __GSHandlerCheckCommon     0000000140038940 f   LIBCMT:gshandler.obj
 0002:0000699c       ??$tcscat_s@AEBQEA_WAEB_KPEB_W@?$__crt_char_traits@_W@@SAHAEBQEA_WAEB_K$$QEAPEB_W@Z 000000014003899c f i libucrt:assert.obj
 0002:000069ac       ??$tcscpy_s@AEAY0BAF@_W_KPEB_W@?$__crt_char_traits@_W@@SAHAEAY0BAF@_W$$QEA_K$$QEAPEB_W@Z 00000001400389ac f i libucrt:assert.obj
 0002:000069d0       __security_check_cookie    00000001400389d0 f   LIBCMT:amdsecgs.obj
 0002:00006ab8       ??$tcscpy_s@AEBQEADAEB_KPEBD@?$__crt_char_traits@D@@SAHAEBQEADAEB_K$$QEAPEBD@Z 0000000140038ab8 f i libucrt:assert.obj
 0002:00006ac8       ??$tcscpy_s@AEBQEA_WAEB_KPEB_W@?$__crt_char_traits@_W@@SAHAEBQEA_WAEB_K$$QEAPEB_W@Z 0000000140038ac8 f i libucrt:assert.obj
 0002:00006cac       ??$tcslen@AEAY0BAF@D@?$__crt_char_traits@D@@SA_KAEAY0BAF@D@Z 0000000140038cac f i libucrt:assert.obj
 0002:00006cbc       ??$tcslen@AEAY0BAF@_W@?$__crt_char_traits@_W@@SA_KAEAY0BAF@_W@Z 0000000140038cbc f i libucrt:assert.obj
 0002:00006ccc       ??$tcsncat_s@AEBQEADAEB_KAEAPEBD_K@?$__crt_char_traits@D@@SAHAEBQEADAEB_KAEAPEBD$$QEA_K@Z 0000000140038ccc f i libucrt:assert.obj
 0002:00006ce0       ??$tcsncat_s@AEBQEADAEB_KAEBQEBDAEB_K@?$__crt_char_traits@D@@SAHAEBQEADAEB_KAEBQEBD1@Z 0000000140038ce0 f i libucrt:assert.obj
 0002:00006cf4       ??$tcsncat_s@AEBQEADAEB_KPEBD_K@?$__crt_char_traits@D@@SAHAEBQEADAEB_K$$QEAPEBD$$QEA_K@Z 0000000140038cf4 f i libucrt:assert.obj
 0002:00006d0c       ?configure_argv@__scrt_narrow_argv_policy@@SAHXZ 0000000140038d0c f i LIBCMT:exe_main.obj
 0002:00006d28       ?initialize_environment@__scrt_narrow_environment_policy@@SAHXZ 0000000140038d28 f i LIBCMT:exe_main.obj
 0002:00006d74       ?set_app_type@__scrt_main_policy@@SAXXZ 0000000140038d74 f i LIBCMT:exe_main.obj
 0002:00006d80       ?set_commode@__scrt_file_policy@@SAXXZ 0000000140038d80 f i LIBCMT:exe_main.obj
 0002:00006da0       ?set_fmode@__scrt_file_policy@@SAXXZ 0000000140038da0 f i LIBCMT:exe_main.obj
 0002:00006dbc       mainCRTStartup             0000000140038dbc f   LIBCMT:exe_main.obj
 0002:00006e6c       ?_RTC_AllocaFailure@@YAXPEAXPEAU_RTC_ALLOCA_NODE@@H@Z 0000000140038e6c f   LIBCMT:error.obj
 0002:0000701c       ??$tcsncat_s@AEBQEA_WAEB_KAEAPEB_W_K@?$__crt_char_traits@_W@@SAHAEBQEA_WAEB_KAEAPEB_W$$QEA_K@Z 000000014003901c f i libucrt:assert.obj
 0002:00007030       ??$tcsncat_s@AEBQEA_WAEB_KAEBQEB_WAEB_K@?$__crt_char_traits@_W@@SAHAEBQEA_WAEB_KAEBQEB_W1@Z 0000000140039030 f i libucrt:assert.obj
 0002:00007044       ??$tcsncat_s@AEBQEA_WAEB_KPEB_W_K@?$__crt_char_traits@_W@@SAHAEBQEA_WAEB_K$$QEAPEB_W$$QEA_K@Z 0000000140039044 f i libucrt:assert.obj
 0002:00007084       ?_RTC_Failure@@YAXPEAXH@Z  0000000140039084 f   LIBCMT:error.obj
 0002:000070e4       ?_RTC_StackFailure@@YAXPEAXPEBD@Z 00000001400390e4 f   LIBCMT:error.obj
 0002:0000762c       _RTC_UninitUse             000000014003962c f   LIBCMT:error.obj
 0002:00007730       _vsprintf_s_l              0000000140039730 f i LIBCMT:error.obj
 0002:000077ac       sprintf_s                  00000001400397ac f i LIBCMT:error.obj
 0002:00007814       ?_RTC_GetErrorFunc@@YAP6AHHPEBDH00ZZPEBX@Z 0000000140039814 f   LIBCMT:userapi.obj
 0002:00007820       ?_RTC_GetErrorFuncW@@YAP6AHHPEB_WH00ZZPEBX@Z 0000000140039820 f   LIBCMT:userapi.obj
 0002:0000782c       _RTC_GetErrDesc            000000014003982c f   LIBCMT:userapi.obj
 0002:00007848       _RTC_NumErrors             0000000140039848 f   LIBCMT:userapi.obj
 0002:00007850       _RTC_SetErrorFunc          0000000140039850 f   LIBCMT:userapi.obj
 0002:0000786c       _RTC_SetErrorFuncW         000000014003986c f   LIBCMT:userapi.obj
 0002:00007888       _RTC_SetErrorType          0000000140039888 f   LIBCMT:userapi.obj
 0002:000078ac       __raise_securityfailure    00000001400398ac f   LIBCMT:gs_report.obj
 0002:000078f0       __report_gsfailure         00000001400398f0 f   LIBCMT:gs_report.obj
 0002:000079f8       __report_rangecheckfailure 00000001400399f8 f   LIBCMT:gs_report.obj
 0002:00007a10       __report_securityfailure   0000000140039a10 f   LIBCMT:gs_report.obj
 0002:00007ad4       __report_securityfailureEx 0000000140039ad4 f   LIBCMT:gs_report.obj
 0002:00007be4       fprintf                    0000000140039be4 f i libucrt:assert.obj
 0002:00007dd8       NtCurrentTeb               0000000140039dd8 f i LIBCMT:utility.obj
 0002:00007de4       __scrt_acquire_startup_lock 0000000140039de4 f   LIBCMT:utility.obj
 0002:00007e2c       __scrt_dllmain_after_initialize_c 0000000140039e2c f   LIBCMT:utility.obj
 0002:00007e70       __scrt_dllmain_before_initialize_c 0000000140039e70 f   LIBCMT:utility.obj
 0002:00007e8c       __scrt_dllmain_crt_thread_attach 0000000140039e8c f   LIBCMT:utility.obj
 0002:00007ec0       __scrt_dllmain_crt_thread_detach 0000000140039ec0 f   LIBCMT:utility.obj
 0002:00007edc       __scrt_dllmain_exception_filter 0000000140039edc f   LIBCMT:utility.obj
 0002:00007f54       __scrt_dllmain_uninitialize_c 0000000140039f54 f   LIBCMT:utility.obj
 0002:00007f90       __scrt_dllmain_uninitialize_critical 0000000140039f90 f   LIBCMT:utility.obj
 0002:00007fac       __scrt_initialize_crt      0000000140039fac f   LIBCMT:utility.obj
 0002:00008008       __scrt_initialize_onexit_tables 000000014003a008 f   LIBCMT:utility.obj
 0002:000080b8       __scrt_is_nonwritable_in_current_image 000000014003a0b8 f   LIBCMT:utility.obj
 0002:00008178       __scrt_release_startup_lock 000000014003a178 f   LIBCMT:utility.obj
 0002:000081a8       __scrt_uninitialize_crt    000000014003a1a8 f   LIBCMT:utility.obj
 0002:000081dc       _onexit                    000000014003a1dc f   LIBCMT:utility.obj
 0002:00008224       at_quick_exit              000000014003a224 f   LIBCMT:utility.obj
 0002:00008248       atexit                     000000014003a248 f   LIBCMT:utility.obj
 0002:000082ec       __security_init_cookie     000000014003a2ec f   LIBCMT:gs_support.obj
 0002:000083c4       _matherr                   000000014003a3c4 f   LIBCMT:matherr.obj
 0002:000083c8       _get_startup_argv_mode     000000014003a3c8 f   LIBCMT:argv_mode.obj
 0002:000083d0       _get_startup_commit_mode   000000014003a3d0 f   LIBCMT:commit_mode.obj
 0002:000083d4       _get_startup_file_mode     000000014003a3d4 f   LIBCMT:file_mode.obj
 0002:000083dc       _get_startup_new_mode      000000014003a3dc f   LIBCMT:new_mode.obj
 0002:000083e0       _get_startup_thread_locale_mode 000000014003a3e0 f   LIBCMT:thread_locale.obj
 0002:000083e4       ?__scrt_initialize_type_info@@YAXXZ 000000014003a3e4 f   LIBCMT:tncleanup.obj
 0002:000083f8       ?__scrt_uninitialize_type_info@@YAXXZ 000000014003a3f8 f   LIBCMT:tncleanup.obj
 0002:00008408       _should_initialize_environment 000000014003a408 f   LIBCMT:env_mode.obj
 0002:0000840c       _initialize_invalid_parameter_handler 000000014003a40c f   LIBCMT:invalid_parameter_handler.obj
 0002:00008410       _initialize_denormal_control 000000014003a410 f   LIBCMT:denormal_control.obj
 0002:00008414       __local_stdio_scanf_options 000000014003a414 f i LIBCMT:default_local_stdio_options.obj
 0002:00008420       __scrt_initialize_default_local_stdio_options 000000014003a420 f   LIBCMT:default_local_stdio_options.obj
 0002:00008444       __scrt_is_user_matherr_present 000000014003a444 f   LIBCMT:matherr_detection.obj
 0002:00008454       __scrt_get_dyn_tls_init_callback 000000014003a454 f   LIBCMT:dyn_tls_init.obj
 0002:00008460       __scrt_get_dyn_tls_dtor_callback 000000014003a460 f   LIBCMT:dyn_tls_dtor.obj
 0002:0000846c       __crt_debugger_hook        000000014003a46c f   LIBCMT:utility_desktop.obj
 0002:00008478       __scrt_fastfail            000000014003a478 f   LIBCMT:utility_desktop.obj
 0002:000085c4       _vfwprintf_l               000000014003a5c4 f i libucrt:assert.obj
 0002:00008614       __scrt_get_show_window_mode 000000014003a614 f   LIBCMT:utility_desktop.obj
 0002:0000865c       __scrt_initialize_mta      000000014003a65c f   LIBCMT:utility_desktop.obj
 0002:00008664       __scrt_initialize_winrt    000000014003a664 f   LIBCMT:utility_desktop.obj
 0002:00008668       __scrt_is_managed_app      000000014003a668 f   LIBCMT:utility_desktop.obj
 0002:000086d0       __scrt_set_unhandled_exception_filter 000000014003a6d0 f   LIBCMT:utility_desktop.obj
 0002:000086e4       __scrt_exe_initialize_mta  000000014003a6e4 f   LIBCMT:utility_desktop.obj
 0002:000086e4       __scrt_stub_for_initialize_mta 000000014003a6e4 f   LIBCMT:utility_desktop.obj
 0002:000086e8       __scrt_unhandled_exception_filter 000000014003a6e8 f   LIBCMT:utility_desktop.obj
 0002:0000875c       _RTC_Initialize            000000014003a75c f   LIBCMT:initsect.obj
 0002:000087a8       _RTC_Terminate             000000014003a7a8 f   LIBCMT:initsect.obj
 0002:000087f4       _guard_check_icall_nop     000000014003a7f4 f i LIBCMT:guard_support.obj
 0002:000087f8       ReadNoFence64              000000014003a7f8 f i LIBCMT:guard_support.obj
 0002:000087fc       ReadPointerNoFence         000000014003a7fc f i LIBCMT:guard_support.obj
 0002:00008800       __castguard_check_failure_debugbreak 000000014003a800 f i LIBCMT:guard_support.obj
 0002:00008824       __castguard_check_failure_fastfail 000000014003a824 f i LIBCMT:guard_support.obj
 0002:00008850       __castguard_check_failure_nop 000000014003a850 f i LIBCMT:guard_support.obj
 0002:00008854       __castguard_check_failure_os_handled 000000014003a854 f i LIBCMT:guard_support.obj
 0002:000088c8       __castguard_slow_path_check_debugbreak 000000014003a8c8 f i LIBCMT:guard_support.obj
 0002:0000890c       __castguard_slow_path_check_fastfail 000000014003a90c f i LIBCMT:guard_support.obj
 0002:00008954       __castguard_slow_path_check_nop 000000014003a954 f i LIBCMT:guard_support.obj
 0002:00008958       __castguard_slow_path_check_os_handled 000000014003a958 f i LIBCMT:guard_support.obj
 0002:000089e4       _guard_icall_checks_enforced 000000014003a9e4 f i LIBCMT:guard_support.obj
 0002:00008a00       _guard_rf_checks_enforced  000000014003aa00 f i LIBCMT:guard_support.obj
 0002:00008d54       ?_RTC_GetSrcLine@@YAHPEAEPEA_WKPEAH1K@Z 000000014003ad54 f   LIBCMT:pdblkup.obj
 0002:000091fc       __isa_available_init       000000014003b1fc f   LIBCMT:cpu_disp.obj
 0002:000093a0       _vswprintf_c_l             000000014003b3a0 f i libucrt:assert.obj
 0002:00009408       __scrt_is_ucrt_dll_in_use  000000014003b408 f   LIBCMT:ucrt_detection.obj
 0002:00009430       memset_repmovs             000000014003b430 f   libvcruntime:memset.obj
 0002:00009450       memset                     000000014003b450 f   libvcruntime:memset.obj
 0002:000095e0       fwprintf                   000000014003b5e0 f i libucrt:assert.obj
 0002:00009650       __C_specific_handler       000000014003b650 f   libvcruntime:riscchandler.obj
 0002:0000985c       _assert                    000000014003b85c f   libucrt:assert.obj
 0002:000098e0       __C_specific_handler_noexcept 000000014003b8e0 f   libvcruntime:chandler_noexcept.obj
 0002:00009940       __vcrt_initialize          000000014003b940 f   libvcruntime:initialization.obj
 0002:00009974       __vcrt_thread_attach       000000014003b974 f   libvcruntime:initialization.obj
 0002:00009990       __vcrt_thread_detach       000000014003b990 f   libvcruntime:initialization.obj
 0002:000099a8       __vcrt_uninitialize        000000014003b9a8 f   libvcruntime:initialization.obj
 0002:000099c8       __vcrt_uninitialize_critical 000000014003b9c8 f   libvcruntime:initialization.obj
 0002:000099f0       ??$?RD@__crt_internal_free_policy@@QEBAXQEBD@Z 000000014003b9f0 f i libvcruntime:std_type_info.obj
 0002:000099fc       ??$?RX@__crt_internal_free_policy@@QEBAXQEBX@Z 000000014003b9fc f i libvcruntime:std_type_info.obj
 0002:00009a08       ??$__crt_interlocked_compare_exchange_pointer@$$CBDPEAD$$T@@YAPEBDPEDSEBDQEAD$$T@Z 000000014003ba08 f i libvcruntime:std_type_info.obj
 0002:00009a14       ??$__crt_interlocked_read_pointer@$$CBD@@YAPEBDPEDSEBD@Z 000000014003ba14 f i libvcruntime:std_type_info.obj
 0002:00009a18       ??0?$__crt_unique_heap_ptr@DU__crt_internal_free_policy@@@@QEAA@QEAD@Z 000000014003ba18 f i libvcruntime:std_type_info.obj
 0002:00009a20       ??0?$__crt_unique_heap_ptr@XU__crt_internal_free_policy@@@@QEAA@QEAX@Z 000000014003ba20 f i libvcruntime:std_type_info.obj
 0002:00009a28       ??1?$__crt_unique_heap_ptr@DU__crt_internal_free_policy@@@@QEAA@XZ 000000014003ba28 f i libvcruntime:std_type_info.obj
 0002:00009a4c       ??1?$__crt_unique_heap_ptr@XU__crt_internal_free_policy@@@@QEAA@XZ 000000014003ba4c f i libvcruntime:std_type_info.obj
 0002:00009a70       ??B?$__crt_unique_heap_ptr@DU__crt_internal_free_policy@@@@QEBA_NXZ 000000014003ba70 f i libvcruntime:std_type_info.obj
 0002:00009a7c       ??B?$__crt_unique_heap_ptr@XU__crt_internal_free_policy@@@@QEBA_NXZ 000000014003ba7c f i libvcruntime:std_type_info.obj
 0002:00009ab8       ?__crt_interlocked_read_64@@YA_JPED_J@Z 000000014003bab8 f i libvcruntime:std_type_info.obj
 0002:00009abc       ?detach@?$__crt_unique_heap_ptr@XU__crt_internal_free_policy@@@@QEAAPEAXXZ 000000014003babc f i libvcruntime:std_type_info.obj
 0002:00009ac8       ?get@?$__crt_unique_heap_ptr@DU__crt_internal_free_policy@@@@QEBAPEADXZ 000000014003bac8 f i libvcruntime:std_type_info.obj
 0002:00009acc       ?get@?$__crt_unique_heap_ptr@XU__crt_internal_free_policy@@@@QEBAPEAXXZ 000000014003bacc f i libvcruntime:std_type_info.obj
 0002:00009ad0       ?is_valid@?$__crt_unique_heap_ptr@DU__crt_internal_free_policy@@@@QEBA_NXZ 000000014003bad0 f i libvcruntime:std_type_info.obj
 0002:00009adc       ?is_valid@?$__crt_unique_heap_ptr@XU__crt_internal_free_policy@@@@QEBA_NXZ 000000014003badc f i libvcruntime:std_type_info.obj
 0002:00009ae8       ?release@?$__crt_unique_heap_ptr@DU__crt_internal_free_policy@@@@QEAAXXZ 000000014003bae8 f i libvcruntime:std_type_info.obj
 0002:00009b0c       ?release@?$__crt_unique_heap_ptr@XU__crt_internal_free_policy@@@@QEAAXXZ 000000014003bb0c f i libvcruntime:std_type_info.obj
 0002:00009b30       __std_type_info_compare    000000014003bb30 f   libvcruntime:std_type_info.obj
 0002:00009b60       __std_type_info_destroy_list 000000014003bb60 f   libvcruntime:std_type_info.obj
 0002:00009b94       __std_type_info_hash       000000014003bb94 f   libvcruntime:std_type_info.obj
 0002:00009bdc       __std_type_info_name       000000014003bbdc f   libvcruntime:std_type_info.obj
 0002:00009d38       __DestructExceptionObject  000000014003bd38 f   libvcruntime:ehhelpers.obj
 0002:00009dc0       ?_CallMemberFunction0@@YAXQEAX0@Z 000000014003bdc0 f i libvcruntime:ehhelpers.obj
 0002:00009e34       ?raw_name@type_info@@QEBAPEBDXZ 000000014003be34 f i libvcruntime:ehhelpers.obj
 0002:00009e3c       _IsExceptionObjectToBeDestroyed 000000014003be3c f   libvcruntime:ehhelpers.obj
 0002:00009e78       _SetWinRTOutOfMemoryExceptionCallback 000000014003be78 f   libvcruntime:ehhelpers.obj
 0002:00009e84       __AdjustPointer            000000014003be84 f   libvcruntime:ehhelpers.obj
 0002:00009eb0       __FrameUnwindFilter        000000014003beb0 f   libvcruntime:ehhelpers.obj
 0002:00009f30       __GetPlatformExceptionInfo 000000014003bf30 f   libvcruntime:ehhelpers.obj
 0002:00009fa4       __current_exception        000000014003bfa4 f   libvcruntime:ehhelpers.obj
 0002:00009fbc       __current_exception_context 000000014003bfbc f   libvcruntime:ehhelpers.obj
 0002:00009fd4       __processing_throw         000000014003bfd4 f   libvcruntime:ehhelpers.obj
 0002:00009fec       __std_terminate            000000014003bfec f   libvcruntime:ehhelpers.obj
 0002:00009ff8       _is_exception_typeof       000000014003bff8 f   libvcruntime:ehhelpers.obj
 0002:0000a0c8       __vcrt_GetModuleFileNameW  000000014003c0c8 f   libvcruntime:winapi_thunks.obj
 0002:0000a0d0       __vcrt_GetModuleHandleW    000000014003c0d0 f   libvcruntime:winapi_thunks.obj
 0002:0000a0d8       __vcrt_LoadLibraryExW      000000014003c0d8 f   libvcruntime:winapi_thunks.obj
 0002:0000a0f0       _NLG_Notify                000000014003c0f0 f   libvcruntime:notify.obj
 0002:0000a110       __NLG_Dispatch2            000000014003c110 f   libvcruntime:notify.obj
 0002:0000a120       __NLG_Return2              000000014003c120 f   libvcruntime:notify.obj
 0002:0000a13c       __except_validate_context_record 000000014003c13c f   libvcruntime:jbcxrval.obj
 0002:0000a180       __except_validate_jump_buffer 000000014003c180 f   libvcruntime:jbcxrval.obj
 0002:0000a1d0       __except_validate_jump_buffer_common 000000014003c1d0 f i libvcruntime:jbcxrval.obj
 0002:0000a244       ??$?RU__vcrt_ptd@@@__crt_internal_free_policy@@QEBAXQEBU__vcrt_ptd@@@Z 000000014003c244 f i libvcruntime:per_thread_data.obj
 0002:0000a250       ??0?$__crt_unique_heap_ptr@U__vcrt_ptd@@U__crt_internal_free_policy@@@@QEAA@QEAU__vcrt_ptd@@@Z 000000014003c250 f i libvcruntime:per_thread_data.obj
 0002:0000a278       ??1?$__crt_unique_heap_ptr@U__vcrt_ptd@@U__crt_internal_free_policy@@@@QEAA@XZ 000000014003c278 f i libvcruntime:per_thread_data.obj
 0002:0000a2a8       ??B?$__crt_unique_heap_ptr@U__vcrt_ptd@@U__crt_internal_free_policy@@@@QEBA_NXZ 000000014003c2a8 f i libvcruntime:per_thread_data.obj
 0002:0000a2b4       ?detach@?$__crt_unique_heap_ptr@U__vcrt_ptd@@U__crt_internal_free_policy@@@@QEAAPEAU__vcrt_ptd@@XZ 000000014003c2b4 f i libvcruntime:per_thread_data.obj
 0002:0000a2c0       ?get@?$__crt_unique_heap_ptr@U__vcrt_ptd@@U__crt_internal_free_policy@@@@QEBAPEAU__vcrt_ptd@@XZ 000000014003c2c0 f i libvcruntime:per_thread_data.obj
 0002:0000a2c4       ?is_valid@?$__crt_unique_heap_ptr@U__vcrt_ptd@@U__crt_internal_free_policy@@@@QEBA_NXZ 000000014003c2c4 f i libvcruntime:per_thread_data.obj
 0002:0000a2d0       ?release@?$__crt_unique_heap_ptr@U__vcrt_ptd@@U__crt_internal_free_policy@@@@QEAAXXZ 000000014003c2d0 f i libvcruntime:per_thread_data.obj
 0002:0000a328       __vcrt_freefls             000000014003c328 f   libvcruntime:per_thread_data.obj
 0002:0000a350       __vcrt_freeptd             000000014003c350 f   libvcruntime:per_thread_data.obj
 0002:0000a3b0       __vcrt_getptd              000000014003c3b0 f   libvcruntime:per_thread_data.obj
 0002:0000a3d0       __vcrt_getptd_noexit       000000014003c3d0 f   libvcruntime:per_thread_data.obj
 0002:0000a4c0       __vcrt_getptd_noinit       000000014003c4c0 f   libvcruntime:per_thread_data.obj
 0002:0000a520       __vcrt_initialize_ptd      000000014003c520 f   libvcruntime:per_thread_data.obj
 0002:0000a578       __vcrt_uninitialize_ptd    000000014003c578 f   libvcruntime:per_thread_data.obj
 0002:0000a5a4       __vcrt_initialize_locks    000000014003c5a4 f   libvcruntime:locks.obj
 0002:0000a5e4       __vcrt_lock                000000014003c5e4 f   libvcruntime:locks.obj
 0002:0000a604       __vcrt_uninitialize_locks  000000014003c604 f   libvcruntime:locks.obj
 0002:0000a648       __vcrt_unlock              000000014003c648 f   libvcruntime:locks.obj
 0002:0000a668       ??$?0$00@DName@@QEAA@PEBDU?$StringLifeSelector@$00@@@Z 000000014003c668 f i libvcruntime:undname.obj
 0002:0000a6b8       ??$?0$00@pcharNode@@QEAA@PEBDHU?$StringLifeSelector@$00@@@Z 000000014003c6b8 f i libvcruntime:undname.obj
 0002:0000a6d4       ??$?0$01@DName@@QEAA@PEBDU?$StringLifeSelector@$01@@@Z 000000014003c6d4 f i libvcruntime:undname.obj
 0002:0000a724       ??$?0$01@pcharNode@@QEAA@PEBDHU?$StringLifeSelector@$01@@@Z 000000014003c724 f i libvcruntime:undname.obj
 0002:0000a7b4       ??$?0$0A@@DName@@QEAA@PEBDU?$StringLifeSelector@$0A@@@@Z 000000014003c7b4 f i libvcruntime:undname.obj
 0002:0000a804       ??$?0$0A@@pcharNode@@QEAA@PEBDHU?$StringLifeSelector@$0A@@@@Z 000000014003c804 f i libvcruntime:undname.obj
 0002:0000a894       ??$?0_K$0A@@?$optional@_K@std@@QEAA@$$QEA_K@Z 000000014003c894 f i libvcruntime:undname.obj
 0002:0000a8a8       ??$?0_K@?$_Optional_construct_base@_K@std@@QEAA@Uin_place_t@1@$$QEA_K@Z 000000014003c8a8 f i libvcruntime:undname.obj
 0002:0000a8bc       ??$?0_K@?$_Optional_destruct_base@_K$00@std@@QEAA@Uin_place_t@1@$$QEA_K@Z 000000014003c8bc f i libvcruntime:undname.obj
 0002:0000a8d0       ??$append@VDNameNode@@@DName@@AEAAXPEBVDNameNode@@@Z 000000014003c8d0 f i libvcruntime:undname.obj
 0002:0000a94c       ??$append@VDNameStatusNode@@@DName@@AEAAXPEBVDNameStatusNode@@@Z 000000014003c94c f i libvcruntime:undname.obj
 0002:0000a9c8       ??$append@VcharNode@@@DName@@AEAAXPEBVcharNode@@@Z 000000014003c9c8 f i libvcruntime:undname.obj
 0002:0000aa44       ??$append@VpDNameNode@@@DName@@AEAAXPEBVpDNameNode@@@Z 000000014003ca44 f i libvcruntime:undname.obj
 0002:0000aac0       ??$append@VpcharNode@@@DName@@AEAAXPEBVpcharNode@@@Z 000000014003cac0 f i libvcruntime:undname.obj
 0002:0000ab3c       ??$doPchar@$00@DName@@AEAAXPEBDH@Z 000000014003cb3c f i libvcruntime:undname.obj
 0002:0000ac08       ??$doPchar@$01@DName@@AEAAXPEBDH@Z 000000014003cc08 f i libvcruntime:undname.obj
 0002:0000acc4       ??$doPchar@$0A@@DName@@AEAAXPEBDH@Z 000000014003ccc4 f i libvcruntime:undname.obj
 0002:0000ad80       ??$forward@_K@std@@YA$$QEA_KAEA_K@Z 000000014003cd80 f i libvcruntime:undname.obj
 0002:0000ad84       ??$size@D$04@std@@YA_KAEAY04$$CBD@Z 000000014003cd84 f i libvcruntime:undname.obj
 0002:0000ad8c       ??$size@D$0EB@@std@@YA_KAEAY0EB@$$CBD@Z 000000014003cd8c f i libvcruntime:undname.obj
 0002:0000ad94       ??0?$_Optional_construct_base@_K@std@@QEAA@XZ 000000014003cd94 f i libvcruntime:undname.obj
 0002:0000ada0       ??0?$_Optional_destruct_base@_K$00@std@@QEAA@XZ 000000014003cda0 f i libvcruntime:undname.obj
 0002:0000adac       ??0?$optional@_K@std@@QEAA@XZ 000000014003cdac f i libvcruntime:undname.obj
 0002:0000adb8       ??0Block@_HeapManager@@QEAA@XZ 000000014003cdb8 f i libvcruntime:undname.obj
 0002:0000adc4       ??0DName@@QEAA@AEAPEBDD@Z  000000014003cdc4 f   libvcruntime:undname.obj
 0002:0000aea0       ??0DName@@QEAA@AEBUStringLiteral@@@Z 000000014003cea0 f   libvcruntime:undname.obj
 0002:0000aed8       ??0DName@@QEAA@AEBV0@@Z    000000014003ced8 f i libvcruntime:undname.obj
 0002:0000aeec       ??0DName@@QEAA@D@Z         000000014003ceec f   libvcruntime:undname.obj
 0002:0000af14       ??0DName@@QEAA@PEAV0@@Z    000000014003cf14 f   libvcruntime:undname.obj
 0002:0000afb8       ??0DName@@QEAA@W4DNameStatus@@@Z 000000014003cfb8 f   libvcruntime:undname.obj
 0002:0000aff0       ??0DName@@QEAA@XZ          000000014003cff0 f i libvcruntime:undname.obj
 0002:0000b000       ??0DName@@QEAA@_J@Z        000000014003d000 f   libvcruntime:undname.obj
 0002:0000b0d0       ??0DName@@QEAA@_K@Z        000000014003d0d0 f   libvcruntime:undname.obj
 0002:0000b17c       ??0DNameNode@@IEAA@XZ      000000014003d17c f i libvcruntime:undname.obj
 0002:0000b190       ??0Replicator@@QEAA@XZ     000000014003d190 f i libvcruntime:undname.obj
 0002:0000b1a4       ??0UnDecorator@@QEAA@PEBDP6APEADJ@ZK@Z 000000014003d1a4 f i libvcruntime:undname.obj
 0002:0000b208       ??0_Nontrivial_dummy_type@std@@QEAA@XZ 000000014003d208 f i libvcruntime:undname.obj
 0002:0000b20c       ??0charNode@@QEAA@D@Z      000000014003d20c f i libvcruntime:undname.obj
 0002:0000b224       ??0pDNameNode@@QEAA@PEAVDName@@@Z 000000014003d224 f   libvcruntime:undname.obj
 0002:0000b254       ??0pairNode@@QEAA@PEBVDNameNode@@0@Z 000000014003d254 f i libvcruntime:undname.obj
 0002:0000b27c       ??2@YAPEAX_KAEAV_HeapManager@@H@Z 000000014003d27c f   libvcruntime:undname.obj
 0002:0000b2b0       ??4DName@@QEAAAEAV0@AEBUStringLiteral@@@Z 000000014003d2b0 f   libvcruntime:undname.obj
 0002:0000b2e0       ??4DName@@QEAAAEAV0@AEBV0@@Z 000000014003d2e0 f   libvcruntime:undname.obj
 0002:0000b2f4       ??4DName@@QEAAAEAV0@D@Z    000000014003d2f4 f i libvcruntime:undname.obj
 0002:0000b31c       ??4DName@@QEAAAEAV0@PEAV0@@Z 000000014003d31c f   libvcruntime:undname.obj
 0002:0000b3b0       ??4DName@@QEAAAEAV0@W4DNameStatus@@@Z 000000014003d3b0 f   libvcruntime:undname.obj
 0002:0000b3d8       ??AReplicator@@QEBA?AVDName@@H@Z 000000014003d3d8 f   libvcruntime:undname.obj
 0002:0000b428       ??B?$optional@_K@std@@QEBA_NXZ 000000014003d428 f i libvcruntime:undname.obj
 0002:0000b42c       ??D?$optional@_K@std@@QEGAAAEA_KXZ 000000014003d42c f i libvcruntime:undname.obj
 0002:0000b430       ??H@YA?AVDName@@AEBUStringLiteral@@AEBV0@@Z 000000014003d430 f i libvcruntime:undname.obj
 0002:0000b474       ??H@YA?AVDName@@DAEBV0@@Z  000000014003d474 f i libvcruntime:undname.obj
 0002:0000b4c8       ??H@YA?AVDName@@W4DNameStatus@@AEBV0@@Z 000000014003d4c8 f i libvcruntime:undname.obj
 0002:0000b524       ??HDName@@QEBA?AV0@AEBUStringLiteral@@@Z 000000014003d524 f   libvcruntime:undname.obj
 0002:0000b558       ??HDName@@QEBA?AV0@AEBV0@@Z 000000014003d558 f   libvcruntime:undname.obj
 0002:0000b58c       ??HDName@@QEBA?AV0@D@Z     000000014003d58c f   libvcruntime:undname.obj
 0002:0000b5c0       ??HDName@@QEBA?AV0@PEAV0@@Z 000000014003d5c0 f   libvcruntime:undname.obj
 0002:0000b5f4       ??HDName@@QEBA?AV0@W4DNameStatus@@@Z 000000014003d5f4 f   libvcruntime:undname.obj
 0002:0000b628       ??HStringLiteral@@QEBA?AU0@H@Z 000000014003d628 f i libvcruntime:undname.obj
 0002:0000b644       ??YDName@@QEAAAEAV0@AEBUStringLiteral@@@Z 000000014003d644 f   libvcruntime:undname.obj
 0002:0000b6e4       ??YDName@@QEAAAEAV0@AEBV0@@Z 000000014003d6e4 f   libvcruntime:undname.obj
 0002:0000b7c4       ??YDName@@QEAAAEAV0@D@Z    000000014003d7c4 f   libvcruntime:undname.obj
 0002:0000b84c       ??YDName@@QEAAAEAV0@PEAV0@@Z 000000014003d84c f   libvcruntime:undname.obj
 0002:0000b904       ??YDName@@QEAAAEAV0@W4DNameStatus@@@Z 000000014003d904 f   libvcruntime:undname.obj
 0002:0000b98c       ??YReplicator@@QEAAAEAV0@AEBVDName@@@Z 000000014003d98c f   libvcruntime:undname.obj
 0002:0000b9fc       ??_5DName@@QEAAAEAV0@AEBV0@@Z 000000014003d9fc f   libvcruntime:undname.obj
 0002:0000ba18       ??__K_l@@YA?AUStringLiteral@@PEBD_K@Z 000000014003da18 f i libvcruntime:undname.obj
 0002:0000ba28       ?Constructor@_HeapManager@@QEAAXP6APEAX_K@ZP6AXPEAX@Z@Z 000000014003da28 f i libvcruntime:undname.obj
 0002:0000ba44       ?Destructor@_HeapManager@@QEAAXXZ 000000014003da44 f i libvcruntime:undname.obj
 0002:0000baac       ?UScore@UnDecorator@@SA?AUStringLiteral@@W4Tokens@@@Z 000000014003daac f   libvcruntime:undname.obj
 0002:0000bb0c       ?composeDeclaration@UnDecorator@@CA?AVDName@@AEBV2@@Z 000000014003db0c f i libvcruntime:undname.obj
 0002:0000c9c0       main                       000000014003e9c0 f   sandbox.obj
 0002:0000ccc8       _wassert                   000000014003ecc8 f   libucrt:assert.obj
 0002:0000cd5c       ?doAccessSpecifiers@UnDecorator@@SAHXZ 000000014003ed5c f i libvcruntime:undname.obj
 0002:0000cd70       ?doAllocationLanguage@UnDecorator@@SAHXZ 000000014003ed70 f i libvcruntime:undname.obj
 0002:0000cd84       ?doAllocationModel@UnDecorator@@SAHXZ 000000014003ed84 f i libvcruntime:undname.obj
 0002:0000cd98       ?doEcsu@UnDecorator@@SAHXZ 000000014003ed98 f i libvcruntime:undname.obj
 0002:0000cdac       ?doEllipsis@UnDecorator@@SAHXZ 000000014003edac f i libvcruntime:undname.obj
 0002:0000cdc0       ?doFunctionReturns@UnDecorator@@SAHXZ 000000014003edc0 f i libvcruntime:undname.obj
 0002:0000cdd4       ?doMSKeywords@UnDecorator@@SAHXZ 000000014003edd4 f i libvcruntime:undname.obj
 0002:0000cde8       ?doMemberTypes@UnDecorator@@SAHXZ 000000014003ede8 f i libvcruntime:undname.obj
 0002:0000cdfc       ?doNameOnly@UnDecorator@@SAHXZ 000000014003edfc f i libvcruntime:undname.obj
 0002:0000ce0c       ?doNoIdentCharCheck@UnDecorator@@SAHXZ 000000014003ee0c f i libvcruntime:undname.obj
 0002:0000ce1c       ?doPchar@DName@@AEAAXD@Z   000000014003ee1c f   libvcruntime:undname.obj
 0002:0000ce80       ?doPtr64@UnDecorator@@SAHXZ 000000014003ee80 f i libvcruntime:undname.obj
 0002:0000ce94       ?doRestrictionSpec@UnDecorator@@SAHXZ 000000014003ee94 f i libvcruntime:undname.obj
 0002:0000cea8       ?doThisTypes@UnDecorator@@SAHXZ 000000014003eea8 f i libvcruntime:undname.obj
 0002:0000cec0       ?doThrowTypes@UnDecorator@@SAHXZ 000000014003eec0 f i libvcruntime:undname.obj
 0002:0000ced4       ?doTypeOnly@UnDecorator@@SAHXZ 000000014003eed4 f i libvcruntime:undname.obj
 0002:0000cee4       ?doUnderScore@UnDecorator@@SAHXZ 000000014003eee4 f i libvcruntime:undname.obj
 0002:0000cef4       ?getArgumentList@UnDecorator@@CA?AVDName@@XZ 000000014003eef4 f   libvcruntime:undname.obj
 0002:0000d088       swprintf                   000000014003f088 f i libucrt:assert.obj
 0002:0000d0ec       ?getArgumentTypes@UnDecorator@@CA?AVDName@@XZ 000000014003f0ec f   libvcruntime:undname.obj
 0002:0000d2a0       ?getArrayObject@UnDecorator@@CA?AVDName@@XZ 000000014003f2a0 f   libvcruntime:undname.obj
 0002:0000d398       ?getArrayType@UnDecorator@@CA?AVDName@@AEBV2@@Z 000000014003f398 f i libvcruntime:undname.obj
 0002:0000d670       ?getBasedType@UnDecorator@@CA?AVDName@@XZ 000000014003f670 f   libvcruntime:undname.obj
 0002:0000d7a4       ?getBasicDataType@UnDecorator@@CA?AVDName@@AEBV2@@Z 000000014003f7a4 f   libvcruntime:undname.obj
 0002:0000dce8       strncat_s                  000000014003fce8 f   libucrt:strncat_s.obj
 0002:0000de38       ?getCHPEName@UnDecorator@@QEAAPEADPEADH@Z 000000014003fe38 f i libvcruntime:undname.obj
 0002:0000df9c       ?getCallIndex@UnDecorator@@CA?AVDName@@XZ 000000014003ff9c f i libvcruntime:undname.obj
 0002:0000dfbc       ?getCallingConvention@UnDecorator@@CA?AVDName@@XZ 000000014003ffbc f   libvcruntime:undname.obj
 0002:0000e14c       ?getDataIndirectType@UnDecorator@@CA?AVDName@@AEBV2@W4IndirectionKind@@0H@Z 000000014004014c f   libvcruntime:undname.obj
 0002:0000ec08       ?getDataIndirectType@UnDecorator@@CA?AVDName@@XZ 0000000140040c08 f i libvcruntime:undname.obj
 0002:0000ec50       ?getDataType@UnDecorator@@CA?AVDName@@PEAV2@@Z 0000000140040c50 f   libvcruntime:undname.obj
 0002:0000eda8       ?getDecoratedName@UnDecorator@@CA?AVDName@@XZ 0000000140040da8 f   libvcruntime:undname.obj
 0002:0000f148       ?getDimension@UnDecorator@@CA?AVDName@@_N@Z 0000000140041148 f   libvcruntime:undname.obj
 0002:0000f2e4       ?getDispatchTarget@UnDecorator@@CA?AVDName@@XZ 00000001400412e4 f   libvcruntime:undname.obj
 0002:0000f344       ?getDisplacement@UnDecorator@@CA?AVDName@@XZ 0000000140041344 f i libvcruntime:undname.obj
 0002:0000f364       ?getECSUDataType@UnDecorator@@CA?AVDName@@XZ 0000000140041364 f   libvcruntime:undname.obj
 0002:0000f5bc       ?getECSUName@UnDecorator@@CA?AVDName@@XZ 00000001400415bc f i libvcruntime:undname.obj
 0002:0000f5d8       ?getEnumType@UnDecorator@@CA?AVDName@@XZ 00000001400415d8 f i libvcruntime:undname.obj
 0002:0000f748       ?getExtendedDataIndirectType@UnDecorator@@CA?AVDName@@AEAW4IndirectionKind@@AEA_NH@Z 0000000140041748 f   libvcruntime:undname.obj
 0002:0000f9d0       ?getExternalDataType@UnDecorator@@CA?AVDName@@AEBV2@@Z 00000001400419d0 f i libvcruntime:undname.obj
 0002:0000fac0       ?getFloatingPoint@UnDecorator@@CA?AVDName@@H@Z 0000000140041ac0 f   libvcruntime:undname.obj
 0002:0000fc28       ?getFunctionIndirectType@UnDecorator@@CA?AVDName@@AEBV2@@Z 0000000140041c28 f   libvcruntime:undname.obj
 0002:000102ac       ?getGuardNumber@UnDecorator@@CA?AVDName@@XZ 00000001400422ac f i libvcruntime:undname.obj
 0002:000102cc       ?getLastChar@DName@@QEBADXZ 00000001400422cc f i libvcruntime:undname.obj
 0002:000102ec       ?getLastChar@DNameStatusNode@@UEBADXZ 00000001400422ec f i libvcruntime:undname.obj
 0002:000102fc       ?getLastChar@charNode@@UEBADXZ 00000001400422fc f i libvcruntime:undname.obj
 0002:00010300       ?getLastChar@pDNameNode@@UEBADXZ 0000000140042300 f i libvcruntime:undname.obj
 0002:00010334       ?getLastChar@pairNode@@UEBADXZ 0000000140042334 f i libvcruntime:undname.obj
 0002:00010378       ?getLastChar@pcharNode@@UEBADXZ 0000000140042378 f i libvcruntime:undname.obj
 0002:00010394       ?getLexicalFrame@UnDecorator@@CA?AVDName@@XZ 0000000140042394 f i libvcruntime:undname.obj
 0002:00010410       ?getMemoryWithBuffer@_HeapManager@@QEAAPEAX_K@Z 0000000140042410 f   libvcruntime:undname.obj
 0002:000104c4       ?getMemoryWithoutBuffer@_HeapManager@@QEAAPEAX_K@Z 00000001400424c4 f   libvcruntime:undname.obj
 0002:000104dc       ?getNoexcept@UnDecorator@@CA?AVDName@@XZ 00000001400424dc f   libvcruntime:undname.obj
 0002:00010558       ?getNumberOfDimensions@UnDecorator@@CAHXZ 0000000140042558 f   libvcruntime:undname.obj
 0002:000105e8       ?getOperatorName@UnDecorator@@CA?AVDName@@_NPEA_N@Z 00000001400425e8 f i libvcruntime:undname.obj
 0002:00011040       ?getPointerType@UnDecorator@@CA?AVDName@@AEBV2@0@Z 0000000140043040 f i libvcruntime:undname.obj
 0002:00011064       ?getPointerTypeArray@UnDecorator@@CA?AVDName@@AEBV2@0@Z 0000000140043064 f i libvcruntime:undname.obj
 0002:00011084       ?getPrimaryDataType@UnDecorator@@CA?AVDName@@AEBV2@@Z 0000000140043084 f   libvcruntime:undname.obj
 0002:000113e4       ?getPtrRefDataType@UnDecorator@@CA?AVDName@@AEBV2@H@Z 00000001400433e4 f   libvcruntime:undname.obj
 0002:00011624       ?getPtrRefType@UnDecorator@@CA?AVDName@@AEBV2@0W4IndirectionKind@@@Z 0000000140043624 f   libvcruntime:undname.obj
 0002:00011870       ?getReferenceType@UnDecorator@@CA?AVDName@@AEBV2@0W4IndirectionKind@@@Z 0000000140043870 f i libvcruntime:undname.obj
 0002:0001188c       ?getRestrictionSpec@UnDecorator@@CA?AVDName@@XZ 000000014004388c f   libvcruntime:undname.obj
 0002:00011acc       ?getReturnType@UnDecorator@@CA?AVDName@@PEAV2@@Z 0000000140043acc f   libvcruntime:undname.obj
 0002:00011b10       ?getScope@UnDecorator@@CA?AVDName@@XZ 0000000140043b10 f   libvcruntime:undname.obj
 0002:000120f0       ?getScopedName@UnDecorator@@CA?AVDName@@XZ 00000001400440f0 f   libvcruntime:undname.obj
 0002:00012278       ?getSignedDimension@UnDecorator@@CA?AVDName@@XZ 0000000140044278 f   libvcruntime:undname.obj
 0002:00012320       ?getStorageConvention@UnDecorator@@CA?AVDName@@XZ 0000000140044320 f i libvcruntime:undname.obj
 0002:00012368       ?getString@DName@@QEBAPEADPEAD0@Z 0000000140044368 f i libvcruntime:undname.obj
 0002:00012388       ?getString@DName@@QEBAPEADPEADH@Z 0000000140044388 f i libvcruntime:undname.obj
 0002:00012440       ?getString@DNameStatusNode@@UEBAPEADPEAD0@Z 0000000140044440 f i libvcruntime:undname.obj
 0002:00012498       ?getString@charNode@@UEBAPEADPEAD0@Z 0000000140044498 f i libvcruntime:undname.obj
 0002:000124b0       ?getString@pDNameNode@@UEBAPEADPEAD0@Z 00000001400444b0 f i libvcruntime:undname.obj
 0002:000124e8       ?getString@pairNode@@UEBAPEADPEAD0@Z 00000001400444e8 f i libvcruntime:undname.obj
 0002:00012548       ?getString@pcharNode@@UEBAPEADPEAD0@Z 0000000140044548 f i libvcruntime:undname.obj
 0002:0001258c       ?getStringEncoding@UnDecorator@@CA?AVDName@@W4PrefixKind@@H@Z 000000014004458c f   libvcruntime:undname.obj
 0002:000126a8       ?getStringHelper@@YAPEADPEADPEBD1H@Z 00000001400446a8 f i libvcruntime:undname.obj
 0002:000126e0       ?getStringObject@UnDecorator@@CA?AVDName@@XZ 00000001400446e0 f   libvcruntime:undname.obj
 0002:00012764       ?getSymbolName@UnDecorator@@CA?AVDName@@XZ 0000000140044764 f i libvcruntime:undname.obj
 0002:000127c4       ?getTemplateArgumentList@UnDecorator@@CA?AVDName@@XZ 00000001400447c4 f   libvcruntime:undname.obj
 0002:00012ad4       ?getTemplateName@UnDecorator@@CA?AVDName@@_N@Z 0000000140044ad4 f   libvcruntime:undname.obj
 0002:00012e0c       ?getTemplateNonTypeArgument@UnDecorator@@CA?AVDName@@XZ 0000000140044e0c f   libvcruntime:undname.obj
 0002:000133a4       ?getTemplateTypeArgument@UnDecorator@@CA?AVDName@@XZ 00000001400453a4 f   libvcruntime:undname.obj
 0002:00013564       ?getThisType@UnDecorator@@CA?AVDName@@XZ 0000000140045564 f i libvcruntime:undname.obj
 0002:000135b4       ?getThrowTypes@UnDecorator@@CA?AVDName@@XZ 00000001400455b4 f   libvcruntime:undname.obj
 0002:000135e0       ?getTypeEncoding@UnDecorator@@CAHXZ 00000001400455e0 f i libvcruntime:undname.obj
 0002:00013a34       ?getUndecoratedName@UnDecorator@@QEAAPEADPEADH@Z 0000000140045a34 f i libvcruntime:undname.obj
 0002:00013bdc       ?getVCallThunkType@UnDecorator@@CA?AVDName@@XZ 0000000140045bdc f i libvcruntime:undname.obj
 0002:00013c70       ?getValue@UnDecorator@@CA?AV?$optional@_K@std@@XZ 0000000140045c70 f   libvcruntime:undname.obj
 0002:00013d00       ?getValueObject@UnDecorator@@CA?AVDName@@XZ 0000000140045d00 f   libvcruntime:undname.obj
 0002:00013ea4       ?getVbTableType@UnDecorator@@CA?AVDName@@AEBV2@@Z 0000000140045ea4 f i libvcruntime:undname.obj
 0002:00013ec0       ?getVdispMapType@UnDecorator@@CA?AVDName@@AEBV2@@Z 0000000140045ec0 f i libvcruntime:undname.obj
 0002:00013f5c       ?getVfTableType@UnDecorator@@CA?AVDName@@AEBV2@@Z 0000000140045f5c f i libvcruntime:undname.obj
 0002:000141e4       ?getZName@UnDecorator@@CA?AVDName@@_N0@Z 00000001400461e4 f   libvcruntime:undname.obj
 0002:00014584       ?haveTemplateParameters@UnDecorator@@SAHXZ 0000000140046584 f i libvcruntime:undname.obj
 0002:00014594       ?isArray@DName@@QEBAHXZ    0000000140046594 f i libvcruntime:undname.obj
 0002:000145a0       ?isComArray@DName@@QEBAHXZ 00000001400465a0 f i libvcruntime:undname.obj
 0002:000145ac       ?isEmpty@DName@@QEBAHXZ    00000001400465ac f i libvcruntime:undname.obj
 0002:000145b8       ?isFull@Replicator@@QEBAHXZ 00000001400465b8 f i libvcruntime:undname.obj
 0002:000145c4       ?isNoTE@DName@@QEBAHXZ     00000001400465c4 f i libvcruntime:undname.obj
 0002:000145d0       ?isPinPtr@DName@@QEBAHXZ   00000001400465d0 f i libvcruntime:undname.obj
 0002:000145dc       ?isPtrRef@DName@@QEBAHXZ   00000001400465dc f i libvcruntime:undname.obj
 0002:000145e8       ?isUDC@DName@@QEBAHXZ      00000001400465e8 f i libvcruntime:undname.obj
 0002:00014604       ?isUDTThunk@DName@@QEBAHXZ 0000000140046604 f i libvcruntime:undname.obj
 0002:00014620       ?isVCallThunk@DName@@QEBAHXZ 0000000140046620 f i libvcruntime:undname.obj
 0002:0001462c       ?isValid@DName@@QEBAHXZ    000000014004662c f i libvcruntime:undname.obj
 0002:00014638       ?length@DName@@QEBAHXZ     0000000140046638 f i libvcruntime:undname.obj
 0002:00014658       ?length@DNameStatusNode@@UEBAHXZ 0000000140046658 f i libvcruntime:undname.obj
 0002:0001465c       ?length@charNode@@UEBAHXZ  000000014004665c f i libvcruntime:undname.obj
 0002:00014664       ?length@pDNameNode@@UEBAHXZ 0000000140046664 f i libvcruntime:undname.obj
 0002:00014698       ?length@pairNode@@UEBAHXZ  0000000140046698 f i libvcruntime:undname.obj
 0002:000146f0       ?length@pcharNode@@UEBAHXZ 00000001400466f0 f i libvcruntime:undname.obj
 0002:000146f4       ?make@DNameStatusNode@@SAPEBV1@W4DNameStatus@@@Z 00000001400466f4 f i libvcruntime:undname.obj
 0002:0001471c       ?parseDecoratedName@UnDecorator@@CA?AVDName@@XZ 000000014004671c f   libvcruntime:undname.obj
 0002:00014874       ?raw_length@DNameStatusNode@@UEBAHXZ 0000000140046874 f i libvcruntime:undname.obj
 0002:00014878       ?raw_length@charNode@@UEBAHXZ 0000000140046878 f i libvcruntime:undname.obj
 0002:00014880       ?raw_length@pDNameNode@@UEBAHXZ 0000000140046880 f i libvcruntime:undname.obj
 0002:00014884       ?raw_length@pairNode@@UEBAHXZ 0000000140046884 f i libvcruntime:undname.obj
 0002:00014888       ?raw_length@pcharNode@@UEBAHXZ 0000000140046888 f i libvcruntime:undname.obj
 0002:0001488c       ?setIsArray@DName@@QEAAXXZ 000000014004688c f i libvcruntime:undname.obj
 0002:00014894       ?setIsComArray@DName@@QEAAXXZ 0000000140046894 f i libvcruntime:undname.obj
 0002:0001489c       ?setIsNoTE@DName@@QEAAXXZ  000000014004689c f i libvcruntime:undname.obj
 0002:000148a4       ?setIsPinPtr@DName@@QEAAXXZ 00000001400468a4 f i libvcruntime:undname.obj
 0002:000148ac       ?setIsUDC@DName@@QEAAXXZ   00000001400468ac f i libvcruntime:undname.obj
 0002:000148bc       ?setIsVCallThunk@DName@@QEAAXXZ 00000001400468bc f i libvcruntime:undname.obj
 0002:000148c4       ?setPtrRef@DName@@QEAAAEAV1@XZ 00000001400468c4 f i libvcruntime:undname.obj
 0002:000148d0       ?status@DName@@QEBA?AW4DNameStatus@@XZ 00000001400468d0 f i libvcruntime:undname.obj
 0002:00014948       __unDName                  0000000140046948 f   libvcruntime:undname.obj
 0002:00014978       __unDNameEx                0000000140046978 f   libvcruntime:undname.obj
 0002:00014af8       unDNameGenerateCHPE        0000000140046af8 f   libvcruntime:undname.obj
 0002:00014c40       ??$__crt_interlocked_exchange_pointer@UHINSTANCE__@@PEAU1@@@YAPEAUHINSTANCE__@@PEDSEAU0@QEAU0@@Z 0000000140046c40 f i libvcruntime:winapi_downlevel.obj
 0002:00014c48       ??$__crt_interlocked_exchange_pointer@UHINSTANCE__@@PEAX@@YAPEAUHINSTANCE__@@PEDSEAU0@QEAX@Z 0000000140046c48 f i libvcruntime:winapi_downlevel.obj
 0002:00014c50       ??$__crt_interlocked_exchange_pointer@XPEAX@@YAPEAXPEDSEAXQEAX@Z 0000000140046c50 f i libvcruntime:winapi_downlevel.obj
 0002:00014c58       ??$__crt_interlocked_read_pointer@UHINSTANCE__@@@@YAPEAUHINSTANCE__@@PEDSEAU0@@Z 0000000140046c58 f i libvcruntime:winapi_downlevel.obj
 0002:00014c5c       ??$__crt_interlocked_read_pointer@X@@YAPEAXPEDSEAX@Z 0000000140046c5c f i libvcruntime:winapi_downlevel.obj
 0002:000152dc       __vcrt_FlsAlloc            00000001400472dc f   libvcruntime:winapi_downlevel.obj
 0002:00015334       __vcrt_FlsFree             0000000140047334 f   libvcruntime:winapi_downlevel.obj
 0002:0001538c       __vcrt_FlsGetValue         000000014004738c f   libvcruntime:winapi_downlevel.obj
 0002:000153e4       __vcrt_FlsSetValue         00000001400473e4 f   libvcruntime:winapi_downlevel.obj
 0002:0001544c       __vcrt_InitializeCriticalSectionEx 000000014004744c f   libvcruntime:winapi_downlevel.obj
 0002:000154c8       ??$__crt_interlocked_exchange_pointer@$$A6AXXZP6AXXZ@@YAP6AXXZPEDS6AXXZQ6AXXZ@Z 00000001400474c8 f i libvcruntime:purevirt.obj
 0002:000154d0       ??$__crt_interlocked_read_pointer@$$A6AXXZ@@YAP6AXXZPEDS6AXXZ@Z 00000001400474d0 f i libvcruntime:purevirt.obj
 0002:000154d4       _get_purecall_handler      00000001400474d4 f   libvcruntime:purevirt.obj
 0002:000154e0       _purecall                  00000001400474e0 f   libvcruntime:purevirt.obj
 0002:00015500       _set_purecall_handler      0000000140047500 f   libvcruntime:purevirt.obj
 0002:00015510       ??$?0AEAViterator@TryBlockMap4@FH4@@AEAV012@$0A@@?$pair@Viterator@TryBlockMap4@FH4@@V123@@std@@QEAA@AEAViterator@TryBlockMap4@FH4@@0@Z 0000000140047510 f i libvcruntime:risctrnsctrl.obj
 0002:0001552c       ??$?0AEAViterator@TryBlockMap@__FrameHandler3@@AEAV012@$0A@@?$pair@Viterator@TryBlockMap@__FrameHandler3@@V123@@std@@QEAA@AEAViterator@TryBlockMap@__FrameHandler3@@0@Z 000000014004752c f i libvcruntime:risctrnsctrl.obj
 0002:000156d4       ??$_CallSETranslator@V__FrameHandler3@@@@YAHPEAUEHExceptionRecord@@PEA_KPEAU_CONTEXT@@PEAU_xDISPATCHER_CONTEXT@@PEBU_s_FuncInfo@@K1H@Z 00000001400476d4 f i libvcruntime:risctrnsctrl.obj
 0002:0001573c       ??$_CallSETranslator@V__FrameHandler4@@@@YAHPEAUEHExceptionRecord@@PEA_KPEAU_CONTEXT@@PEAU_xDISPATCHER_CONTEXT@@PEAUFuncInfo4@FH4@@K1H@Z 000000014004773c f i libvcruntime:risctrnsctrl.obj
 0002:000157a4       ??$forward@AEAViterator@TryBlockMap4@FH4@@@std@@YAAEAViterator@TryBlockMap4@FH4@@AEAV123@@Z 00000001400477a4 f i libvcruntime:risctrnsctrl.obj
 0002:000157a8       ??$forward@AEAViterator@TryBlockMap@__FrameHandler3@@@std@@YAAEAViterator@TryBlockMap@__FrameHandler3@@AEAV123@@Z 00000001400477a8 f i libvcruntime:risctrnsctrl.obj
 0002:000157ac       ??0FuncInfo4@FH4@@QEAA@XZ  00000001400477ac f i libvcruntime:risctrnsctrl.obj
 0002:000157c4       ??0FuncInfoHeader@FH4@@QEAA@XZ 00000001400477c4 f i libvcruntime:risctrnsctrl.obj
 0002:000157cc       ??0iterator@TryBlockMap4@FH4@@QEAA@AEAV12@I@Z 00000001400477cc f i libvcruntime:risctrnsctrl.obj
 0002:000157dc       ??0iterator@TryBlockMap@__FrameHandler3@@QEAA@AEAV12@I@Z 00000001400477dc f i libvcruntime:risctrnsctrl.obj
 0002:000157ec       ??4iterator@TryBlockMap4@FH4@@QEAAAEAV012@AEBV012@@Z 00000001400477ec f i libvcruntime:risctrnsctrl.obj
 0002:000157f8       ??9iterator@TryBlockMap4@FH4@@QEBA_NAEBV012@@Z 00000001400477f8 f i libvcruntime:risctrnsctrl.obj
 0002:00015804       ??Diterator@TryBlockMap4@FH4@@QEAA?AUTryBlockMapEntry4@2@XZ 0000000140047804 f i libvcruntime:risctrnsctrl.obj
 0002:00015818       ??Eiterator@TryBlockMap4@FH4@@QEAAAEAV012@XZ 0000000140047818 f i libvcruntime:risctrnsctrl.obj
 0002:000158dc       ?CatchTryBlock@__FrameHandler3@@SAPEBU_s_TryBlockMapEntry@@PEBU_s_FuncInfo@@H@Z 00000001400478dc f   libvcruntime:risctrnsctrl.obj
 0002:00015944       ?DecompFuncInfo@FH4@@YA_JPEAEAEAUFuncInfo4@1@_KH@Z 0000000140047944 f i libvcruntime:risctrnsctrl.obj
 0002:0001595c       ?DecompFuncInfo@FH4@@YA_JPEAEAEAUFuncInfo4@1@_KH_N@Z 000000014004795c f i libvcruntime:risctrnsctrl.obj
 0002:00015ac8       ?DecompTryBlock@TryBlockMap4@FH4@@AEAAXXZ 0000000140047ac8 f i libvcruntime:risctrnsctrl.obj
 0002:00015b80       ?ExecutionInCatch@__FrameHandler3@@SA_NPEAU_xDISPATCHER_CONTEXT@@PEBU_s_FuncInfo@@@Z 0000000140047b80 f   libvcruntime:risctrnsctrl.obj
 0002:00015bb4       ?ExecutionInCatch@__FrameHandler4@@SA_NPEAU_xDISPATCHER_CONTEXT@@PEAUFuncInfo4@FH4@@@Z 0000000140047bb4 f   libvcruntime:risctrnsctrl.obj
 0002:00015bbc       ?FrameUnwindToEmptyState@__FrameHandler3@@SAXPEA_KPEAU_xDISPATCHER_CONTEXT@@PEBU_s_FuncInfo@@@Z 0000000140047bbc f   libvcruntime:risctrnsctrl.obj
 0002:00015c3c       ?FrameUnwindToEmptyState@__FrameHandler4@@SAXPEA_KPEAU_xDISPATCHER_CONTEXT@@PEAUFuncInfo4@FH4@@@Z 0000000140047c3c f   libvcruntime:risctrnsctrl.obj
 0002:00015c7c       ?GetEstablisherFrame@__FrameHandler3@@SAPEA_KPEA_KPEAU_xDISPATCHER_CONTEXT@@PEBU_s_FuncInfo@@0@Z 0000000140047c7c f   libvcruntime:risctrnsctrl.obj
 0002:00015d78       ?GetEstablisherFrame@__FrameHandler4@@SAPEA_KPEA_KPEAU_xDISPATCHER_CONTEXT@@PEAUFuncInfo4@FH4@@0@Z 0000000140047d78 f   libvcruntime:risctrnsctrl.obj
 0002:00015da4       ?GetRangeOfTrysToCheck@__FrameHandler3@@SA?AU?$pair@Viterator@TryBlockMap@__FrameHandler3@@V123@@std@@AEAVTryBlockMap@1@HPEAU_xDISPATCHER_CONTEXT@@PEBU_s_FuncInfo@@H@Z 0000000140047da4 f   libvcruntime:risctrnsctrl.obj
 0002:00015f34       ?GetRangeOfTrysToCheck@__FrameHandler4@@SA?AU?$pair@Viterator@TryBlockMap4@FH4@@V123@@std@@AEAVTryBlockMap4@FH4@@HPEAU_xDISPATCHER_CONTEXT@@PEAUFuncInfo4@5@H@Z 0000000140047f34 f   libvcruntime:risctrnsctrl.obj
 0002:000160f4       ?ReadInt@FH4@@YAHPEAPEAE@Z 00000001400480f4 f i libvcruntime:risctrnsctrl.obj
 0002:00016104       ?ReadUnsigned@FH4@@YAIPEAPEAE@Z 0000000140048104 f i libvcruntime:risctrnsctrl.obj
 0002:00016140       ?UnwindNestedFrames@__FrameHandler3@@SAXPEA_KPEAUEHExceptionRecord@@PEAU_CONTEXT@@0PEAXPEBU_s_FuncInfo@@HHPEBU_s_HandlerType@@PEAU_xDISPATCHER_CONTEXT@@E@Z 0000000140048140 f   libvcruntime:risctrnsctrl.obj
 0002:00016284       ?UnwindNestedFrames@__FrameHandler4@@SAXPEA_KPEAUEHExceptionRecord@@PEAU_CONTEXT@@0PEAXPEAUFuncInfo4@FH4@@HHPEAUHandlerType4@5@PEAU_xDISPATCHER_CONTEXT@@E@Z 0000000140048284 f   libvcruntime:risctrnsctrl.obj
 0002:000163ec       ?begin@TryBlockMap4@FH4@@QEAA?AViterator@12@XZ 00000001400483ec f i libvcruntime:risctrnsctrl.obj
 0002:000163fc       ?end@TryBlockMap4@FH4@@QEAA?AViterator@12@XZ 00000001400483fc f i libvcruntime:risctrnsctrl.obj
 0002:0001640c       ?imageRelToByteBuffer@FH4@@YAPEAE_KH@Z 000000014004840c f i libvcruntime:risctrnsctrl.obj
 0002:00016414       ?incrementToSentinel@iterator@TryBlockMap4@FH4@@QEAAXXZ 0000000140048414 f i libvcruntime:risctrnsctrl.obj
 0002:00016418       ?setBuffer@TryBlockMap4@FH4@@QEAAXViterator@12@@Z 0000000140048418 f i libvcruntime:risctrnsctrl.obj
 0002:00016648       _CreateFrameInfo           0000000140048648 f   libvcruntime:risctrnsctrl.obj
 0002:00016690       _FindAndUnlinkFrame        0000000140048690 f   libvcruntime:risctrnsctrl.obj
 0002:000166f8       _GetImageBase              00000001400486f8 f   libvcruntime:risctrnsctrl.obj
 0002:00016710       _GetThrowImageBase         0000000140048710 f   libvcruntime:risctrnsctrl.obj
 0002:00016728       _SetImageBase              0000000140048728 f   libvcruntime:risctrnsctrl.obj
 0002:00016748       _SetThrowImageBase         0000000140048748 f   libvcruntime:risctrnsctrl.obj
 0002:00016768       __CxxFrameHandler          0000000140048768 f   libvcruntime:risctrnsctrl.obj
 0002:00016770       __CxxFrameHandler2         0000000140048770 f   libvcruntime:risctrnsctrl.obj
 0002:00016778       __CxxFrameHandler3         0000000140048778 f   libvcruntime:risctrnsctrl.obj
 0002:00016820       __CxxFrameHandler4         0000000140048820 f   libvcruntime:risctrnsctrl.obj
 0002:00016920       memcpy_repmovs             0000000140048920 f   libvcruntime:memcpy.obj
 0002:00016940       memcpy                     0000000140048940 f   libvcruntime:memcpy.obj
 0002:00016940       memmove                    0000000140048940 f   libvcruntime:memcpy.obj
 0002:00016e18       ?GetCurrentState@__FrameHandler3@@SAHPEA_KPEAU_xDISPATCHER_CONTEXT@@PEBU_s_FuncInfo@@@Z 0000000140048e18 f   libvcruntime:ehstate.obj
 0002:00016e48       ?GetUnwindTryBlock@__FrameHandler3@@SAHPEA_KPEAU_xDISPATCHER_CONTEXT@@PEBU_s_FuncInfo@@@Z 0000000140048e48 f   libvcruntime:ehstate.obj
 0002:00016e7c       ?SetState@__FrameHandler3@@SAXPEA_KPEBU_s_FuncInfo@@H@Z 0000000140048e7c f   libvcruntime:ehstate.obj
 0002:00016e8c       ?SetUnwindTryBlock@__FrameHandler3@@SAXPEA_KPEAU_xDISPATCHER_CONTEXT@@PEBU_s_FuncInfo@@H@Z 0000000140048e8c f   libvcruntime:ehstate.obj
 0002:00016ed8       ?StateFromControlPc@__FrameHandler3@@SAHPEBU_s_FuncInfo@@PEAU_xDISPATCHER_CONTEXT@@@Z 0000000140048ed8 f   libvcruntime:ehstate.obj
 0002:00016ee4       ?StateFromControlPc@__FrameHandler4@@SAHPEAUFuncInfo4@FH4@@PEAU_xDISPATCHER_CONTEXT@@@Z 0000000140048ee4 f   libvcruntime:ehstate.obj
 0002:00016ef0       ?StateFromIp@__FrameHandler3@@SAHPEBU_s_FuncInfo@@PEAU_xDISPATCHER_CONTEXT@@_K@Z 0000000140048ef0 f   libvcruntime:ehstate.obj
 0002:00016f70       ?StateFromIp@__FrameHandler4@@SAHPEAUFuncInfo4@FH4@@PEAU_xDISPATCHER_CONTEXT@@_K@Z 0000000140048f70 f   libvcruntime:ehstate.obj
 0002:00017090       ?__FuncRelToRealOffset@@YA_KPEAU_xDISPATCHER_CONTEXT@@I@Z 0000000140049090 f i libvcruntime:ehstate.obj
 0002:000170a4       ?__RVAtoRealOffset@@YA_KPEAU_xDISPATCHER_CONTEXT@@H@Z 00000001400490a4 f i libvcruntime:ehstate.obj
 0002:00018c74       ??$TypeMatchHelper@V__FrameHandler3@@@@YAHPEBU_s_HandlerType@@PEBU_s_CatchableType@@PEBU_s_ThrowInfo@@@Z 000000014004ac74 f i libvcruntime:frame.obj
 0002:00018e00       ??$TypeMatchHelper@V__FrameHandler4@@@@YAHPEAUHandlerType4@FH4@@PEBU_s_CatchableType@@PEBU_s_ThrowInfo@@@Z 000000014004ae00 f i libvcruntime:frame.obj
 0002:00018f94       ??$__InternalCxxFrameHandler@V__FrameHandler3@@@@YA?AW4_EXCEPTION_DISPOSITION@@PEAUEHExceptionRecord@@PEA_KPEAU_CONTEXT@@PEAU_xDISPATCHER_CONTEXT@@PEBU_s_FuncInfo@@H1E@Z 000000014004af94 f i libvcruntime:frame.obj
 0002:00019258       ??$__InternalCxxFrameHandler@V__FrameHandler4@@@@YA?AW4_EXCEPTION_DISPOSITION@@PEAUEHExceptionRecord@@PEA_KPEAU_CONTEXT@@PEAU_xDISPATCHER_CONTEXT@@PEAUFuncInfo4@FH4@@H1E@Z 000000014004b258 f i libvcruntime:frame.obj
 0002:00019594       ??0HandlerMap4@FH4@@QEAA@PEBUTryBlockMapEntry4@1@_KH@Z 000000014004b594 f i libvcruntime:frame.obj
 0002:0001962c       ??0HandlerMap@__FrameHandler3@@QEAA@PEBU_s_TryBlockMapEntry@@_KI@Z 000000014004b62c f i libvcruntime:frame.obj
 0002:00019648       ??0HandlerType4@FH4@@QEAA@XZ 000000014004b648 f i libvcruntime:frame.obj
 0002:00019664       ??0TryBlockMap4@FH4@@QEAA@PEBUFuncInfo4@1@_K@Z 000000014004b664 f i libvcruntime:frame.obj
 0002:00019770       ??0TryBlockMap@__FrameHandler3@@QEAA@PEBU_s_FuncInfo@@_K@Z 000000014004b770 f i libvcruntime:frame.obj
 0002:00019780       ??0UWMap4@FH4@@QEAA@PEBUFuncInfo4@1@_K@Z 000000014004b780 f i libvcruntime:frame.obj
 0002:000197d4       ??0bad_exception@std@@QEAA@AEBV01@@Z 000000014004b7d4 f i libvcruntime:frame.obj
 0002:00019820       ??0bad_exception@std@@QEAA@XZ 000000014004b820 f i libvcruntime:frame.obj
 0002:00019848       ??0exception@std@@QEAA@AEBV01@@Z 000000014004b848 f i libvcruntime:frame.obj
 0002:00019888       ??0exception@std@@QEAA@QEBDH@Z 000000014004b888 f i libvcruntime:frame.obj
 0002:000198a4       ??0iterator@HandlerMap4@FH4@@QEAA@AEAV12@I@Z 000000014004b8a4 f i libvcruntime:frame.obj
 0002:000198b4       ??0iterator@HandlerMap@__FrameHandler3@@QEAA@AEAV12@I@Z 000000014004b8b4 f i libvcruntime:frame.obj
 0002:000198c4       ??0iterator@UWMap4@FH4@@QEAA@AEAV12@PEAE@Z 000000014004b8c4 f i libvcruntime:frame.obj
 0002:000198d4       ??1bad_exception@std@@UEAA@XZ 000000014004b8d4 f i libvcruntime:frame.obj
 0002:000198ec       ??1exception@std@@UEAA@XZ  000000014004b8ec f i libvcruntime:frame.obj
 0002:00019904       ??4iterator@UWMap4@FH4@@QEAAAEAV012@AEBV012@@Z 000000014004b904 f i libvcruntime:frame.obj
 0002:0001992c       ??8iterator@HandlerMap4@FH4@@QEBA_NAEBV012@@Z 000000014004b92c f i libvcruntime:frame.obj
 0002:00019938       ??8iterator@HandlerMap@__FrameHandler3@@QEBA_NAEBV012@@Z 000000014004b938 f i libvcruntime:frame.obj
 0002:00019944       ??8type_info@@QEBA_NAEBV0@@Z 000000014004b944 f i libvcruntime:frame.obj
 0002:00019968       ??9iterator@HandlerMap4@FH4@@QEBA_NAEBV012@@Z 000000014004b968 f i libvcruntime:frame.obj
 0002:00019974       ??9iterator@HandlerMap@__FrameHandler3@@QEBA_NAEBV012@@Z 000000014004b974 f i libvcruntime:frame.obj
 0002:00019980       ??Diterator@HandlerMap4@FH4@@QEAA?AUHandlerType4@2@XZ 000000014004b980 f i libvcruntime:frame.obj
 0002:000199a8       ??Diterator@HandlerMap@__FrameHandler3@@QEAA?BU_s_HandlerType@@XZ 000000014004b9a8 f i libvcruntime:frame.obj
 0002:000199d4       ??Diterator@TryBlockMap@__FrameHandler3@@QEAA?BU_s_TryBlockMapEntry@@XZ 000000014004b9d4 f i libvcruntime:frame.obj
 0002:00019a0c       ??Diterator@UWMap4@FH4@@QEAA?AUUnwindMapEntry4@2@XZ 000000014004ba0c f i libvcruntime:frame.obj
 0002:00019a74       ??Eiterator@HandlerMap4@FH4@@QEAAAEAV012@XZ 000000014004ba74 f i libvcruntime:frame.obj
 0002:00019a98       ??Eiterator@HandlerMap@__FrameHandler3@@QEAAAEAV012@XZ 000000014004ba98 f i libvcruntime:frame.obj
 0002:00019aa0       ??Eiterator@TryBlockMap@__FrameHandler3@@QEAAAEAV012@XZ 000000014004baa0 f i libvcruntime:frame.obj
 0002:00019aa8       ??Eiterator@UWMap4@FH4@@QEAAAEAV012@XZ 000000014004baa8 f i libvcruntime:frame.obj
 0002:00019ad0       ??Giterator@UWMap4@FH4@@QEBA_JAEBV012@@Z 000000014004bad0 f i libvcruntime:frame.obj
 0002:00019adc       ??Miterator@TryBlockMap4@FH4@@QEBA_NAEBV012@@Z 000000014004badc f i libvcruntime:frame.obj
 0002:00019ae8       ??Miterator@TryBlockMap@__FrameHandler3@@QEBA_NAEBV012@@Z 000000014004bae8 f i libvcruntime:frame.obj
 0002:00019af4       ??Oiterator@UWMap4@FH4@@QEBA_NAEBV012@@Z 000000014004baf4 f i libvcruntime:frame.obj
 0002:00019b04       ??Piterator@UWMap4@FH4@@QEBA_NAEBV012@@Z 000000014004bb04 f i libvcruntime:frame.obj
 0002:00019b14       ??_Gbad_exception@std@@UEAAPEAXI@Z 000000014004bb14 f i libvcruntime:frame.obj
 0002:00019b14       ??_Ebad_exception@std@@UEAAPEAXI@Z 000000014004bb14 f i libvcruntime:frame.obj
 0002:00019b68       ??_Eexception@std@@UEAAPEAXI@Z 000000014004bb68 f i libvcruntime:frame.obj
 0002:00019b68       ??_Gexception@std@@UEAAPEAXI@Z 000000014004bb68 f i libvcruntime:frame.obj
 0002:00019bbc       ?BuildCatchObject@__FrameHandler3@@SAXPEAUEHExceptionRecord@@PEAXPEBU_s_HandlerType@@PEBU_s_CatchableType@@@Z 000000014004bbbc f   libvcruntime:frame.obj
 0002:00019bc4       ?BuildCatchObject@__FrameHandler4@@SAXPEAUEHExceptionRecord@@PEAXPEAUHandlerType4@FH4@@PEBU_s_CatchableType@@@Z 000000014004bbc4 f   libvcruntime:frame.obj
 0002:00019bcc       ?BuildCatchObjectHelper@__FrameHandler3@@SAHPEAUEHExceptionRecord@@PEAXPEBU_s_HandlerType@@PEBU_s_CatchableType@@@Z 000000014004bbcc f   libvcruntime:frame.obj
 0002:00019bd4       ?BuildCatchObjectHelper@__FrameHandler4@@SAHPEAUEHExceptionRecord@@PEAXPEAUHandlerType4@FH4@@PEBU_s_CatchableType@@@Z 000000014004bbd4 f   libvcruntime:frame.obj
 0002:00019bdc       ?CxxCallCatchBlock@__FrameHandler3@@SAPEAXPEAU_EXCEPTION_RECORD@@@Z 000000014004bbdc f   libvcruntime:frame.obj
 0002:00019e40       ?CxxCallCatchBlock@__FrameHandler4@@SAPEAXPEAU_EXCEPTION_RECORD@@@Z 000000014004be40 f   libvcruntime:frame.obj
 0002:0001a124       ?DecompHandler@HandlerMap4@FH4@@AEAAXXZ 000000014004c124 f i libvcruntime:frame.obj
 0002:0001a3f4       ?FrameUnwindToState@__FrameHandler3@@SAXPEA_KPEAU_xDISPATCHER_CONTEXT@@PEBU_s_FuncInfo@@H@Z 000000014004c3f4 f   libvcruntime:frame.obj
 0002:0001a5e0       ?FrameUnwindToState@__FrameHandler4@@SAXPEA_KPEAU_xDISPATCHER_CONTEXT@@PEAUFuncInfo4@FH4@@H@Z 000000014004c5e0 f   libvcruntime:frame.obj
 0002:0001a980       ?GetHandlerSearchState@__FrameHandler3@@SAHPEA_KPEAU_xDISPATCHER_CONTEXT@@PEBU_s_FuncInfo@@@Z 000000014004c980 f i libvcruntime:frame.obj
 0002:0001aa3c       ?GetHandlerSearchState@__FrameHandler4@@SAHPEA_KPEAU_xDISPATCHER_CONTEXT@@PEAUFuncInfo4@FH4@@@Z 000000014004ca3c f i libvcruntime:frame.obj
 0002:0001aab8       ?GetMaxState@__FrameHandler3@@SAHPEAU_xDISPATCHER_CONTEXT@@PEBU_s_FuncInfo@@@Z 000000014004cab8 f i libvcruntime:frame.obj
 0002:0001aabc       ?GetMaxState@__FrameHandler4@@SAHPEAU_xDISPATCHER_CONTEXT@@PEAUFuncInfo4@FH4@@@Z 000000014004cabc f i libvcruntime:frame.obj
 0002:0001acd8       ?ReadEntry@UWMap4@FH4@@AEAAXPEAPEAE@Z 000000014004ccd8 f i libvcruntime:frame.obj
 0002:0001ada0       ?TypeMatch@__FrameHandler3@@SAHPEBU_s_HandlerType@@PEBU_s_CatchableType@@PEBU_s_ThrowInfo@@@Z 000000014004cda0 f   libvcruntime:frame.obj
 0002:0001ada8       ?TypeMatch@__FrameHandler4@@SAHPEAUHandlerType4@FH4@@PEBU_s_CatchableType@@PEBU_s_ThrowInfo@@@Z 000000014004cda8 f   libvcruntime:frame.obj
 0002:0001adb0       ?WalkBack@UWMap4@FH4@@AEAAXPEAPEAE@Z 000000014004cdb0 f i libvcruntime:frame.obj
 0002:0001adf4       ?WalkBack@iterator@UWMap4@FH4@@QEAAXXZ 000000014004cdf4 f i libvcruntime:frame.obj
 0002:0001ae40       ?WalkForward@UWMap4@FH4@@AEAAXPEAPEAE@Z 000000014004ce40 f i libvcruntime:frame.obj
 0002:0001ae48       ?_CallMemberFunction1@@YAXQEAX00@Z 000000014004ce48 f i libvcruntime:frame.obj
 0002:0001ae54       ?_CallMemberFunction2@@YAXQEAX00H@Z 000000014004ce54 f i libvcruntime:frame.obj
 0002:0001ae84       ?begin@HandlerMap4@FH4@@QEAA?AViterator@12@XZ 000000014004ce84 f i libvcruntime:frame.obj
 0002:0001ae94       ?begin@HandlerMap@__FrameHandler3@@QEAA?AViterator@12@XZ 000000014004ce94 f i libvcruntime:frame.obj
 0002:0001aea4       ?begin@UWMap4@FH4@@QEAA?AViterator@12@XZ 000000014004cea4 f i libvcruntime:frame.obj
 0002:0001aeb8       ?end@HandlerMap4@FH4@@QEAA?AViterator@12@XZ 000000014004ceb8 f i libvcruntime:frame.obj
 0002:0001aec8       ?end@HandlerMap@__FrameHandler3@@QEAA?AViterator@12@XZ 000000014004cec8 f i libvcruntime:frame.obj
 0002:0001aed8       ?getESTypes@__FrameHandler3@@SAPEBU_s_ESTypeList@@PEBU_s_FuncInfo@@@Z 000000014004ced8 f i libvcruntime:frame.obj
 0002:0001af0c       ?getESTypes@__FrameHandler4@@SAPEBU_s_ESTypeList@@PEAUFuncInfo4@FH4@@@Z 000000014004cf0c f i libvcruntime:frame.obj
 0002:0001af10       ?getLastEntry@HandlerMap4@FH4@@QEAAPEAUHandlerType4@2@XZ 000000014004cf10 f i libvcruntime:frame.obj
 0002:0001af74       ?getLastEntry@HandlerMap@__FrameHandler3@@QEAAPEBU_s_HandlerType@@XZ 000000014004cf74 f i libvcruntime:frame.obj
 0002:0001af8c       ?getMagicNum@__FrameHandler3@@SAIPEBU_s_FuncInfo@@@Z 000000014004cf8c f i libvcruntime:frame.obj
 0002:0001af98       ?getMagicNum@__FrameHandler4@@SAIPEAUFuncInfo4@FH4@@@Z 000000014004cf98 f i libvcruntime:frame.obj
 0002:0001afa0       ?getNumTryBlocks@TryBlockMap4@FH4@@QEAAIXZ 000000014004cfa0 f i libvcruntime:frame.obj
 0002:0001afa4       ?getNumTryBlocks@TryBlockMap@__FrameHandler3@@QEAAIXZ 000000014004cfa4 f i libvcruntime:frame.obj
 0002:0001afac       ?getStartStop@UWMap4@FH4@@QEAAXHHAEAViterator@12@0@Z 000000014004cfac f i libvcruntime:frame.obj
 0002:0001b0b0       ?getStateFromIterators@UWMap4@FH4@@SAHAEBViterator@12@H0H0@Z 000000014004d0b0 f i libvcruntime:frame.obj
 0002:0001b1a8       ?isEHs@__FrameHandler3@@SA_NPEBU_s_FuncInfo@@@Z 000000014004d1a8 f i libvcruntime:frame.obj
 0002:0001b1b0       ?isEHs@__FrameHandler4@@SA_NPEAUFuncInfo4@FH4@@@Z 000000014004d1b0 f i libvcruntime:frame.obj
 0002:0001b1bc       ?isNoExcept@__FrameHandler3@@SA_NPEBU_s_FuncInfo@@@Z 000000014004d1bc f i libvcruntime:frame.obj
 0002:0001b1c8       ?isNoExcept@__FrameHandler4@@SA_NPEAUFuncInfo4@FH4@@@Z 000000014004d1c8 f i libvcruntime:frame.obj
 0002:0001b1d4       ?reset@HandlerType4@FH4@@QEAAXXZ 000000014004d1d4 f i libvcruntime:frame.obj
 0002:0001b1f0       ?resetBuffer@HandlerMap4@FH4@@QEAAXXZ 000000014004d1f0 f i libvcruntime:frame.obj
 0002:0001b200       ?setBuffer@HandlerMap4@FH4@@QEAAXI@Z 000000014004d200 f i libvcruntime:frame.obj
 0002:0001b248       ?what@exception@std@@UEBAPEBDXZ 000000014004d248 f i libvcruntime:frame.obj
 0002:0001b260       __BuildCatchObject         000000014004d260 f   libvcruntime:frame.obj
 0002:0001b268       __BuildCatchObjectHelper   000000014004d268 f   libvcruntime:frame.obj
 0002:0001b270       __TypeMatch                000000014004d270 f   libvcruntime:frame.obj
 0002:0001b278       __vcrt_EncodePointer       000000014004d278 f i libvcruntime:frame.obj
 0002:0001b290       _CallSettingFrame          000000014004d290 f   libvcruntime:handlers.obj
 0002:0001b2e0       _CallSettingFrame_LookupContinuationIndex 000000014004d2e0 f   libvcruntime:handlers.obj
 0002:0001b310       _CallSettingFrame_NotifyContinuationAddr 000000014004d310 f   libvcruntime:handlers.obj
 0002:0001b340       _CallSettingFrameEncoded   000000014004d340 f   libvcruntime:handlers.obj
 0002:0001b3c8       ??$?RD@__crt_public_free_policy@@QEBAXQEBD@Z 000000014004d3c8 f i libvcruntime:std_exception.obj
 0002:0001b3d4       ??0?$__crt_unique_heap_ptr@DU__crt_public_free_policy@@@@QEAA@QEAD@Z 000000014004d3d4 f i libvcruntime:std_exception.obj
 0002:0001b3dc       ??1?$__crt_unique_heap_ptr@DU__crt_public_free_policy@@@@QEAA@XZ 000000014004d3dc f i libvcruntime:std_exception.obj
 0002:0001b400       ??B?$__crt_unique_heap_ptr@DU__crt_public_free_policy@@@@QEBA_NXZ 000000014004d400 f i libvcruntime:std_exception.obj
 0002:0001b40c       ?detach@?$__crt_unique_heap_ptr@DU__crt_public_free_policy@@@@QEAAPEADXZ 000000014004d40c f i libvcruntime:std_exception.obj
 0002:0001b418       ?get@?$__crt_unique_heap_ptr@DU__crt_public_free_policy@@@@QEBAPEADXZ 000000014004d418 f i libvcruntime:std_exception.obj
 0002:0001b41c       ?is_valid@?$__crt_unique_heap_ptr@DU__crt_public_free_policy@@@@QEBA_NXZ 000000014004d41c f i libvcruntime:std_exception.obj
 0002:0001b428       ?release@?$__crt_unique_heap_ptr@DU__crt_public_free_policy@@@@QEAAXXZ 000000014004d428 f i libvcruntime:std_exception.obj
 0002:0001b44c       __std_exception_copy       000000014004d44c f   libvcruntime:std_exception.obj
 0002:0001b4fc       __std_exception_destroy    000000014004d4fc f   libvcruntime:std_exception.obj
 0002:0001b52c       _CxxThrowException         000000014004d52c f   libvcruntime:throw.obj
 0002:0001b5f4       ??$?RPEAU__crt_stdio_stream_data@@@__crt_internal_free_policy@@QEBAXQEBQEAU__crt_stdio_stream_data@@@Z 000000014004d5f4 f i libucrt:_file.obj
 0002:0001b600       ??0?$__crt_unique_heap_ptr@PEAU__crt_stdio_stream_data@@U__crt_internal_free_policy@@@@QEAA@QEAPEAU__crt_stdio_stream_data@@@Z 000000014004d600 f i libucrt:_file.obj
 0002:0001b608       ??0__crt_stdio_stream@@QEAA@QEAU_iobuf@@@Z 000000014004d608 f i libucrt:_file.obj
 0002:0001b610       ??1?$__crt_unique_heap_ptr@PEAU__crt_stdio_stream_data@@U__crt_internal_free_policy@@@@QEAA@XZ 000000014004d610 f i libucrt:_file.obj
 0002:0001b634       ??C__crt_stdio_stream@@QEBAPEAU__crt_stdio_stream_data@@XZ 000000014004d634 f i libucrt:_file.obj
 0002:0001b638       ?detach@?$__crt_unique_heap_ptr@PEAU__crt_stdio_stream_data@@U__crt_internal_free_policy@@@@QEAAPEAPEAU__crt_stdio_stream_data@@XZ 000000014004d638 f i libucrt:_file.obj
 0002:0001b644       ?release@?$__crt_unique_heap_ptr@PEAU__crt_stdio_stream_data@@U__crt_internal_free_policy@@@@QEAAXXZ 000000014004d644 f i libucrt:_file.obj
 0002:0001b668       __acrt_initialize_stdio    000000014004d668 f   libucrt:_file.obj
 0002:0001b7d0       __acrt_iob_func            000000014004d7d0 f   libucrt:_file.obj
 0002:0001b7e8       __acrt_uninitialize_stdio  000000014004d7e8 f   libucrt:_file.obj
 0002:0001b85c       _get_stream_buffer_pointers 000000014004d85c f   libucrt:_file.obj
 0002:0001b8b4       _lock_file                 000000014004d8b4 f   libucrt:_file.obj
 0002:0001b8c4       _unlock_file               000000014004d8c4 f   libucrt:_file.obj
 0002:0001b8d4       ??$?0AEBV?$stream_output_adapter@D@__crt_stdio_output@@AEB_KAEBQEBDAEBQEAU__crt_locale_pointers@@AEBQEAD@?$format_validation_base@DV?$stream_output_adapter@D@__crt_stdio_output@@@__crt_stdio_output@@IEAA@AEBV?$stream_output_adapter@D@1@AEB_KAEBQEBDAEBQEAU__crt_locale_pointers@@AEBQEAD@Z 000000014004d8d4 f i libucrt:output.obj
 0002:0001b978       ??$?0AEBV?$stream_output_adapter@D@__crt_stdio_output@@AEB_KAEBQEBDAEBQEAU__crt_locale_pointers@@AEBQEAD@?$positional_parameter_base@DV?$stream_output_adapter@D@__crt_stdio_output@@@__crt_stdio_output@@IEAA@AEBV?$stream_output_adapter@D@1@AEB_KAEBQEBDAEBQEAU__crt_locale_pointers@@AEBQEAD@Z 000000014004d978 f i libucrt:output.obj
 0002:0001ba40       ??$?0AEBV?$stream_output_adapter@D@__crt_stdio_output@@AEB_KAEBQEBDAEBQEAU__crt_locale_pointers@@AEBQEAD@?$standard_base@DV?$stream_output_adapter@D@__crt_stdio_output@@@__crt_stdio_output@@IEAA@AEBV?$stream_output_adapter@D@1@AEB_KAEBQEBDAEBQEAU__crt_locale_pointers@@AEBQEAD@Z 000000014004da40 f i libucrt:output.obj
 0002:0001bae4       ??$?0AEBV?$stream_output_adapter@_W@__crt_stdio_output@@AEB_KAEBQEB_WAEBQEAU__crt_locale_pointers@@AEBQEAD@?$format_validation_base@_WV?$stream_output_adapter@_W@__crt_stdio_output@@@__crt_stdio_output@@IEAA@AEBV?$stream_output_adapter@_W@1@AEB_KAEBQEB_WAEBQEAU__crt_locale_pointers@@AEBQEAD@Z 000000014004dae4 f i libucrt:output.obj
 0002:0001bb8c       ??$?0AEBV?$stream_output_adapter@_W@__crt_stdio_output@@AEB_KAEBQEB_WAEBQEAU__crt_locale_pointers@@AEBQEAD@?$positional_parameter_base@_WV?$stream_output_adapter@_W@__crt_stdio_output@@@__crt_stdio_output@@IEAA@AEBV?$stream_output_adapter@_W@1@AEB_KAEBQEB_WAEBQEAU__crt_locale_pointers@@AEBQEAD@Z 000000014004db8c f i libucrt:output.obj
 0002:0001bc58       ??$?0AEBV?$stream_output_adapter@_W@__crt_stdio_output@@AEB_KAEBQEB_WAEBQEAU__crt_locale_pointers@@AEBQEAD@?$standard_base@_WV?$stream_output_adapter@_W@__crt_stdio_output@@@__crt_stdio_output@@IEAA@AEBV?$stream_output_adapter@_W@1@AEB_KAEBQEB_WAEBQEAU__crt_locale_pointers@@AEBQEAD@Z 000000014004dc58 f i libucrt:output.obj
 0002:0001bd00       ??$?0AEBV?$string_output_adapter@D@__crt_stdio_output@@AEB_KAEBQEBDAEBQEAU__crt_locale_pointers@@AEBQEAD@?$format_validation_base@DV?$string_output_adapter@D@__crt_stdio_output@@@__crt_stdio_output@@IEAA@AEBV?$string_output_adapter@D@1@AEB_KAEBQEBDAEBQEAU__crt_locale_pointers@@AEBQEAD@Z 000000014004dd00 f i libucrt:output.obj
 0002:0001bda4       ??$?0AEBV?$string_output_adapter@D@__crt_stdio_output@@AEB_KAEBQEBDAEBQEAU__crt_locale_pointers@@AEBQEAD@?$positional_parameter_base@DV?$string_output_adapter@D@__crt_stdio_output@@@__crt_stdio_output@@IEAA@AEBV?$string_output_adapter@D@1@AEB_KAEBQEBDAEBQEAU__crt_locale_pointers@@AEBQEAD@Z 000000014004dda4 f i libucrt:output.obj
 0002:0001be6c       ??$?0AEBV?$string_output_adapter@D@__crt_stdio_output@@AEB_KAEBQEBDAEBQEAU__crt_locale_pointers@@AEBQEAD@?$standard_base@DV?$string_output_adapter@D@__crt_stdio_output@@@__crt_stdio_output@@IEAA@AEBV?$string_output_adapter@D@1@AEB_KAEBQEBDAEBQEAU__crt_locale_pointers@@AEBQEAD@Z 000000014004de6c f i libucrt:output.obj
 0002:0001bf10       ??$?0AEBV?$string_output_adapter@_W@__crt_stdio_output@@AEB_KAEBQEB_WAEBQEAU__crt_locale_pointers@@AEBQEAD@?$format_validation_base@_WV?$string_output_adapter@_W@__crt_stdio_output@@@__crt_stdio_output@@IEAA@AEBV?$string_output_adapter@_W@1@AEB_KAEBQEB_WAEBQEAU__crt_locale_pointers@@AEBQEAD@Z 000000014004df10 f i libucrt:output.obj
 0002:0001bfb8       ??$?0AEBV?$string_output_adapter@_W@__crt_stdio_output@@AEB_KAEBQEB_WAEBQEAU__crt_locale_pointers@@AEBQEAD@?$positional_parameter_base@_WV?$string_output_adapter@_W@__crt_stdio_output@@@__crt_stdio_output@@IEAA@AEBV?$string_output_adapter@_W@1@AEB_KAEBQEB_WAEBQEAU__crt_locale_pointers@@AEBQEAD@Z 000000014004dfb8 f i libucrt:output.obj
 0002:0001c084       ??$?0AEBV?$string_output_adapter@_W@__crt_stdio_output@@AEB_KAEBQEB_WAEBQEAU__crt_locale_pointers@@AEBQEAD@?$standard_base@_WV?$string_output_adapter@_W@__crt_stdio_output@@@__crt_stdio_output@@IEAA@AEBV?$string_output_adapter@_W@1@AEB_KAEBQEB_WAEBQEAU__crt_locale_pointers@@AEBQEAD@Z 000000014004e084 f i libucrt:output.obj
 0002:0001c42c       ??$__crt_interlocked_read@J@@YAJPEDJ@Z 000000014004e42c f i libucrt:output.obj
 0002:0001d9bc       ??$count@D@formatting_buffer@__crt_stdio_output@@QEBA_KXZ 000000014004f9bc f i libucrt:output.obj
 0002:0001d9e0       ??$count@_W@formatting_buffer@__crt_stdio_output@@QEBA_KXZ 000000014004f9e0 f i libucrt:output.obj
 0002:0001da04       ??$data@D@formatting_buffer@__crt_stdio_output@@QEAAPEADXZ 000000014004fa04 f i libucrt:output.obj
 0002:0001da18       ??$data@_W@formatting_buffer@__crt_stdio_output@@QEAAPEA_WXZ 000000014004fa18 f i libucrt:output.obj
 0002:0001da2c       ??$ensure_buffer_is_big_enough@D@formatting_buffer@__crt_stdio_output@@QEAA_N_K@Z 000000014004fa2c f i libucrt:output.obj
 0002:0001dafc       ??$ensure_buffer_is_big_enough@_W@formatting_buffer@__crt_stdio_output@@QEAA_N_K@Z 000000014004fafc f i libucrt:output.obj
 0002:0001dbd0       ??$extract_argument_from_va_list@C_J@?$positional_parameter_base@DV?$stream_output_adapter@D@__crt_stdio_output@@@__crt_stdio_output@@IEAA_NAEA_J@Z 000000014004fbd0 f i libucrt:output.obj
 0002:0001dcbc       ??$extract_argument_from_va_list@C_J@?$positional_parameter_base@DV?$string_output_adapter@D@__crt_stdio_output@@@__crt_stdio_output@@IEAA_NAEA_J@Z 000000014004fcbc f i libucrt:output.obj
[...]
 0003:00014c6c       $unwind$?_mbstowcs_l_helper@@YA_KPEA_WPEBD_KPEAU__crt_locale_pointers@@@Z 00000001400b3c6c     libucrt:mbstowcs.obj
 0003:00014c88       $unwind$__acrt_CompareStringW 00000001400b3c88     libucrt:comparestringw.obj
 0003:00014ca4       $unwind$_strnicmp          00000001400b3ca4     libucrt:strnicmp.obj
 0003:00014cac       $unwind$_strnicmp_l        00000001400b3cac     libucrt:strnicmp.obj
 0003:00014cc0       $unwind$__acrt_CompareStringA 00000001400b3cc0     libucrt:comparestringa.obj
 0003:00014cd4       $unwind$?InternalCompareStringA@@YAHPEAU__crt_locale_pointers@@PEB_WKPEBDH2HH@Z 00000001400b3cd4     libucrt:comparestringa.obj
 0003:00014cfc       $unwind$_towlower_l        00000001400b3cfc     libucrt:towlower.obj
 0003:00014d04       $unwind$__dcrt_lowio_ensure_console_output_initialized 00000001400b3d04     libucrt:initcon.obj
 0003:00014d0c       $unwind$__dcrt_write_console 00000001400b3d0c     libucrt:initcon.obj
 0003:00014d24       $unwind$?__dcrt_lowio_initialize_console_output@@YAXXZ 00000001400b3d24     libucrt:initcon.obj
 0003:00014d2c       $unwind$__dcrt_terminate_console_output 00000001400b3d2c     libucrt:initcon.obj
 0003:00014d34       $unwind$??R<lambda_61c1b8a38cedca4df5fdc542e6ccae6d>@@QEBAHXZ 00000001400b3d34     libucrt:initcon.obj
 0003:00014d3c       $unwind$??$console_output_reopen_and_retry@V<lambda_61c1b8a38cedca4df5fdc542e6ccae6d>@@@@YAHAEBV<lambda_61c1b8a38cedca4df5fdc542e6ccae6d>@@@Z 00000001400b3d3c     libucrt:initcon.obj
 0003:00014d4c       $unwind$__acrt_fenv_set_control 00000001400b3d4c     libucrt:_fenvutils.obj
 0003:00014d60       $unwind$?to_machine_sse_control@@YA?AW4__acrt_fenv_machine_sse_control@@W4__acrt_fenv_abstract_control@@@Z 00000001400b3d60     libucrt:_fenvutils.obj
 0003:00014d74       $unwind$_clearfp           00000001400b3d74     libucrt:ieee.obj
 0003:00014d7c       $unwind$_set_controlfp     00000001400b3d7c     libucrt:ieee.obj
 0003:00014d84       $unwind$common_control87   00000001400b3d84     libucrt:ieee.obj
 0003:00014db4       $unwind$common_control87$filt$0 00000001400b3db4     libucrt:ieee.obj
 0003:00014dbc       $unwind$_call_matherr      00000001400b3dbc     libucrt:libm_error.obj
 0003:00014dc4       $unwind$_exception_enabled 00000001400b3dc4     libucrt:libm_error.obj
 0003:00014dd8       $unwind$_handle_errorf     00000001400b3dd8     libucrt:libm_error.obj
 0003:00014dfc       $unwind$_handle_error      00000001400b3dfc     libucrt:libm_error.obj
 0003:00014e20       $unwind$__acrt_initialize_fma3 00000001400b3e20     libucrt:fma3_available.obj
 0003:00014e28       $unwind$_logf_special_common 00000001400b3e28     libucrt:log_special.obj
 0003:00014e38       $unwind$_logf_special      00000001400b3e38     libucrt:log_special.obj
 0003:00014e40       $unwind$_log10f_special    00000001400b3e40     libucrt:log_special.obj
 0003:00014e48       $unwind$_log_special_common 00000001400b3e48     libucrt:log_special.obj
 0003:00014e58       $unwind$_log_special       00000001400b3e58     libucrt:log_special.obj
 0003:00014e60       $unwind$_log10_special     00000001400b3e60     libucrt:log_special.obj
 0003:00014e68       $unwind$__acrt_LCMapStringW 00000001400b3e68     libucrt:lcmapstringw.obj
 0003:00014e80       $xdatasym                  00000001400b3e80     libucrt:fpsr.obj
 0003:00014e88       $unwind$_except1           00000001400b3e88     libucrt:fpexcept.obj
 0003:00014eac       $unwind$_except2           00000001400b3eac     libucrt:fpexcept.obj
 0003:00014ed4       $unwind$_set_errno_from_matherr 00000001400b3ed4     libucrt:fpexcept.obj
 0003:00014edc       $unwind$_handle_exc        00000001400b3edc     libucrt:fpexcept.obj
 0003:00014efc       $unwind$_raise_excf        00000001400b3efc     libucrt:fpexcept.obj
 0003:00014f04       $unwind$_raise_exc         00000001400b3f04     libucrt:fpexcept.obj
 0003:00014f0c       $unwind$_umatherr          00000001400b3f0c     libucrt:fpexcept.obj
 0003:00014f14       $unwind$_raise_exc_ex      00000001400b3f14     libucrt:fpexcept.obj
 0003:00014f2c       $unwind$_clrfp             00000001400b3f2c     libucrt:fpctrl.obj
 0003:00014f34       $unwind$_ctrlfp            00000001400b3f34     libucrt:fpctrl.obj
 0003:00014f60       $unwind$_ctrlfp$filt$0     00000001400b3f60     libucrt:fpctrl.obj
 0003:00014f68       $unwind$_statfp            00000001400b3f68     libucrt:fpctrl.obj
 0003:00014f70       $unwind$_set_statfp        00000001400b3f70     libucrt:fpctrl.obj
 0003:00014f78       $unwind$_IsNonwritableInCurrentImage 00000001400b3f78     LIBCMT:pesect.obj
 0003:00014fa0       $unwind$_IsNonwritableInCurrentImage$filt$0 00000001400b3fa0     LIBCMT:pesect.obj
 0003:00014fa8       $unwind$??_Gtype_info@@UEAAPEAXI@Z 00000001400b3fa8     LIBCMT:std_type_info_static.obj
 0003:00014fb0       $unwind$__GSHandlerCheck_SEH 00000001400b3fb0     LIBCMT:gshandlerseh.obj
 0003:00014fd0       $xdatasym                  00000001400b3fd0     LIBCMT:chkstk.obj
 0003:00014fd8       $xdatasym                  00000001400b3fd8     libvcruntime:memcmp.obj
 0003:00014fdc       $unwind$_local_unwind      00000001400b3fdc     libvcruntime:jmpuwind.obj
 0003:00014fe4       $unwind$??R<lambda_ca71763b3c0644891230e4f79ea54fa6>@@QEBAHXZ 00000001400b3fe4     libucrt:setvbuf.obj
 0003:00014ff4       $unwind$??$?RV<lambda_84ec643ea9557e2f7dc01bb0e9624395>@@AEAV<lambda_ca71763b3c0644891230e4f79ea54fa6>@@V<lambda_439a761618c59b0600e24586724d733b>@@@?$__crt_seh_guarded_call@H@@QEAAH$$QEAV<lambda_84ec643ea9557e2f7dc01bb0e9624395>@@AEAV<lambda_ca71763b3c0644891230e4f79ea54fa6>@@$$QEAV<lambda_439a761618c59b0600e24586724d733b>@@@Z 00000001400b3ff4     libucrt:setvbuf.obj
 0003:00015018       $unwind$memcpy_s           00000001400b4018     libucrt:assert.obj
 0003:00015028       $unwind$_vfwprintf_l       00000001400b4028     libucrt:assert.obj
 0003:0001503c       $unwind$fwprintf           00000001400b403c     libucrt:assert.obj
 0003:00015048       $unwind$_vswprintf_c_l     00000001400b4048     libucrt:assert.obj
 0003:0001505c       $unwind$swprintf           00000001400b405c     libucrt:assert.obj
 0003:0001506c       $unwind$fprintf            00000001400b406c     libucrt:assert.obj
 0003:00015078       $unwind$_wassert           00000001400b4078     libucrt:assert.obj
 0003:0001508c       $unwind$?common_assert_to_stderr_direct@@YAXQEB_W0I@Z 00000001400b408c     libucrt:assert.obj
 0003:000150a8       $unwind$_assert            00000001400b40a8     libucrt:assert.obj
 0003:000150bc       $unwind$??$common_assert@D@@YAXQEBD0IQEAX@Z 00000001400b40bc     libucrt:assert.obj
 0003:000150d0       $unwind$??$common_assert@_W@@YAXQEB_W0IQEAX@Z 00000001400b40d0     libucrt:assert.obj
 0003:000150e4       $unwind$??$common_assert_to_message_box@D@@YAXQEBD0IQEAX@Z 00000001400b40e4     libucrt:assert.obj
 0003:00015100       $unwind$??$common_assert_to_stderr@_W@@YAXQEB_W0I@Z 00000001400b4100     libucrt:assert.obj
 0003:0001511c       $unwind$??$common_assert_to_message_box@_W@@YAXQEB_W0IQEAX@Z 00000001400b411c     libucrt:assert.obj
 0003:00015138       $unwind$??$common_assert_to_message_box_build_string@D@@YAXQEAD_KQEBD2IQEAX@Z 00000001400b4138     libucrt:assert.obj
 0003:00015158       $unwind$??$common_assert_to_message_box_build_string@_W@@YAXQEA_W_KQEB_W2IQEAX@Z 00000001400b4158     libucrt:assert.obj
 0004:00000060       ?__vcrt_flsindex@@3KA      00000001400b5060     libvcruntime:per_thread_data.obj
 0004:00000068       ?prefix@?1??getDimension@UnDecorator@@CA?AVDName@@_N@Z@4UStringLiteral@@A 00000001400b5068     libvcruntime:undname.obj
 0004:000001c0       _ctype_loc_style           00000001400b51c0     libucrt:wsetlocale.obj
 0004:000001d0       ?errno_no_memory@@3HA      00000001400b51d0     libucrt:errno.obj
 0004:000001d4       ?doserrno_no_memory@@3KA   00000001400b51d4     libucrt:errno.obj
 0004:00000238       ?__acrt_flsindex@@3KA      00000001400b5238     libucrt:per_thread_data.obj
 0004:000006a0       _mbctypes                  00000001400b56a0     libucrt:mbctype.obj
 0004:000007e0       _mbcasemaps                00000001400b57e0     libucrt:mbctype.obj
 0004:00000914       ?__rgctypeflag@@3PADA      00000001400b5914     libucrt:mbctype.obj
 0004:00000920       ?__rgcode_page_info@@3PAUcode_page_info@@A 00000001400b5920     libucrt:mbctype.obj
 0004:00000c70       ?__dcrt_lowio_console_output_handle@@3PEAXEA 00000001400b5c70     libucrt:initcon.obj
 0004:00000c79       ?dazSupported@?1??common_control87@@9@9 00000001400b5c79     libucrt:ieee.obj
 0004:00000c80       ?dazSupported@?1??_ctrlfp@@9@9 00000001400b5c80     libucrt:fpctrl.obj
 0004:00001089       ?init@?1??_RTC_InitBase@@9@4_NA 00000001400b6089     LIBCMT:init.obj
 0004:00001090       ?_RTC_ErrorReportFunc@@3P6AHHPEBDH00ZZEA 00000001400b6090     LIBCMT:userapi.obj
 0004:00001098       ?_RTC_ErrorReportFuncW@@3P6AHHPEB_WH00ZZEA 00000001400b6098     LIBCMT:userapi.obj
 0004:000010b0       GS_ExceptionRecord         00000001400b60b0     LIBCMT:gs_report.obj
 0004:00001150       GS_ContextRecord           00000001400b6150     LIBCMT:gs_report.obj
 0004:00001748       ?is_initialized_as_dll@@3_NA 00000001400b6748     LIBCMT:utility.obj
 0004:00001749       ?module_local_atexit_table_initialized@@3_NA 00000001400b6749     LIBCMT:utility.obj
 0004:00001750       ?module_local_atexit_table@@3U_onexit_table_t@@A 00000001400b6750     LIBCMT:utility.obj
 0004:00001768       ?module_local_at_quick_exit_table@@3U_onexit_table_t@@A 00000001400b6768     LIBCMT:utility.obj
 0004:000017c8       ?mspdb@@3PEAUHINSTANCE__@@EA 00000001400b67c8     LIBCMT:pdblkup.obj
 0004:000017d1       ?alreadyTried@?1??GetPdbDll@@YAPEAUHINSTANCE__@@XZ@4_NA 00000001400b67d1     LIBCMT:pdblkup.obj
 0004:000017d2       ?PDBOK@?1??_RTC_GetSrcLine@@YAHPEAEPEA_WKPEAH1K@Z@4_NA 00000001400b67d2     LIBCMT:pdblkup.obj
 0004:000017f0       ?__vcrt_startup_thread_ptd@@3U__vcrt_ptd@@A 00000001400b67f0     libvcruntime:per_thread_data.obj
 0004:00001890       __vcrt_lock_table          00000001400b6890     libvcruntime:locks.obj
 0004:000018b8       __vcrt_locks_initialized   00000001400b68b8     libvcruntime:locks.obj
 0004:00001908       ?heap@@3V_HeapManager@@A   00000001400b6908     libvcruntime:undname.obj
 0004:00001948       ?module_handles@@3PAPEAUHINSTANCE__@@A 00000001400b6948     libvcruntime:winapi_downlevel.obj
 0004:00001960       ?function_pointers@@3PAPEAXA 00000001400b6960     libvcruntime:winapi_downlevel.obj
 0004:000019c0       ?__acrt_app_type@@3W4_crt_app_type@@A 00000001400b69c0     libucrt:report_runtime_error.obj
 0004:000019d0       ?outmsg@?9??__acrt_report_runtime_error@@9@4PA_WA 00000001400b69d0     libucrt:report_runtime_error.obj
 0004:00002138       ?user_matherr@@3V?$dual_state_global@P6AHPEAU_exception@@@Z@__crt_state_management@@A 00000001400b7138     libucrt:matherr.obj
 0004:00002150       ?program_name@?1???$common_configure_argv@D@@YAHW4_crt_argv_mode@@@Z@4PADA 00000001400b7150     libucrt:argv_parsing.obj
 0004:00002290       ?program_name@?1???$common_configure_argv@_W@@YAHW4_crt_argv_mode@@@Z@4PA_WA 00000001400b7290     libucrt:argv_parsing.obj
 0004:0000253c       ?c_termination_complete@@3JA 00000001400b753c     libucrt:exit.obj
 0004:00002540       ?thread_local_exit_callback_func@@3P6AXPEAXK0@ZEA 00000001400b7540     libucrt:exit.obj
 0004:000025b0       ?__acrt_global_new_mode@@3V?$dual_state_global@J@__crt_state_management@@A 00000001400b75b0     libucrt:new_mode.obj
 0004:000025f8       ?__acrt_invalid_parameter_handler@@3V?$dual_state_global@P6AXPEB_W00I_K@Z@__crt_state_management@@A 00000001400b75f8     libucrt:invalid_parameter.obj
 0004:00002610       ?module_handles@@3PAPEAUHINSTANCE__@@A 00000001400b7610     libucrt:winapi_thunks.obj
 0004:000026b0       ?encoded_function_pointers@@3PAPEAXA 00000001400b76b0     libucrt:winapi_thunks.obj
 0004:00002818       ?static_enum_proc@?1??enum_system_locales_ex_nolock@@YAHQ6AHPEA_WK_J@Z@Z@4P6AH0K1@ZEA 00000001400b7818     libucrt:winapi_thunks.obj
 0004:00002d00       ?internal_state@?1??_mbtowc_l@@9@4U_Mbstatet@@A 00000001400b7d00     libucrt:mbtowc.obj
 0004:00002d10       ?enable_percent_n@@3_KA    00000001400b7d10     libucrt:printf_count_output.obj
 0004:00002d4c       __acrt_error_mode          00000001400b7d4c     libucrt:set_error_mode.obj
 0004:00002d68       ?fSystemSet@@3HA           00000001400b7d68     libucrt:mbctype.obj
 0004:00002d71       ?initialized@?1??__acrt_initialize_multibyte@@9@4_NA 00000001400b7d71     libucrt:mbctype.obj
 0004:00002d80       ?__acrt_lock_table@@3PAU_RTL_CRITICAL_SECTION@@A 00000001400b7d80     libucrt:locks.obj
 0004:00002fb0       ?__acrt_locks_initialized@@3IA 00000001400b7fb0     libucrt:locks.obj
 0004:00003024       ?state_cache@?1???$get_cached_win_policy@Ubegin_thread_init_policy_properties@?1??__acrt_get_begin_thread_init_policy@@YA?AW4begin_thread_init_policy@@XZ@@@YA?AW4begin_thread_init_policy@@W4AppPolicyThreadInitializationType@@@Z@4JA 00000001400b8024     libucrt:win_policies.obj
 0004:00003028       ?state_cache@?1???$get_cached_win_policy@Udeveloper_information_policy_properties@?1??__acrt_get_developer_information_policy@@YA?AW4developer_information_policy@@XZ@@@YA?AW4developer_information_policy@@W4AppPolicyShowDeveloperDiagnostic@@@Z@4JA 00000001400b8028     libucrt:win_policies.obj
 0004:0000302c       ?state_cache@?1???$get_cached_win_policy@Uwindowing_model_policy_properties@?1??__acrt_get_windowing_model_policy@@YA?AW4windowing_model_policy@@XZ@@@YA?AW4windowing_model_policy@@W4AppPolicyWindowingModel@@@Z@4JA 00000001400b802c     libucrt:win_policies.obj
 0004:00003050       ?__acrt_new_handler@@3V?$dual_state_global@P6AH_K@Z@__crt_state_management@@A 00000001400b8050     libucrt:new_handler.obj
 0004:00003059       ?console_ctrl_handler_installed@@3_NA 00000001400b8059     libucrt:signal.obj
 0004:00003060       ?ctrlc_action@@3V?$dual_state_global@P6AXH@Z@__crt_state_management@@A 00000001400b8060     libucrt:signal.obj
 0004:00003068       ?ctrlbreak_action@@3V?$dual_state_global@P6AXH@Z@__crt_state_management@@A 00000001400b8068     libucrt:signal.obj
 0004:00003070       ?abort_action@@3V?$dual_state_global@P6AXH@Z@__crt_state_management@@A 00000001400b8070     libucrt:signal.obj
 0004:00003078       ?term_action@@3V?$dual_state_global@P6AXH@Z@__crt_state_management@@A 00000001400b8078     libucrt:signal.obj
 0004:00003088       ?mbst@?1??mbrlen@@9@4U_Mbstatet@@A 00000001400b8088     libucrt:mbrtowc.obj
 0004:00003098       ?mbst@?1??mbrtowc@@9@4U_Mbstatet@@A 00000001400b8098     libucrt:mbrtowc.obj
 0004:000030a8       ?mbst@?1??_mbsrtowcs_helper@@YA_KPEA_WPEAPEBD_KPEAU_Mbstatet@@@Z@4U2@A 00000001400b80a8     libucrt:mbrtowc.obj
 0004:000030b8       ?internal_pst@?1??__mbrtoc32_utf8@__crt_mbstring@@YA_KPEA_UPEBD_KPEAU_Mbstatet@@@Z@4U3@A 00000001400b80b8     libucrt:mbrtoc32.obj
 0006:0000081a       .idata$6                   00000001400c081a     kernel32:KERNEL32.dll
 0007:00000000       __2B31710D_vcruntime_new@h 00000001400c1000     sandbox.obj
 0007:00000001       __09340588_corecrt_math@h  00000001400c1001     sandbox.obj
 0007:00000002       __24E9E95F_stdlib@h        00000001400c1002     sandbox.obj
 0007:00000003       __ACEB72CA_cstdlib         00000001400c1003     sandbox.obj
 0007:00000004       __04BBFB62_cmath           00000001400c1004     sandbox.obj
 0007:00000005       __F66CEB67_corecrt_stdio_config@h 00000001400c1005     sandbox.obj
 0007:00000006       __101834BA_corecrt_wstdio@h 00000001400c1006     sandbox.obj
 0007:00000007       __AD6A91B7_stdio@h         00000001400c1007     sandbox.obj
 0007:00000008       __367CC694_corecrt_memcpy_s@h 00000001400c1008     sandbox.obj
 0007:00000009       __35D7DDB3_corecrt_memory@h 00000001400c1009     sandbox.obj
 0007:0000000a       __DC9673E3_corecrt_wstring@h 00000001400c100a     sandbox.obj
 0007:0000000b       __A29A7DFB_string@h        00000001400c100b     sandbox.obj
 0007:0000000c       __5467428D_corecrt_wconio@h 00000001400c100c     sandbox.obj
 0007:0000000d       __4442441F_corecrt_wio@h   00000001400c100d     sandbox.obj
 0007:0000000e       __45F4AF76_corecrt_wtime@h 00000001400c100e     sandbox.obj
 0007:0000000f       __186FF47F_stat@h          00000001400c100f     sandbox.obj
 0007:00000010       __534C724A_wchar@h         00000001400c1010     sandbox.obj
 0007:00000011       __2D26A21E_type_traits     00000001400c1011     sandbox.obj
 0007:00000012       __F4CD6065_xutility        00000001400c1012     sandbox.obj
 0007:00000013       __B0C4CEA9_malloc@h        00000001400c1013     sandbox.obj
 0007:00000014       __49CBC5C5_vcruntime_exception@h 00000001400c1014     sandbox.obj
 0007:00000015       __8B12B611_exception       00000001400c1015     sandbox.obj
 0007:00000016       __D63D5DDA_limits          00000001400c1016     sandbox.obj
 0007:00000017       __F1739482_xmemory         00000001400c1017     sandbox.obj
 0007:00000018       __85A0121E_xstring         00000001400c1018     sandbox.obj
 0007:00000019       __025C8C4C_stdexcept       00000001400c1019     sandbox.obj
 0007:0000001a       __127BCABE_xcall_once@h    00000001400c101a     sandbox.obj
 0007:0000001b       __8AA3BE86_time@h          00000001400c101b     sandbox.obj
 0007:0000001c       __0E11DA62_xthreads@h      00000001400c101c     sandbox.obj
 0007:0000001d       __BD080118_atomic          00000001400c101d     sandbox.obj
 0007:0000001e       __AD26D89E_system_error    00000001400c101e     sandbox.obj
 0007:0000001f       __B68D2755_vcruntime_typeinfo@h 00000001400c101f     sandbox.obj
 0007:00000020       __8412937C_typeinfo        00000001400c1020     sandbox.obj
 0007:00000021       __6A935154_memory          00000001400c1021     sandbox.obj
 0007:00000022       __46D6065B_xfacet          00000001400c1022     sandbox.obj
 0007:00000023       __7242C389_ctype@h         00000001400c1023     sandbox.obj
 0007:00000024       __9B9B70B4_xlocinfo        00000001400c1024     sandbox.obj
 0007:00000025       __5A9E662F_xlocale         00000001400c1025     sandbox.obj
 0007:00000026       __A27E07A7_xiosbase        00000001400c1026     sandbox.obj
 0007:00000027       __C4190038_xlocnum         00000001400c1027     sandbox.obj
 0007:00000028       __A1E1ADF7_ios             00000001400c1028     sandbox.obj
 0007:00000029       __90A1F774_basetsd@h       00000001400c1029     sandbox.obj
 0007:0000002a       __3C23D660_guiddef@h       00000001400c102a     sandbox.obj
 0007:0000002b       __AF541008_winnt@h         00000001400c102b     sandbox.obj
 0007:0000002c       __0D001789_processthreadsapi@h 00000001400c102c     sandbox.obj
 0007:0000002d       __F972325D_memoryapi@h     00000001400c102d     sandbox.obj
 0007:0000002e       __76CD430D_winerror@h      00000001400c102e     sandbox.obj
 0007:0000002f       __737D49DB_winbase@h       00000001400c102f     sandbox.obj
 0007:00000030       __1B9502AC_winuser@h       00000001400c1030     sandbox.obj
 0007:00000031       __376EBCA0_winioctl@h      00000001400c1031     sandbox.obj
 0007:00000032       __2CCBBE23_propidl@h       00000001400c1032     sandbox.obj
 0007:00000033       __AD360DAF_oleauto@h       00000001400c1033     sandbox.obj
 0007:00000034       __0396F1A5_stralign@h      00000001400c1034     sandbox.obj
 0007:00000035       __B8F6ABAB_sandbox@cpp     00000001400c1035     sandbox.obj
 0007:00000036       __9BE6F741_utility         00000001400c1036     sandbox.obj
 0007:00000037       __6CF96053_xstddef         00000001400c1037     sandbox.obj
 0007:00000038       __811E3AC7_xatomic@h       00000001400c1038     sandbox.obj
 0009:00000000       MsetTab                    00000001400c3000     libvcruntime:memset.obj
 0009:00000060       MoveSmall                  00000001400c3060     libvcruntime:memcpy.obj
 000a:00000170       $R000000                   00000001400c4170     * linker generated manifest res *
