Archive member included to satisfy reference by file (symbol)

//usr/lib32/libc_nonshared.a(elf-init.oS)
                              /usr/lib/gcc/x86_64-linux-gnu/8/../../../../lib32/Scrt1.o (__libc_csu_init)
//usr/lib32/libc_nonshared.a(stat.oS)
                              CMakeFiles/Core32.dir/FileDataProvider.cpp.o (stat)

Discarded input sections

 .note.GNU-stack
                0x0000000000000000        0x0 /usr/lib/gcc/x86_64-linux-gnu/8/../../../../lib32/Scrt1.o
 .note.GNU-stack
                0x0000000000000000        0x0 /usr/lib/gcc/x86_64-linux-gnu/8/../../../../lib32/crti.o
 .group         0x0000000000000000        0x8 /usr/lib/gcc/x86_64-linux-gnu/8/32/crtbeginS.o
 .group         0x0000000000000000        0x8 /usr/lib/gcc/x86_64-linux-gnu/8/32/crtbeginS.o
 .text.__x86.get_pc_thunk.bx
                0x0000000000000000        0x4 /usr/lib/gcc/x86_64-linux-gnu/8/32/crtbeginS.o
 .note.GNU-stack
                0x0000000000000000        0x0 /usr/lib/gcc/x86_64-linux-gnu/8/32/crtbeginS.o
 .group         0x0000000000000000        0xc CMakeFiles/Core32.dir/Globals.cpp.o
 .group         0x0000000000000000       0x10 CMakeFiles/Core32.dir/Globals.cpp.o
 .group         0x0000000000000000        0xc CMakeFiles/Core32.dir/Globals.cpp.o
 .group         0x0000000000000000        0xc CMakeFiles/Core32.dir/Globals.cpp.o
 .group         0x0000000000000000       0x10 CMakeFiles/Core32.dir/Globals.cpp.o
 .group         0x0000000000000000        0xc CMakeFiles/Core32.dir/Globals.cpp.o
 .group         0x0000000000000000        0xc CMakeFiles/Core32.dir/Globals.cpp.o
 .group         0x0000000000000000        0xc CMakeFiles/Core32.dir/Globals.cpp.o
 .group         0x0000000000000000        0xc CMakeFiles/Core32.dir/Globals.cpp.o
 .group         0x0000000000000000        0xc CMakeFiles/Core32.dir/Globals.cpp.o
 .group         0x0000000000000000        0xc CMakeFiles/Core32.dir/Globals.cpp.o
 .group         0x0000000000000000       0x10 CMakeFiles/Core32.dir/Globals.cpp.o
 .group         0x0000000000000000        0xc CMakeFiles/Core32.dir/Globals.cpp.o
 .group         0x0000000000000000       0x10 CMakeFiles/Core32.dir/Globals.cpp.o
 .group         0x0000000000000000        0xc CMakeFiles/Core32.dir/Globals.cpp.o
 .group         0x0000000000000000        0xc CMakeFiles/Core32.dir/Globals.cpp.o
 .group         0x0000000000000000        0xc CMakeFiles/Core32.dir/Globals.cpp.o
 .group         0x0000000000000000        0xc CMakeFiles/Core32.dir/Globals.cpp.o
 .group         0x0000000000000000        0xc CMakeFiles/Core32.dir/Globals.cpp.o
 .group         0x0000000000000000        0xc CMakeFiles/Core32.dir/Globals.cpp.o
 .group         0x0000000000000000        0xc CMakeFiles/Core32.dir/Globals.cpp.o
 .group         0x0000000000000000        0xc CMakeFiles/Core32.dir/Globals.cpp.o
 .group         0x0000000000000000        0xc CMakeFiles/Core32.dir/Globals.cpp.o
 .group         0x0000000000000000        0xc CMakeFiles/Core32.dir/Globals.cpp.o
 .group         0x0000000000000000        0xc CMakeFiles/Core32.dir/Globals.cpp.o
 .group         0x0000000000000000        0xc CMakeFiles/Core32.dir/Globals.cpp.o
 .group         0x0000000000000000        0xc CMakeFiles/Core32.dir/Globals.cpp.o
 .group         0x0000000000000000        0xc CMakeFiles/Core32.dir/Globals.cpp.o
 .group         0x0000000000000000        0xc CMakeFiles/Core32.dir/Globals.cpp.o
 .group         0x0000000000000000        0x8 CMakeFiles/Core32.dir/Globals.cpp.o
 .group         0x0000000000000000        0x8 CMakeFiles/Core32.dir/Globals.cpp.o
 .group         0x0000000000000000        0xc CMakeFiles/Core32.dir/Globals.cpp.o
 .text.__x86.get_pc_thunk.bx
                0x0000000000000000        0x4 CMakeFiles/Core32.dir/Globals.cpp.o
 .note.GNU-stack
                0x0000000000000000        0x0 CMakeFiles/Core32.dir/Globals.cpp.o
 .group         0x0000000000000000        0xc CMakeFiles/Core32.dir/main.cpp.o
 .group         0x0000000000000000        0xc CMakeFiles/Core32.dir/main.cpp.o
 .group         0x0000000000000000        0xc CMakeFiles/Core32.dir/main.cpp.o
 .group         0x0000000000000000        0xc CMakeFiles/Core32.dir/main.cpp.o
 .group         0x0000000000000000        0xc CMakeFiles/Core32.dir/main.cpp.o
 .group         0x0000000000000000        0xc CMakeFiles/Core32.dir/main.cpp.o
 .group         0x0000000000000000        0xc CMakeFiles/Core32.dir/main.cpp.o
 .group         0x0000000000000000        0xc CMakeFiles/Core32.dir/main.cpp.o
 .group         0x0000000000000000        0xc CMakeFiles/Core32.dir/main.cpp.o
 .group         0x0000000000000000        0xc CMakeFiles/Core32.dir/main.cpp.o
 .group         0x0000000000000000        0xc CMakeFiles/Core32.dir/main.cpp.o
 .group         0x0000000000000000        0xc CMakeFiles/Core32.dir/main.cpp.o
 .group         0x0000000000000000        0xc CMakeFiles/Core32.dir/main.cpp.o
 .group         0x0000000000000000        0xc CMakeFiles/Core32.dir/main.cpp.o
[...]
Memory Configuration

Name             Origin             Length             Attributes
*default*        0x0000000000000000 0xffffffffffffffff

Linker script and memory map

LOAD /usr/lib/gcc/x86_64-linux-gnu/8/../../../../lib32/Scrt1.o
LOAD /usr/lib/gcc/x86_64-linux-gnu/8/../../../../lib32/crti.o
LOAD /usr/lib/gcc/x86_64-linux-gnu/8/32/crtbeginS.o
LOAD CMakeFiles/Core32.dir/Globals.cpp.o
LOAD CMakeFiles/Core32.dir/main.cpp.o
LOAD CMakeFiles/Core32.dir/Trace/Trace.cpp.o
LOAD CMakeFiles/Core32.dir/Handles/HandleManager.cpp.o
LOAD CMakeFiles/Core32.dir/WinAPI/Kernel32.cpp.o
LOAD CMakeFiles/Core32.dir/ProcessControlBlock.cpp.o
LOAD CMakeFiles/Core32.dir/Stub/Stub.cpp.o
LOAD CMakeFiles/Core32.dir/Loader/Parsers/DosStubHeaderParser.cpp.o
LOAD CMakeFiles/Core32.dir/WinApiFunction.cpp.o
LOAD CMakeFiles/Core32.dir/Locales/ucs16_char_types.cpp.o
LOAD CMakeFiles/Core32.dir/Locales/ucs16_case_conversion.cpp.o
LOAD CMakeFiles/Core32.dir/Locales/ansi_cp1250.cpp.o
LOAD CMakeFiles/Core32.dir/Locales/ansi_cp1252.cpp.o
LOAD CMakeFiles/Core32.dir/Locales/cp1250_ansi.cpp.o
LOAD CMakeFiles/Core32.dir/Locales/cp1252_ansi.cpp.o
LOAD CMakeFiles/Core32.dir/FileDataProvider.cpp.o
LOAD CMakeFiles/Core32.dir/WinAPI/Synchronization/Sleep.cpp.o
LOAD CMakeFiles/Core32.dir/WinAPI/Synchronization/CriticalSection.cpp.o
LOAD CMakeFiles/Core32.dir/WinAPI/Console/CP.cpp.o
LOAD CMakeFiles/Core32.dir/WinAPI/Console/Mode.cpp.o
LOAD CMakeFiles/Core32.dir/WinAPI/Console/StandardHandle.cpp.o
LOAD CMakeFiles/Core32.dir/WinAPI/Console/Write.cpp.o
LOAD CMakeFiles/Core32.dir/WinAPI/Debug/Break.cpp.o
LOAD CMakeFiles/Core32.dir/WinAPI/Debug/IsPresent.cpp.o
LOAD CMakeFiles/Core32.dir/WinAPI/Debug/Printers.cpp.o
LOAD CMakeFiles/Core32.dir/WinAPI/ErrorHandling/SetExceptionFilter.cpp.o
LOAD CMakeFiles/Core32.dir/WinAPI/ErrorHandling/LastError.cpp.o
LOAD CMakeFiles/Core32.dir/WinAPI/ErrorHandling/Raise.cpp.o
LOAD CMakeFiles/Core32.dir/WinAPI/File/Write.cpp.o
LOAD CMakeFiles/Core32.dir/WinAPI/File/Create.cpp.o
LOAD CMakeFiles/Core32.dir/WinAPI/File/Delete.cpp.o
LOAD CMakeFiles/Core32.dir/WinAPI/File/FilePointer.cpp.o
LOAD CMakeFiles/Core32.dir/WinAPI/File/Find.cpp.o
LOAD CMakeFiles/Core32.dir/WinAPI/File/Flush.cpp.o
LOAD CMakeFiles/Core32.dir/WinAPI/File/Read.cpp.o
LOAD CMakeFiles/Core32.dir/WinAPI/File/Size.cpp.o
LOAD CMakeFiles/Core32.dir/WinAPI/File/Type.cpp.o
LOAD CMakeFiles/Core32.dir/WinAPI/Handle/Close.cpp.o
LOAD CMakeFiles/Core32.dir/WinAPI/Heap/Alloc.cpp.o
LOAD CMakeFiles/Core32.dir/WinAPI/Interlocked/SingleLinkedList.cpp.o
LOAD CMakeFiles/Core32.dir/WinAPI/LibLoader/FreeLibrary.cpp.o
LOAD CMakeFiles/Core32.dir/WinAPI/LibLoader/Load.cpp.o
LOAD CMakeFiles/Core32.dir/WinAPI/LibLoader/ModuleFileName.cpp.o
LOAD CMakeFiles/Core32.dir/WinAPI/LibLoader/ModuleHandle.cpp.o
LOAD CMakeFiles/Core32.dir/WinAPI/LibLoader/ProcAddress.cpp.o
LOAD CMakeFiles/Core32.dir/WinAPI/NLS/CodePage.cpp.o
LOAD CMakeFiles/Core32.dir/WinAPI/ProcessEnvironment/CommandLine.cpp.o
LOAD CMakeFiles/Core32.dir/WinAPI/ProcessEnvironment/Strings.cpp.o
LOAD CMakeFiles/Core32.dir/WinAPI/ProcessEnvironment/Variables.cpp.o
LOAD CMakeFiles/Core32.dir/WinAPI/ProcessThread/ExitProcess.cpp.o
LOAD CMakeFiles/Core32.dir/WinAPI/ProcessThread/GetCurrentProcess.cpp.o
LOAD CMakeFiles/Core32.dir/WinAPI/ProcessThread/GetCurrentThread.cpp.o
LOAD CMakeFiles/Core32.dir/WinAPI/ProcessThread/LocalStorage.cpp.o
LOAD CMakeFiles/Core32.dir/WinAPI/ProcessThread/ProcessorFeatures.cpp.o
LOAD CMakeFiles/Core32.dir/WinAPI/ProcessThread/StartupInfo.cpp.o
LOAD CMakeFiles/Core32.dir/WinAPI/ProcessThread/Terminate.cpp.o
LOAD CMakeFiles/Core32.dir/WinAPI/Profile/Query.cpp.o
LOAD CMakeFiles/Core32.dir/WinAPI/Strings/Compare.cpp.o
LOAD CMakeFiles/Core32.dir/WinAPI/Strings/LocaleMapString.cpp.o
LOAD CMakeFiles/Core32.dir/WinAPI/Strings/MultiByteToWideChar.cpp.o
LOAD CMakeFiles/Core32.dir/WinAPI/Strings/WideCharToMultiByte.cpp.o
LOAD CMakeFiles/Core32.dir/WinAPI/Strings/StringType.cpp.o
LOAD CMakeFiles/Core32.dir/WinAPI/SysInfo/SystemTimeAsFileTime.cpp.o
LOAD CMakeFiles/Core32.dir/WinAPI/WinNT/CaptureContext.cpp.o
LOAD CMakeFiles/Core32.dir/WinAPI/WinNT/FunctionLookup.cpp.o
LOAD CMakeFiles/Core32.dir/WinAPI/WinNT/Unwind.cpp.o
LOAD CMakeFiles/Core32.dir/WinAPI/WinNT/VirtualUnwind.cpp.o
LOAD CMakeFiles/Core32.dir/WinAPI/Util/Pointers.cpp.o
LOAD /usr/lib/gcc/x86_64-linux-gnu/8/../../../../lib32/librt.so
LOAD /usr/lib/gcc/x86_64-linux-gnu/8/../../../../lib32/libpthread.so
LOAD /usr/lib/gcc/x86_64-linux-gnu/8/32/libstdc++.so
LOAD /usr/lib/gcc/x86_64-linux-gnu/8/../../../../lib32/libm.so
LOAD /usr/lib/gcc/x86_64-linux-gnu/8/32/libgcc_s.so
START GROUP
LOAD /usr/lib/gcc/x86_64-linux-gnu/8/32/libgcc_s.so.1
LOAD /usr/lib/gcc/x86_64-linux-gnu/8/32/libgcc.a
END GROUP
LOAD /usr/lib/gcc/x86_64-linux-gnu/8/32/libgcc.a
LOAD /usr/lib/gcc/x86_64-linux-gnu/8/../../../../lib32/libc.so
START GROUP
LOAD //lib32/libc.so.6
LOAD //usr/lib32/libc_nonshared.a
LOAD //lib32/ld-linux.so.2
END GROUP
LOAD /usr/lib/gcc/x86_64-linux-gnu/8/32/libgcc_s.so
START GROUP
LOAD /usr/lib/gcc/x86_64-linux-gnu/8/32/libgcc_s.so.1
LOAD /usr/lib/gcc/x86_64-linux-gnu/8/32/libgcc.a
END GROUP
LOAD /usr/lib/gcc/x86_64-linux-gnu/8/32/libgcc.a
LOAD /usr/lib/gcc/x86_64-linux-gnu/8/32/crtendS.o
LOAD /usr/lib/gcc/x86_64-linux-gnu/8/../../../../lib32/crtn.o
                [!provide]                        PROVIDE (__executable_start = SEGMENT_START ("text-segment", 0x0))
                0x00000000000001b4                . = (SEGMENT_START ("text-segment", 0x0) + SIZEOF_HEADERS)

.interp         0x00000000000001b4       0x13
 *(.interp)
 .interp        0x00000000000001b4       0x13 /usr/lib/gcc/x86_64-linux-gnu/8/../../../../lib32/Scrt1.o

.note.ABI-tag   0x00000000000001c8       0x20
 .note.ABI-tag  0x00000000000001c8       0x20 /usr/lib/gcc/x86_64-linux-gnu/8/../../../../lib32/Scrt1.o

.note.gnu.build-id
                0x00000000000001e8       0x24
 *(.note.gnu.build-id)
 .note.gnu.build-id
                0x00000000000001e8       0x24 /usr/lib/gcc/x86_64-linux-gnu/8/../../../../lib32/Scrt1.o

.hash
 *(.hash)

.gnu.hash       0x000000000000020c      0x1c8
 *(.gnu.hash)
 .gnu.hash      0x000000000000020c      0x1c8 /usr/lib/gcc/x86_64-linux-gnu/8/../../../../lib32/Scrt1.o

.dynsym         0x00000000000003d4      0x980
 *(.dynsym)
 .dynsym        0x00000000000003d4      0x980 /usr/lib/gcc/x86_64-linux-gnu/8/../../../../lib32/Scrt1.o

.dynstr         0x0000000000000d54     0x15a8
 *(.dynstr)
 .dynstr        0x0000000000000d54     0x15a8 /usr/lib/gcc/x86_64-linux-gnu/8/../../../../lib32/Scrt1.o

.gnu.version    0x00000000000022fc      0x130
 *(.gnu.version)
 .gnu.version   0x00000000000022fc      0x130 /usr/lib/gcc/x86_64-linux-gnu/8/../../../../lib32/Scrt1.o

.gnu.version_d  0x000000000000242c        0x0
 *(.gnu.version_d)
 .gnu.version_d
                0x000000000000242c        0x0 /usr/lib/gcc/x86_64-linux-gnu/8/../../../../lib32/Scrt1.o

.gnu.version_r  0x000000000000242c      0x150
 *(.gnu.version_r)
 .gnu.version_r
                0x000000000000242c      0x150 /usr/lib/gcc/x86_64-linux-gnu/8/../../../../lib32/Scrt1.o

.rel.dyn        0x000000000000257c      0x128
 *(.rel.init)
 *(.rel.text .rel.text.* .rel.gnu.linkonce.t.*)
 .rel.text._ZNSt7__cxx1112basic_stringIcSt11char_traitsIcESaIcEED2Ev
                0x000000000000257c        0x0 /usr/lib/gcc/x86_64-linux-gnu/8/../../../../lib32/Scrt1.o
 .rel.text._ZNSaIDsED2Ev
                0x000000000000257c        0x0 /usr/lib/gcc/x86_64-linux-gnu/8/../../../../lib32/Scrt1.o
 .rel.text._ZNSt7__cxx1112basic_stringIDsSt11char_traitsIDsESaIDsEE12_Alloc_hiderD2Ev
                0x000000000000257c        0x0 /usr/lib/gcc/x86_64-linux-gnu/8/../../../../lib32/Scrt1.o
 .rel.text._ZNSt7__cxx1112basic_stringIDsSt11char_traitsIDsESaIDsEED2Ev
                0x000000000000257c        0x0 /usr/lib/gcc/x86_64-linux-gnu/8/../../../../lib32/Scrt1.o
 .rel.text._ZNSt7__cxx1112basic_stringIcSt11char_traitsIcESaIcEE10_M_disposeEv
                0x000000000000257c        0x0 /usr/lib/gcc/x86_64-linux-gnu/8/../../../../lib32/Scrt1.o
 .rel.text._ZNSt7__cxx1112basic_stringIDsSt11char_traitsIDsESaIDsEE10_M_disposeEv
                0x000000000000257c        0x0 /usr/lib/gcc/x86_64-linux-gnu/8/../../../../lib32/Scrt1.o
 .rel.text._ZNKSt7__cxx1112basic_stringIcSt11char_traitsIcESaIcEE11_M_is_localEv
                0x000000000000257c        0x0 /usr/lib/gcc/x86_64-linux-gnu/8/../../../../lib32/Scrt1.o
 .rel.text._ZNSt7__cxx1112basic_stringIcSt11char_traitsIcESaIcEE10_M_destroyEj
                0x000000000000257c        0x0 /usr/lib/gcc/x86_64-linux-gnu/8/../../../../lib32/Scrt1.o
 .rel.text._ZNKSt7__cxx1112basic_stringIDsSt11char_traitsIDsESaIDsEE11_M_is_localEv
                0x000000000000257c        0x0 /usr/lib/gcc/x86_64-linux-gnu/8/../../../../lib32/Scrt1.o
 .rel.text._ZNSt7__cxx1112basic_stringIDsSt11char_traitsIDsESaIDsEE10_M_destroyEj
                0x000000000000257c        0x0 /usr/lib/gcc/x86_64-linux-gnu/8/../../../../lib32/Scrt1.o
 .rel.text._ZNKSt7__cxx1112basic_stringIcSt11char_traitsIcESaIcEE13_M_local_dataEv
                0x000000000000257c        0x0 /usr/lib/gcc/x86_64-linux-gnu/8/../../../../lib32/Scrt1.o
 .rel.text._ZNSt16allocator_traitsISaIcEE10deallocateERS0_Pcj
                0x000000000000257c        0x0 /usr/lib/gcc/x86_64-linux-gnu/8/../../../../lib32/Scrt1.o
 .rel.text._ZNKSt7__cxx1112basic_stringIDsSt11char_traitsIDsESaIDsEE13_M_local_dataEv
                0x000000000000257c        0x0 /usr/lib/gcc/x86_64-linux-gnu/8/../../../../lib32/Scrt1.o
 .rel.text._ZNSt16allocator_traitsISaIDsEE10deallocateERS0_PDsj
                0x000000000000257c        0x0 /usr/lib/gcc/x86_64-linux-gnu/8/../../../../lib32/Scrt1.o
 .rel.text._ZNSt14pointer_traitsIPKcE10pointer_toERS0_
                0x000000000000257c        0x0 /usr/lib/gcc/x86_64-linux-gnu/8/../../../../lib32/Scrt1.o
 .rel.text._ZNSt14pointer_traitsIPKDsE10pointer_toERS0_
                0x000000000000257c        0x0 /usr/lib/gcc/x86_64-linux-gnu/8/../../../../lib32/Scrt1.o
 .rel.text._ZSt9addressofIKcEPT_RS1_
                0x000000000000257c        0x0 /usr/lib/gcc/x86_64-linux-gnu/8/../../../../lib32/Scrt1.o
 .rel.text._ZSt9addressofIKDsEPT_RS1_
                0x000000000000257c        0x0 /usr/lib/gcc/x86_64-linux-gnu/8/../../../../lib32/Scrt1.o
 .rel.text._ZN19ProcessControlBlockD2Ev
                0x000000000000257c        0x0 /usr/lib/gcc/x86_64-linux-gnu/8/../../../../lib32/Scrt1.o
 .rel.text      0x000000000000257c        0x0 /usr/lib/gcc/x86_64-linux-gnu/8/../../../../lib32/Scrt1.o
 .rel.text._ZNSt11char_traitsIcE7compareEPKcS2_j
                0x000000000000257c        0x0 /usr/lib/gcc/x86_64-linux-gnu/8/../../../../lib32/Scrt1.o
 .rel.text._ZNSt11char_traitsIcE6lengthEPKc
                0x000000000000257c        0x0 /usr/lib/gcc/x86_64-linux-gnu/8/../../../../lib32/Scrt1.o
 .rel.text._ZNSt8__detail17_List_node_headerC2Ev
                0x000000000000257c        0x0 /usr/lib/gcc/x86_64-linux-gnu/8/../../../../lib32/Scrt1.o
 .rel.text._ZNK14WinApiFunction5MatchERKNSt7__cxx1112basic_stringIcSt11char_traitsIcESaIcEEES7_
                0x000000000000257c        0x0 /usr/lib/gcc/x86_64-linux-gnu/8/../../../../lib32/Scrt1.o
 .rel.text._ZN11LoaderErrorC2ENSt7__cxx1112basic_stringIcSt11char_traitsIcESaIcEEE
                0x000000000000257c        0x0 /usr/lib/gcc/x86_64-linux-gnu/8/../../../../lib32/Scrt1.o
 .rel.text._ZN4Core6Loader7Parsers19DosStubHeaderParserC2E10MemoryViewIhEi
                0x000000000000257c        0x0 /usr/lib/gcc/x86_64-linux-gnu/8/../../../../lib32/Scrt1.o
 .rel.text._ZNSt7__cxx1110_List_baseI14WinApiFunctionSaIS1_EE10_List_implD2Ev
                0x000000000000257c        0x0 /usr/lib/gcc/x86_64-linux-gnu/8/../../../../lib32/Scrt1.o
 .rel.text._ZNSt7__cxx1110_List_baseI14WinApiFunctionSaIS1_EEC2Ev
                0x000000000000257c        0x0 /usr/lib/gcc/x86_64-linux-gnu/8/../../../../lib32/Scrt1.o
 .rel.text._ZNSt7__cxx114listI14WinApiFunctionSaIS1_EEC2Ev
                0x000000000000257c        0x0 /usr/lib/gcc/x86_64-linux-gnu/8/../../../../lib32/Scrt1.o
 .rel.text._ZSt5beginINSt7__cxx1112basic_stringIcSt11char_traitsIcESaIcEEEEDTcldtfp_5beginEERT_
                0x000000000000257c        0x0 /usr/lib/gcc/x86_64-linux-gnu/8/../../../../lib32/Scrt1.o
 .rel.text._ZSt3endINSt7__cxx1112basic_stringIcSt11char_traitsIcESaIcEEEEDTcldtfp_3endEERT_
                0x000000000000257c        0x0 /usr/lib/gcc/x86_64-linux-gnu/8/../../../../lib32/Scrt1.o
 .rel.text._ZN9__gnu_cxx11char_traitsIcE7compareEPKcS3_j
                0x000000000000257c        0x0 /usr/lib/gcc/x86_64-linux-gnu/8/../../../../lib32/Scrt1.o
 .rel.text._ZN9__gnu_cxx11char_traitsIcE6lengthEPKc
                0x000000000000257c        0x0 /usr/lib/gcc/x86_64-linux-gnu/8/../../../../lib32/Scrt1.o
 .rel.text._ZNKSt7__cxx1112basic_stringIcSt11char_traitsIcESaIcEE5c_strEv
                0x000000000000257c        0x0 /usr/lib/gcc/x86_64-linux-gnu/8/../../../../lib32/Scrt1.o
 .rel.text._ZNKSt7__cxx1112basic_stringIcSt11char_traitsIcESaIcEE4dataEv
                0x000000000000257c        0x0 /usr/lib/gcc/x86_64-linux-gnu/8/../../../../lib32/Scrt1.o
 .rel.text._ZSteqIcEN9__gnu_cxx11__enable_ifIXsrSt9__is_charIT_E7__valueEbE6__typeERKNSt7__cxx1112basic_stringIS3_St11char_traitsIS3_ESaIS3_EEESE_
                0x000000000000257c        0x0 /usr/lib/gcc/x86_64-linux-gnu/8/../../../../lib32/Scrt1.o
 .rel.text._ZNSt7__cxx1112basic_stringIcSt11char_traitsIcESaIcEEC2EOS4_
                0x000000000000257c        0x0 /usr/lib/gcc/x86_64-linux-gnu/8/../../../../lib32/Scrt1.o
 .rel.text._ZNSt7__cxx1110_List_baseI14WinApiFunctionSaIS1_EE10_List_implC2Ev
                0x000000000000257c        0x0 /usr/lib/gcc/x86_64-linux-gnu/8/../../../../lib32/Scrt1.o
 .rel.text._ZNSaISt10_List_nodeI14WinApiFunctionEED2Ev
                0x000000000000257c        0x0 /usr/lib/gcc/x86_64-linux-gnu/8/../../../../lib32/Scrt1.o
 .rel.text._ZNSt7__cxx1110_List_baseI14WinApiFunctionSaIS1_EED2Ev
                0x000000000000257c        0x0 /usr/lib/gcc/x86_64-linux-gnu/8/../../../../lib32/Scrt1.o
 .rel.text._ZNSt7__cxx1112basic_stringIcSt11char_traitsIcESaIcEEC2IS3_EEPKcRKS3_
                0x000000000000257c        0x0 /usr/lib/gcc/x86_64-linux-gnu/8/../../../../lib32/Scrt1.o
 .rel.text._ZNKSt7__cxx114listI14WinApiFunctionSaIS1_EE4sizeEv
                0x000000000000257c        0x0 /usr/lib/gcc/x86_64-linux-gnu/8/../../../../lib32/Scrt1.o
 .rel.text._ZNSt6vectorIN4Core6Loader14PageBlockEntryESaIS2_EEC2Ev
                0x000000000000257c        0x0 /usr/lib/gcc/x86_64-linux-gnu/8/../../../../lib32/Scrt1.o
 .rel.text._ZNSt6vectorIN4Core6Loader14PageBlockEntryESaIS2_EED2Ev
                0x000000000000257c        0x0 /usr/lib/gcc/x86_64-linux-gnu/8/../../../../lib32/Scrt1.o
 .rel.text._ZNSt7__cxx1112basic_stringIcSt11char_traitsIcESaIcEEC2ERKS4_
                0x000000000000257c        0x0 /usr/lib/gcc/x86_64-linux-gnu/8/../../../../lib32/Scrt1.o
 .rel.text._ZNSt6vectorIN4Core6Loader14PageBlockEntryESaIS2_EE12emplace_backIJRPvRjEEERS2_DpOT_
                0x000000000000257c        0x0 /usr/lib/gcc/x86_64-linux-gnu/8/../../../../lib32/Scrt1.o
 .rel.text._ZNSt6vectorIN4Core6Loader14PageBlockEntryESaIS2_EE12emplace_backIJRPNS1_10Structures24THREAD_INFORMATION_BLOCKERjEEERS2_DpOT_
                0x000000000000257c        0x0 /usr/lib/gcc/x86_64-linux-gnu/8/../../../../lib32/Scrt1.o
 .rel.text._ZNSt7__cxx1112basic_stringIcSt11char_traitsIcESaIcEE5beginEv
                0x000000000000257c        0x0 /usr/lib/gcc/x86_64-linux-gnu/8/../../../../lib32/Scrt1.o
 .rel.text._ZNSt7__cxx1112basic_stringIcSt11char_traitsIcESaIcEE3endEv
                0x000000000000257c        0x0 /usr/lib/gcc/x86_64-linux-gnu/8/../../../../lib32/Scrt1.o
 .rel.text._ZSt9transformIN9__gnu_cxx17__normal_iteratorIPcNSt7__cxx1112basic_stringIcSt11char_traitsIcESaIcEEEEES9_PDoFiiEET0_T_SD_SC_T1_
                0x000000000000257c        0x0 /usr/lib/gcc/x86_64-linux-gnu/8/../../../../lib32/Scrt1.o
 .rel.text._ZNSt7__cxx114listI14WinApiFunctionSaIS1_EE5beginEv
                0x000000000000257c        0x0 /usr/lib/gcc/x86_64-linux-gnu/8/../../../../lib32/Scrt1.o
 .rel.text._ZNSt7__cxx114listI14WinApiFunctionSaIS1_EE3endEv
                0x000000000000257c        0x0 /usr/lib/gcc/x86_64-linux-gnu/8/../../../../lib32/Scrt1.o
 .rel.text._ZNKSt14_List_iteratorI14WinApiFunctionEdeEv
                0x000000000000257c        0x0 /usr/lib/gcc/x86_64-linux-gnu/8/../../../../lib32/Scrt1.o
 .rel.text._ZNSt6vectorIN4Core6Loader14PageBlockEntryESaIS2_EE5beginEv
                0x000000000000257c        0x0 /usr/lib/gcc/x86_64-linux-gnu/8/../../../../lib32/Scrt1.o
 .rel.text._ZNSt6vectorIN4Core6Loader14PageBlockEntryESaIS2_EE3endEv
                0x000000000000257c        0x0 /usr/lib/gcc/x86_64-linux-gnu/8/../../../../lib32/Scrt1.o
 .rel.text._ZN9__gnu_cxxneIPN4Core6Loader14PageBlockEntryESt6vectorIS3_SaIS3_EEEEbRKNS_17__normal_iteratorIT_T0_EESD_
                0x000000000000257c        0x0 /usr/lib/gcc/x86_64-linux-gnu/8/../../../../lib32/Scrt1.o
 .rel.text._ZNSt7__cxx1112basic_stringIcSt11char_traitsIcESaIcEE13_M_local_dataEv
                0x000000000000257c        0x0 /usr/lib/gcc/x86_64-linux-gnu/8/../../../../lib32/Scrt1.o
 .rel.text._ZNSt7__cxx1112basic_stringIcSt11char_traitsIcESaIcEE12_M_constructIPKcEEvT_S8_
                0x000000000000257c        0x0 /usr/lib/gcc/x86_64-linux-gnu/8/../../../../lib32/Scrt1.o
 .rel.text._ZNSt7__cxx1112basic_stringIcSt11char_traitsIcESaIcEE12_Alloc_hiderC2EPcOS3_
                0x000000000000257c        0x0 /usr/lib/gcc/x86_64-linux-gnu/8/../../../../lib32/Scrt1.o
 .rel.text._ZNSt7__cxx1112basic_stringIcSt11char_traitsIcESaIcEE13_M_set_lengthEj
                0x000000000000257c        0x0 /usr/lib/gcc/x86_64-linux-gnu/8/../../../../lib32/Scrt1.o
 .rel.text._ZNSaISt10_List_nodeI14WinApiFunctionEEC2Ev
                0x000000000000257c        0x0 /usr/lib/gcc/x86_64-linux-gnu/8/../../../../lib32/Scrt1.o
 .rel.text._ZNSt7__cxx1110_List_baseI14WinApiFunctionSaIS1_EE8_M_clearEv
                0x000000000000257c        0x0 /usr/lib/gcc/x86_64-linux-gnu/8/../../../../lib32/Scrt1.o
 .rel.text._ZNKSt7__cxx114listI14WinApiFunctionSaIS1_EE13_M_node_countEv
                0x000000000000257c        0x0 /usr/lib/gcc/x86_64-linux-gnu/8/../../../../lib32/Scrt1.o
 .rel.text._ZNSt12_Vector_baseIN4Core6Loader14PageBlockEntryESaIS2_EE12_Vector_implD2Ev
                0x000000000000257c        0x0 /usr/lib/gcc/x86_64-linux-gnu/8/../../../../lib32/Scrt1.o
 .rel.text._ZNSt12_Vector_baseIN4Core6Loader14PageBlockEntryESaIS2_EEC2Ev
                0x000000000000257c        0x0 /usr/lib/gcc/x86_64-linux-gnu/8/../../../../lib32/Scrt1.o
 .rel.text._ZNSt12_Vector_baseIN4Core6Loader14PageBlockEntryESaIS2_EED2Ev
                0x000000000000257c        0x0 /usr/lib/gcc/x86_64-linux-gnu/8/../../../../lib32/Scrt1.o
 .rel.text._ZSt8_DestroyIPN4Core6Loader14PageBlockEntryES2_EvT_S4_RSaIT0_E
                0x000000000000257c        0x0 /usr/lib/gcc/x86_64-linux-gnu/8/../../../../lib32/Scrt1.o
 .rel.text._ZN9__gnu_cxx14__alloc_traitsISaIcEcE17_S_select_on_copyERKS1_
                0x000000000000257c        0x0 /usr/lib/gcc/x86_64-linux-gnu/8/../../../../lib32/Scrt1.o
 .rel.text._ZNSt7__cxx1112basic_stringIcSt11char_traitsIcESaIcEE12_M_constructIPcEEvT_S7_
                0x000000000000257c        0x0 /usr/lib/gcc/x86_64-linux-gnu/8/../../../../lib32/Scrt1.o
 .rel.text._ZNSt16allocator_traitsISaIN4Core6Loader14PageBlockEntryEEE9constructIS2_JRPvRjEEEvRS3_PT_DpOT0_
                0x000000000000257c        0x0 /usr/lib/gcc/x86_64-linux-gnu/8/../../../../lib32/Scrt1.o
 .rel.text._ZNSt6vectorIN4Core6Loader14PageBlockEntryESaIS2_EE17_M_realloc_insertIJRPvRjEEEvN9__gnu_cxx17__normal_iteratorIPS2_S4_EEDpOT_
                0x000000000000257c        0x0 /usr/lib/gcc/x86_64-linux-gnu/8/../../../../lib32/Scrt1.o
 .rel.text._ZNSt6vectorIN4Core6Loader14PageBlockEntryESaIS2_EE4backEv
                0x000000000000257c        0x0 /usr/lib/gcc/x86_64-linux-gnu/8/../../../../lib32/Scrt1.o
 .rel.text._ZNSt16allocator_traitsISaIN4Core6Loader14PageBlockEntryEEE9constructIS2_JRPNS1_10Structures24THREAD_INFORMATION_BLOCKERjEEEvRS3_PT_DpOT0_
                0x000000000000257c        0x0 /usr/lib/gcc/x86_64-linux-gnu/8/../../../../lib32/Scrt1.o
 .rel.text._ZNSt6vectorIN4Core6Loader14PageBlockEntryESaIS2_EE17_M_realloc_insertIJRPNS1_10Structures24THREAD_INFORMATION_BLOCKERjEEEvN9__gnu_cxx17__normal_iteratorIPS2_S4_EEDpOT_
                0x000000000000257c        0x0 /usr/lib/gcc/x86_64-linux-gnu/8/../../../../lib32/Scrt1.o
 .rel.text._ZN9__gnu_cxxneIPcNSt7__cxx1112basic_stringIcSt11char_traitsIcESaIcEEEEEbRKNS_17__normal_iteratorIT_T0_EESD_
                0x000000000000257c        0x0 /usr/lib/gcc/x86_64-linux-gnu/8/../../../../lib32/Scrt1.o
 .rel.text._ZNSt10_List_nodeI14WinApiFunctionE9_M_valptrEv
                0x000000000000257c        0x0 /usr/lib/gcc/x86_64-linux-gnu/8/../../../../lib32/Scrt1.o
 .rel.text._ZNSt14pointer_traitsIPcE10pointer_toERc
                0x000000000000257c        0x0 /usr/lib/gcc/x86_64-linux-gnu/8/../../../../lib32/Scrt1.o
 .rel.text._ZNSt7__cxx1112basic_stringIcSt11char_traitsIcESaIcEE16_M_construct_auxIPKcEEvT_S8_St12__false_type
                0x000000000000257c        0x0 /usr/lib/gcc/x86_64-linux-gnu/8/../../../../lib32/Scrt1.o
 .rel.text._ZNSt16allocator_traitsISaISt10_List_nodeI14WinApiFunctionEEE7destroyIS1_EEvRS3_PT_
                0x000000000000257c        0x0 /usr/lib/gcc/x86_64-linux-gnu/8/../../../../lib32/Scrt1.o
 .rel.text._ZNSt7__cxx1110_List_baseI14WinApiFunctionSaIS1_EE11_M_put_nodeEPSt10_List_nodeIS1_E
                0x000000000000257c        0x0 /usr/lib/gcc/x86_64-linux-gnu/8/../../../../lib32/Scrt1.o
 .rel.text._ZNSt12_Vector_baseIN4Core6Loader14PageBlockEntryESaIS2_EE12_Vector_implC2Ev
                0x000000000000257c        0x0 /usr/lib/gcc/x86_64-linux-gnu/8/../../../../lib32/Scrt1.o
 .rel.text._ZNSaIN4Core6Loader14PageBlockEntryEED2Ev
                0x000000000000257c        0x0 /usr/lib/gcc/x86_64-linux-gnu/8/../../../../lib32/Scrt1.o
 .rel.text._ZNSt12_Vector_baseIN4Core6Loader14PageBlockEntryESaIS2_EE13_M_deallocateEPS2_j
                0x000000000000257c        0x0 /usr/lib/gcc/x86_64-linux-gnu/8/../../../../lib32/Scrt1.o
 .rel.text._ZSt8_DestroyIPN4Core6Loader14PageBlockEntryEEvT_S4_
                0x000000000000257c        0x0 /usr/lib/gcc/x86_64-linux-gnu/8/../../../../lib32/Scrt1.o
 .rel.text._ZNSt7__cxx1112basic_stringIcSt11char_traitsIcESaIcEE16_M_construct_auxIPcEEvT_S7_St12__false_type
                0x000000000000257c        0x0 /usr/lib/gcc/x86_64-linux-gnu/8/../../../../lib32/Scrt1.o
 .rel.text._ZN9__gnu_cxx13new_allocatorIN4Core6Loader14PageBlockEntryEE9constructIS3_JRPvRjEEEvPT_DpOT0_
                0x000000000000257c        0x0 /usr/lib/gcc/x86_64-linux-gnu/8/../../../../lib32/Scrt1.o
 .rel.text._ZNKSt6vectorIN4Core6Loader14PageBlockEntryESaIS2_EE12_M_check_lenEjPKc
                0x000000000000257c        0x0 /usr/lib/gcc/x86_64-linux-gnu/8/../../../../lib32/Scrt1.o
 .rel.text._ZN9__gnu_cxxmiIPN4Core6Loader14PageBlockEntryESt6vectorIS3_SaIS3_EEEENS_17__normal_iteratorIT_T0_E15difference_typeERKSB_SE_
                0x000000000000257c        0x0 /usr/lib/gcc/x86_64-linux-gnu/8/../../../../lib32/Scrt1.o
 .rel.text._ZNSt12_Vector_baseIN4Core6Loader14PageBlockEntryESaIS2_EE11_M_allocateEj
                0x000000000000257c        0x0 /usr/lib/gcc/x86_64-linux-gnu/8/../../../../lib32/Scrt1.o
 .rel.text._ZSt32__make_move_if_noexcept_iteratorIN4Core6Loader14PageBlockEntryESt13move_iteratorIPS2_EET0_PT_
                0x000000000000257c        0x0 /usr/lib/gcc/x86_64-linux-gnu/8/../../../../lib32/Scrt1.o
 .rel.text._ZSt34__uninitialized_move_if_noexcept_aIPN4Core6Loader14PageBlockEntryES3_SaIS2_EET0_T_S6_S5_RT1_
                0x000000000000257c        0x0 /usr/lib/gcc/x86_64-linux-gnu/8/../../../../lib32/Scrt1.o
 .rel.text._ZNSt16allocator_traitsISaIN4Core6Loader14PageBlockEntryEEE7destroyIS2_EEvRS3_PT_
                0x000000000000257c        0x0 /usr/lib/gcc/x86_64-linux-gnu/8/../../../../lib32/Scrt1.o
 .rel.text._ZNK9__gnu_cxx17__normal_iteratorIPN4Core6Loader14PageBlockEntryESt6vectorIS3_SaIS3_EEEmiEi
                0x000000000000257c        0x0 /usr/lib/gcc/x86_64-linux-gnu/8/../../../../lib32/Scrt1.o
 .rel.text._ZN9__gnu_cxx13new_allocatorIN4Core6Loader14PageBlockEntryEE9constructIS3_JRPNS2_10Structures24THREAD_INFORMATION_BLOCKERjEEEvPT_DpOT0_
                0x000000000000257c        0x0 /usr/lib/gcc/x86_64-linux-gnu/8/../../../../lib32/Scrt1.o
 .rel.text._ZN9__gnu_cxx16__aligned_membufI14WinApiFunctionE6_M_ptrEv
                0x000000000000257c        0x0 /usr/lib/gcc/x86_64-linux-gnu/8/../../../../lib32/Scrt1.o
 .rel.text._ZSt9addressofIcEPT_RS0_
                0x000000000000257c        0x0 /usr/lib/gcc/x86_64-linux-gnu/8/../../../../lib32/Scrt1.o
 .rel.text._ZSt8distanceIPKcENSt15iterator_traitsIT_E15difference_typeES3_S3_
                0x000000000000257c        0x0 /usr/lib/gcc/x86_64-linux-gnu/8/../../../../lib32/Scrt1.o
 .rel.text._ZNSt7__cxx1112basic_stringIcSt11char_traitsIcESaIcEE12_M_constructIPKcEEvT_S8_St20forward_iterator_tag
                0x000000000000257c        0x0 /usr/lib/gcc/x86_64-linux-gnu/8/../../../../lib32/Scrt1.o
 .rel.text._ZNKSt7__cxx1112basic_stringIcSt11char_traitsIcESaIcEE8max_sizeEv
                0x000000000000257c        0x0 /usr/lib/gcc/x86_64-linux-gnu/8/../../../../lib32/Scrt1.o
 .rel.text._ZNSt7__cxx1112basic_stringIcSt11char_traitsIcESaIcEE7_S_copyEPcPKcj
                0x000000000000257c        0x0 /usr/lib/gcc/x86_64-linux-gnu/8/../../../../lib32/Scrt1.o
 .rel.text._ZN14WinApiFunctionD2Ev
                0x000000000000257c        0x0 /usr/lib/gcc/x86_64-linux-gnu/8/../../../../lib32/Scrt1.o
 .rel.text._ZN9__gnu_cxx13new_allocatorISt10_List_nodeI14WinApiFunctionEE7destroyIS2_EEvPT_
                0x000000000000257c        0x0 /usr/lib/gcc/x86_64-linux-gnu/8/../../../../lib32/Scrt1.o
 .rel.text._ZNSt16allocator_traitsISaISt10_List_nodeI14WinApiFunctionEEE10deallocateERS3_PS2_j
                0x000000000000257c        0x0 /usr/lib/gcc/x86_64-linux-gnu/8/../../../../lib32/Scrt1.o
 .rel.text._ZNSaIN4Core6Loader14PageBlockEntryEEC2Ev
                0x000000000000257c        0x0 /usr/lib/gcc/x86_64-linux-gnu/8/../../../../lib32/Scrt1.o
 .rel.text._ZNSt16allocator_traitsISaIN4Core6Loader14PageBlockEntryEEE10deallocateERS3_PS2_j
                0x000000000000257c        0x0 /usr/lib/gcc/x86_64-linux-gnu/8/../../../../lib32/Scrt1.o
 .rel.text._ZSt8distanceIPcENSt15iterator_traitsIT_E15difference_typeES2_S2_
                0x000000000000257c        0x0 /usr/lib/gcc/x86_64-linux-gnu/8/../../../../lib32/Scrt1.o
 .rel.text._ZNSt7__cxx1112basic_stringIcSt11char_traitsIcESaIcEE12_M_constructIPcEEvT_S7_St20forward_iterator_tag
                0x000000000000257c        0x0 /usr/lib/gcc/x86_64-linux-gnu/8/../../../../lib32/Scrt1.o
 .rel.text._ZNKSt6vectorIN4Core6Loader14PageBlockEntryESaIS2_EE8max_sizeEv
                0x000000000000257c        0x0 /usr/lib/gcc/x86_64-linux-gnu/8/../../../../lib32/Scrt1.o
 .rel.text._ZNSt16allocator_traitsISaIN4Core6Loader14PageBlockEntryEEE8allocateERS3_j
                0x000000000000257c        0x0 /usr/lib/gcc/x86_64-linux-gnu/8/../../../../lib32/Scrt1.o
 .rel.text._ZSt22__uninitialized_copy_aISt13move_iteratorIPN4Core6Loader14PageBlockEntryEES4_S3_ET0_T_S7_S6_RSaIT1_E
                0x000000000000257c        0x0 /usr/lib/gcc/x86_64-linux-gnu/8/../../../../lib32/Scrt1.o
 .rel.text._ZNSt7__cxx1112basic_stringIcSt11char_traitsIcESaIcEE9_M_createERjj
                0x000000000000257c        0x0 /usr/lib/gcc/x86_64-linux-gnu/8/../../../../lib32/Scrt1.o
 .rel.text._ZNSt7__cxx1112basic_stringIcSt11char_traitsIcESaIcEE13_S_copy_charsEPcPKcS7_
                0x000000000000257c        0x0 /usr/lib/gcc/x86_64-linux-gnu/8/../../../../lib32/Scrt1.o
 .rel.text._ZNSt16allocator_traitsISaIcEE8max_sizeERKS0_
                0x000000000000257c        0x0 /usr/lib/gcc/x86_64-linux-gnu/8/../../../../lib32/Scrt1.o
 .rel.text._ZNSt7__cxx1112basic_stringIcSt11char_traitsIcESaIcEE13_S_copy_charsEPcS5_S5_
                0x000000000000257c        0x0 /usr/lib/gcc/x86_64-linux-gnu/8/../../../../lib32/Scrt1.o
 .rel.text._ZNSt16allocator_traitsISaIN4Core6Loader14PageBlockEntryEEE8max_sizeERKS3_
                0x000000000000257c        0x0 /usr/lib/gcc/x86_64-linux-gnu/8/../../../../lib32/Scrt1.o
 .rel.text._ZN9__gnu_cxx13new_allocatorIN4Core6Loader14PageBlockEntryEE8allocateEjPKv
                0x000000000000257c        0x0 /usr/lib/gcc/x86_64-linux-gnu/8/../../../../lib32/Scrt1.o
 .rel.text._ZSt18uninitialized_copyISt13move_iteratorIPN4Core6Loader14PageBlockEntryEES4_ET0_T_S7_S6_
                0x000000000000257c        0x0 /usr/lib/gcc/x86_64-linux-gnu/8/../../../../lib32/Scrt1.o
 .rel.text._ZNSt16allocator_traitsISaIcEE8allocateERS0_j
                0x000000000000257c        0x0 /usr/lib/gcc/x86_64-linux-gnu/8/../../../../lib32/Scrt1.o
 .rel.text._ZNSt20__uninitialized_copyILb0EE13__uninit_copyISt13move_iteratorIPN4Core6Loader14PageBlockEntryEES6_EET0_T_S9_S8_
                0x000000000000257c        0x0 /usr/lib/gcc/x86_64-linux-gnu/8/../../../../lib32/Scrt1.o
 .rel.text._ZN9__gnu_cxx13new_allocatorIcE8allocateEjPKv
                0x000000000000257c        0x0 /usr/lib/gcc/x86_64-linux-gnu/8/../../../../lib32/Scrt1.o
 .rel.text._ZStneIPN4Core6Loader14PageBlockEntryEEbRKSt13move_iteratorIT_ES8_
                0x000000000000257c        0x0 /usr/lib/gcc/x86_64-linux-gnu/8/../../../../lib32/Scrt1.o
 .rel.text._ZSt10_ConstructIN4Core6Loader14PageBlockEntryEJS2_EEvPT_DpOT0_
                0x000000000000257c        0x0 /usr/lib/gcc/x86_64-linux-gnu/8/../../../../lib32/Scrt1.o
 .rel.text._ZSteqIPN4Core6Loader14PageBlockEntryEEbRKSt13move_iteratorIT_ES8_
                0x000000000000257c        0x0 /usr/lib/gcc/x86_64-linux-gnu/8/../../../../lib32/Scrt1.o
 .rel.text._ZN11LoaderErrorD2Ev
                0x000000000000257c        0x0 /usr/lib/gcc/x86_64-linux-gnu/8/../../../../lib32/Scrt1.o
 .rel.text._ZN11LoaderErrorD0Ev
                0x000000000000257c        0x0 /usr/lib/gcc/x86_64-linux-gnu/8/../../../../lib32/Scrt1.o
 .rel.text._ZNSt7__cxx114listI14WinApiFunctionSaIS1_EED2Ev
                0x000000000000257c        0x0 /usr/lib/gcc/x86_64-linux-gnu/8/../../../../lib32/Scrt1.o
 .rel.text._ZNSt5arrayI11HandleEntryLj8EEC2Ev
                0x000000000000257c        0x0 /usr/lib/gcc/x86_64-linux-gnu/8/../../../../lib32/Scrt1.o
 .rel.text._ZNSt5arrayI11HandleEntryLj8EEixEj
                0x000000000000257c        0x0 /usr/lib/gcc/x86_64-linux-gnu/8/../../../../lib32/Scrt1.o
 .rel.text._ZNSt5arrayIP11HandleEntryLj8EEixEj
                0x000000000000257c        0x0 /usr/lib/gcc/x86_64-linux-gnu/8/../../../../lib32/Scrt1.o
 .rel.text._ZNSt7__cxx114listI14WinApiFunctionSaIS1_EE9push_backERKS1_
                0x000000000000257c        0x0 /usr/lib/gcc/x86_64-linux-gnu/8/../../../../lib32/Scrt1.o
 .rel.text._ZN14WinApiFunctionC2IPU7stdcallFvjEEERKNSt7__cxx1112basic_stringIcSt11char_traitsIcESaIcEEESA_T_
                0x000000000000257c        0x0 /usr/lib/gcc/x86_64-linux-gnu/8/../../../../lib32/Scrt1.o
 .rel.text._ZN14WinApiFunctionC2IPU7stdcallFjjiEEERKNSt7__cxx1112basic_stringIcSt11char_traitsIcESaIcEEESA_T_
                0x000000000000257c        0x0 /usr/lib/gcc/x86_64-linux-gnu/8/../../../../lib32/Scrt1.o
 .rel.text._ZN14WinApiFunctionC2IPU7stdcallFvPKcEEERKNSt7__cxx1112basic_stringIcSt11char_traitsIcESaIcEEESC_T_
                0x000000000000257c        0x0 /usr/lib/gcc/x86_64-linux-gnu/8/../../../../lib32/Scrt1.o
 .rel.text._ZN14WinApiFunctionC2IPU7stdcallFvvEEERKNSt7__cxx1112basic_stringIcSt11char_traitsIcESaIcEEESA_T_
                0x000000000000257c        0x0 /usr/lib/gcc/x86_64-linux-gnu/8/../../../../lib32/Scrt1.o
 .rel.text._ZN14WinApiFunctionC2IPU7stdcallFiPvPKvjPjS1_EEERKNSt7__cxx1112basic_stringIcSt11char_traitsIcESaIcEEESE_T_
                0x000000000000257c        0x0 /usr/lib/gcc/x86_64-linux-gnu/8/../../../../lib32/Scrt1.o
 .rel.text._ZN14WinApiFunctionC2IPU7stdcallFvPvEEERKNSt7__cxx1112basic_stringIcSt11char_traitsIcESaIcEEESB_T_
                0x000000000000257c        0x0 /usr/lib/gcc/x86_64-linux-gnu/8/../../../../lib32/Scrt1.o
 .rel.text._ZN14WinApiFunctionC2IPU7stdcallFPvyPyS1_EEERKNSt7__cxx1112basic_stringIcSt11char_traitsIcESaIcEEESC_T_
                0x000000000000257c        0x0 /usr/lib/gcc/x86_64-linux-gnu/8/../../../../lib32/Scrt1.o
 .rel.text._ZN14WinApiFunctionC2IPU7stdcallFPvjyyS1_S1_PS1_PyS1_EEERKNSt7__cxx1112basic_stringIcSt11char_traitsIcESaIcEEESD_T_
                0x000000000000257c        0x0 /usr/lib/gcc/x86_64-linux-gnu/8/../../../../lib32/Scrt1.o
 .rel.text._ZN14WinApiFunctionC2IPU7stdcallFiPN4Core6WinAPI13ErrorHandling19_EXCEPTION_POINTERSEEEERKNSt7__cxx1112basic_stringIcSt11char_traitsIcESaIcEEESF_T_
                0x000000000000257c        0x0 /usr/lib/gcc/x86_64-linux-gnu/8/../../../../lib32/Scrt1.o
 .rel.text._ZN14WinApiFunctionC2IPU7stdcallFPvS1_EEERKNSt7__cxx1112basic_stringIcSt11char_traitsIcESaIcEEESB_T_
                0x000000000000257c        0x0 /usr/lib/gcc/x86_64-linux-gnu/8/../../../../lib32/Scrt1.o
 .rel.text._ZN14WinApiFunctionC2IPU7stdcallFPvvEEERKNSt7__cxx1112basic_stringIcSt11char_traitsIcESaIcEEESB_T_
                0x000000000000257c        0x0 /usr/lib/gcc/x86_64-linux-gnu/8/../../../../lib32/Scrt1.o
 .rel.text._ZN14WinApiFunctionC2IPU7stdcallFiPvjEEERKNSt7__cxx1112basic_stringIcSt11char_traitsIcESaIcEEESB_T_
                0x000000000000257c        0x0 /usr/lib/gcc/x86_64-linux-gnu/8/../../../../lib32/Scrt1.o
 .rel.text._ZN14WinApiFunctionC2IPU7stdcallFijEEERKNSt7__cxx1112basic_stringIcSt11char_traitsIcESaIcEEESA_T_
                0x000000000000257c        0x0 /usr/lib/gcc/x86_64-linux-gnu/8/../../../../lib32/Scrt1.o
 .rel.text._ZN14WinApiFunctionC2IPU7stdcallFiP14_LARGE_INTEGEREEERKNSt7__cxx1112basic_stringIcSt11char_traitsIcESaIcEEESC_T_
                0x000000000000257c        0x0 /usr/lib/gcc/x86_64-linux-gnu/8/../../../../lib32/Scrt1.o
 .rel.text._ZN14WinApiFunctionC2IPU7stdcallFjvEEERKNSt7__cxx1112basic_stringIcSt11char_traitsIcESaIcEEESA_T_
                0x000000000000257c        0x0 /usr/lib/gcc/x86_64-linux-gnu/8/../../../../lib32/Scrt1.o
 .rel.text._ZN14WinApiFunctionC2IPU7stdcallFvPN4Core6WinAPI7SysInfo9_FILETIMEEEEERKNSt7__cxx1112basic_stringIcSt11char_traitsIcESaIcEEESF_T_
                0x000000000000257c        0x0 /usr/lib/gcc/x86_64-linux-gnu/8/../../../../lib32/Scrt1.o
 .rel.text._ZN14WinApiFunctionC2IPU7stdcallFvPN4Core6WinAPI11Interlocked13_SLIST_HEADEREEEERKNSt7__cxx1112basic_stringIcSt11char_traitsIcESaIcEEESF_T_
                0x000000000000257c        0x0 /usr/lib/gcc/x86_64-linux-gnu/8/../../../../lib32/Scrt1.o
 .rel.text._ZN14WinApiFunctionC2IPU7stdcallFivEEERKNSt7__cxx1112basic_stringIcSt11char_traitsIcESaIcEEESA_T_
                0x000000000000257c        0x0 /usr/lib/gcc/x86_64-linux-gnu/8/../../../../lib32/Scrt1.o
 .rel.text._ZN14WinApiFunctionC2IPU7stdcallFvPN4Core6WinAPI13ProcessThread13_STARTUPINFOWEEEERKNSt7__cxx1112basic_stringIcSt11char_traitsIcESaIcEEESF_T_
                0x000000000000257c        0x0 /usr/lib/gcc/x86_64-linux-gnu/8/../../../../lib32/Scrt1.o
 .rel.text._ZN14WinApiFunctionC2IPU7stdcallFPvPKDsEEERKNSt7__cxx1112basic_stringIcSt11char_traitsIcESaIcEEESD_T_
                0x000000000000257c        0x0 /usr/lib/gcc/x86_64-linux-gnu/8/../../../../lib32/Scrt1.o
 .rel.text._ZN14WinApiFunctionC2IPU7stdcallFvPvS1_S1_S1_S1_S1_EEERKNSt7__cxx1112basic_stringIcSt11char_traitsIcESaIcEEESB_T_
                0x000000000000257c        0x0 /usr/lib/gcc/x86_64-linux-gnu/8/../../../../lib32/Scrt1.o
 .rel.text._ZN14WinApiFunctionC2IPU7stdcallFvPN4Core6WinAPI15Synchronization16CRITICAL_SECTIONEEEERKNSt7__cxx1112basic_stringIcSt11char_traitsIcESaIcEEESF_T_
                0x000000000000257c        0x0 /usr/lib/gcc/x86_64-linux-gnu/8/../../../../lib32/Scrt1.o
 .rel.text._ZN14WinApiFunctionC2IPU7stdcallFiPN4Core6WinAPI15Synchronization16CRITICAL_SECTIONEjEEERKNSt7__cxx1112basic_stringIcSt11char_traitsIcESaIcEEESF_T_
                0x000000000000257c        0x0 /usr/lib/gcc/x86_64-linux-gnu/8/../../../../lib32/Scrt1.o
 .rel.text._ZN14WinApiFunctionC2IPU7stdcallFPvjEEERKNSt7__cxx1112basic_stringIcSt11char_traitsIcESaIcEEESB_T_
                0x000000000000257c        0x0 /usr/lib/gcc/x86_64-linux-gnu/8/../../../../lib32/Scrt1.o
 .rel.text._ZN14WinApiFunctionC2IPU7stdcallFijPvEEERKNSt7__cxx1112basic_stringIcSt11char_traitsIcESaIcEEESB_T_
                0x000000000000257c        0x0 /usr/lib/gcc/x86_64-linux-gnu/8/../../../../lib32/Scrt1.o
 .rel.text._ZN14WinApiFunctionC2IPU7stdcallFiPvEEERKNSt7__cxx1112basic_stringIcSt11char_traitsIcESaIcEEESB_T_
                0x000000000000257c        0x0 /usr/lib/gcc/x86_64-linux-gnu/8/../../../../lib32/Scrt1.o
 .rel.text._ZN14WinApiFunctionC2IPU7stdcallFPU7stdcallFivEPvPKcEEERKNSt7__cxx1112basic_stringIcSt11char_traitsIcESaIcEEESF_T_
                0x000000000000257c        0x0 /usr/lib/gcc/x86_64-linux-gnu/8/../../../../lib32/Scrt1.o
 .rel.text._ZN14WinApiFunctionC2IPU7stdcallFPvPKDsS1_jEEERKNSt7__cxx1112basic_stringIcSt11char_traitsIcESaIcEEESD_T_
                0x000000000000257c        0x0 /usr/lib/gcc/x86_64-linux-gnu/8/../../../../lib32/Scrt1.o
 .rel.text._ZN14WinApiFunctionC2IPU7stdcallFvjjjPKjEEERKNSt7__cxx1112basic_stringIcSt11char_traitsIcESaIcEEESC_T_
                0x000000000000257c        0x0 /usr/lib/gcc/x86_64-linux-gnu/8/../../../../lib32/Scrt1.o
 .rel.text._ZN14WinApiFunctionC2IPU7stdcallFiPKDsEEERKNSt7__cxx1112basic_stringIcSt11char_traitsIcESaIcEEESC_T_
                0x000000000000257c        0x0 /usr/lib/gcc/x86_64-linux-gnu/8/../../../../lib32/Scrt1.o
 .rel.text._ZN14WinApiFunctionC2IPU7stdcallFjPvPDsjEEERKNSt7__cxx1112basic_stringIcSt11char_traitsIcESaIcEEESC_T_
                0x000000000000257c        0x0 /usr/lib/gcc/x86_64-linux-gnu/8/../../../../lib32/Scrt1.o
 .rel.text._ZN14WinApiFunctionC2IPU7stdcallFijPKDsPPvEEERKNSt7__cxx1112basic_stringIcSt11char_traitsIcESaIcEEESE_T_
                0x000000000000257c        0x0 /usr/lib/gcc/x86_64-linux-gnu/8/../../../../lib32/Scrt1.o
 .rel.text._ZN14WinApiFunctionC2IPU7stdcallFPcvEEERKNSt7__cxx1112basic_stringIcSt11char_traitsIcESaIcEEESB_T_
                0x000000000000257c        0x0 /usr/lib/gcc/x86_64-linux-gnu/8/../../../../lib32/Scrt1.o
 .rel.text._ZN14WinApiFunctionC2IPU7stdcallFPDsvEEERKNSt7__cxx1112basic_stringIcSt11char_traitsIcESaIcEEESB_T_
                0x000000000000257c        0x0 /usr/lib/gcc/x86_64-linux-gnu/8/../../../../lib32/Scrt1.o
 .rel.text._ZN14WinApiFunctionC2IPU7stdcallFPvS1_jjEEERKNSt7__cxx1112basic_stringIcSt11char_traitsIcESaIcEEESB_T_
                0x000000000000257c        0x0 /usr/lib/gcc/x86_64-linux-gnu/8/../../../../lib32/Scrt1.o
 .rel.text._ZN14WinApiFunctionC2IPU7stdcallFiPvjS1_EEERKNSt7__cxx1112basic_stringIcSt11char_traitsIcESaIcEEESB_T_
                0x000000000000257c        0x0 /usr/lib/gcc/x86_64-linux-gnu/8/../../../../lib32/Scrt1.o
 .rel.text._ZN14WinApiFunctionC2IPU7stdcallFijjPKDsiS2_iEEERKNSt7__cxx1112basic_stringIcSt11char_traitsIcESaIcEEESC_T_
                0x000000000000257c        0x0 /usr/lib/gcc/x86_64-linux-gnu/8/../../../../lib32/Scrt1.o
 .rel.text._ZN14WinApiFunctionC2IPU7stdcallFijjPKDsiPDsiEEERKNSt7__cxx1112basic_stringIcSt11char_traitsIcESaIcEEESD_T_
                0x000000000000257c        0x0 /usr/lib/gcc/x86_64-linux-gnu/8/../../../../lib32/Scrt1.o
 .rel.text._ZN14WinApiFunctionC2IPU7stdcallFjPvEEERKNSt7__cxx1112basic_stringIcSt11char_traitsIcESaIcEEESB_T_
                0x000000000000257c        0x0 /usr/lib/gcc/x86_64-linux-gnu/8/../../../../lib32/Scrt1.o
 .rel.text._ZN14WinApiFunctionC2IPU7stdcallFPvPKDsN4Core6WinAPI4File19_FINDEX_INFO_LEVELSES1_NS6_18_FINDEX_SEARCH_OPSES1_jEEERKNSt7__cxx1112basic_stringIcSt11char_traitsIcESaIcEEESI_T_
                0x000000000000257c        0x0 /usr/lib/gcc/x86_64-linux-gnu/8/../../../../lib32/Scrt1.o
 .rel.text._ZN14WinApiFunctionC2IPU7stdcallFiPvS1_EEERKNSt7__cxx1112basic_stringIcSt11char_traitsIcESaIcEEESB_T_
                0x000000000000257c        0x0 /usr/lib/gcc/x86_64-linux-gnu/8/../../../../lib32/Scrt1.o
 .rel.text._ZN14WinApiFunctionC2IPU7stdcallFijPN4Core6WinAPI3NLS7_cpinfoEEEERKNSt7__cxx1112basic_stringIcSt11char_traitsIcESaIcEEESF_T_
                0x000000000000257c        0x0 /usr/lib/gcc/x86_64-linux-gnu/8/../../../../lib32/Scrt1.o
 .rel.text._ZN14WinApiFunctionC2IPU7stdcallFijjPKciPDsiEEERKNSt7__cxx1112basic_stringIcSt11char_traitsIcESaIcEEESD_T_
                0x000000000000257c        0x0 /usr/lib/gcc/x86_64-linux-gnu/8/../../../../lib32/Scrt1.o
 .rel.text._ZN14WinApiFunctionC2IPU7stdcallFijjPKDsiPciPKcPiEEERKNSt7__cxx1112basic_stringIcSt11char_traitsIcESaIcEEESG_T_
                0x000000000000257c        0x0 /usr/lib/gcc/x86_64-linux-gnu/8/../../../../lib32/Scrt1.o
 .rel.text._ZN14WinApiFunctionC2IPU7stdcallFiPDsEEERKNSt7__cxx1112basic_stringIcSt11char_traitsIcESaIcEEESB_T_
                0x000000000000257c        0x0 /usr/lib/gcc/x86_64-linux-gnu/8/../../../../lib32/Scrt1.o
 .rel.text._ZN14WinApiFunctionC2IPU7stdcallFiPKDsS2_EEERKNSt7__cxx1112basic_stringIcSt11char_traitsIcESaIcEEESC_T_
                0x000000000000257c        0x0 /usr/lib/gcc/x86_64-linux-gnu/8/../../../../lib32/Scrt1.o
 .rel.text._ZN14WinApiFunctionC2IPU7stdcallFijPKDsiPtEEERKNSt7__cxx1112basic_stringIcSt11char_traitsIcESaIcEEESD_T_
                0x000000000000257c        0x0 /usr/lib/gcc/x86_64-linux-gnu/8/../../../../lib32/Scrt1.o
 .rel.text._ZN14WinApiFunctionC2IPU7stdcallFiPvPjEEERKNSt7__cxx1112basic_stringIcSt11char_traitsIcESaIcEEESC_T_
                0x000000000000257c        0x0 /usr/lib/gcc/x86_64-linux-gnu/8/../../../../lib32/Scrt1.o
 .rel.text._ZN14WinApiFunctionC2IPU7stdcallFiPvP14_LARGE_INTEGEREEERKNSt7__cxx1112basic_stringIcSt11char_traitsIcESaIcEEESD_T_
                0x000000000000257c        0x0 /usr/lib/gcc/x86_64-linux-gnu/8/../../../../lib32/Scrt1.o
 .rel.text._ZN14WinApiFunctionC2IPU7stdcallFiPv14_LARGE_INTEGERPS2_jEEERKNSt7__cxx1112basic_stringIcSt11char_traitsIcESaIcEEESD_T_
                0x000000000000257c        0x0 /usr/lib/gcc/x86_64-linux-gnu/8/../../../../lib32/Scrt1.o
 .rel.text._ZN14WinApiFunctionC2IPU7stdcallFjPvjPKvEEERKNSt7__cxx1112basic_stringIcSt11char_traitsIcESaIcEEESD_T_
                0x000000000000257c        0x0 /usr/lib/gcc/x86_64-linux-gnu/8/../../../../lib32/Scrt1.o
 .rel.text._ZN14WinApiFunctionC2IPU7stdcallFPvS1_jS1_jEEERKNSt7__cxx1112basic_stringIcSt11char_traitsIcESaIcEEESB_T_
                0x000000000000257c        0x0 /usr/lib/gcc/x86_64-linux-gnu/8/../../../../lib32/Scrt1.o
 .rel.text._ZN14WinApiFunctionC2IPU7stdcallFPvPKDsjjS1_jjS1_EEERKNSt7__cxx1112basic_stringIcSt11char_traitsIcESaIcEEESD_T_
                0x000000000000257c        0x0 /usr/lib/gcc/x86_64-linux-gnu/8/../../../../lib32/Scrt1.o
 .rel.text._ZN14WinApiFunctionC2IPU7stdcallFiPvS1_jPjS1_EEERKNSt7__cxx1112basic_stringIcSt11char_traitsIcESaIcEEESC_T_
                0x000000000000257c        0x0 /usr/lib/gcc/x86_64-linux-gnu/8/../../../../lib32/Scrt1.o
 .rel.text._ZN14WinApiFunctionC2IPFvvEEERKNSt7__cxx1112basic_stringIcSt11char_traitsIcESaIcEEESA_T_
                0x000000000000257c        0x0 /usr/lib/gcc/x86_64-linux-gnu/8/../../../../lib32/Scrt1.o
 .rel.text._ZNSt7__cxx114listI14WinApiFunctionSaIS1_EE9_M_insertIJRKS1_EEEvSt14_List_iteratorIS1_EDpOT_
                0x000000000000257c        0x0 /usr/lib/gcc/x86_64-linux-gnu/8/../../../../lib32/Scrt1.o
 .rel.text._ZNSt7__cxx1112basic_stringIcSt11char_traitsIcESaIcEEC2Ev
                0x000000000000257c        0x0 /usr/lib/gcc/x86_64-linux-gnu/8/../../../../lib32/Scrt1.o
 .rel.text._ZNSt7__cxx1112basic_stringIcSt11char_traitsIcESaIcEEaSERKS4_
                0x000000000000257c        0x0 /usr/lib/gcc/x86_64-linux-gnu/8/../../../../lib32/Scrt1.o
 .rel.text._ZNSt7__cxx114listI14WinApiFunctionSaIS1_EE14_M_create_nodeIJRKS1_EEEPSt10_List_nodeIS1_EDpOT_
                0x000000000000257c        0x0 /usr/lib/gcc/x86_64-linux-gnu/8/../../../../lib32/Scrt1.o
 .rel.text._ZSt15__alloc_on_copyISaIcEEvRT_RKS1_
                0x000000000000257c        0x0 /usr/lib/gcc/x86_64-linux-gnu/8/../../../../lib32/Scrt1.o
 .rel.text._ZNSt7__cxx1112basic_stringIcSt11char_traitsIcESaIcEE6assignERKS4_
                0x000000000000257c        0x0 /usr/lib/gcc/x86_64-linux-gnu/8/../../../../lib32/Scrt1.o
 .rel.text._ZNSt7__cxx1110_List_baseI14WinApiFunctionSaIS1_EE11_M_get_nodeEv
                0x000000000000257c        0x0 /usr/lib/gcc/x86_64-linux-gnu/8/../../../../lib32/Scrt1.o
 .rel.text._ZNSt15__allocated_ptrISaISt10_List_nodeI14WinApiFunctionEEEC2ERS3_PS2_
                0x000000000000257c        0x0 /usr/lib/gcc/x86_64-linux-gnu/8/../../../../lib32/Scrt1.o
 .rel.text._ZNSt15__allocated_ptrISaISt10_List_nodeI14WinApiFunctionEEED2Ev
                0x000000000000257c        0x0 /usr/lib/gcc/x86_64-linux-gnu/8/../../../../lib32/Scrt1.o
 .rel.text._ZNSt16allocator_traitsISaISt10_List_nodeI14WinApiFunctionEEE9constructIS1_JRKS1_EEEvRS3_PT_DpOT0_
                0x000000000000257c        0x0 /usr/lib/gcc/x86_64-linux-gnu/8/../../../../lib32/Scrt1.o
 .rel.text._ZNSt7__cxx1112basic_stringIcSt11char_traitsIcESaIcEE9_M_assignERKS4_
                0x000000000000257c        0x0 /usr/lib/gcc/x86_64-linux-gnu/8/../../../../lib32/Scrt1.o
 .rel.text._ZNSt16allocator_traitsISaISt10_List_nodeI14WinApiFunctionEEE8allocateERS3_j
                0x000000000000257c        0x0 /usr/lib/gcc/x86_64-linux-gnu/8/../../../../lib32/Scrt1.o
 .rel.text._ZN14WinApiFunctionC2ERKS_
                0x000000000000257c        0x0 /usr/lib/gcc/x86_64-linux-gnu/8/../../../../lib32/Scrt1.o
 .rel.text._ZN9__gnu_cxx13new_allocatorISt10_List_nodeI14WinApiFunctionEE9constructIS2_JRKS2_EEEvPT_DpOT0_
                0x000000000000257c        0x0 /usr/lib/gcc/x86_64-linux-gnu/8/../../../../lib32/Scrt1.o
 .rel.text._ZNKSt7__cxx1112basic_stringIcSt11char_traitsIcESaIcEE8capacityEv
                0x000000000000257c        0x0 /usr/lib/gcc/x86_64-linux-gnu/8/../../../../lib32/Scrt1.o
 .rel.text._ZN9__gnu_cxx13new_allocatorISt10_List_nodeI14WinApiFunctionEE8allocateEjPKv
                0x000000000000257c        0x0 /usr/lib/gcc/x86_64-linux-gnu/8/../../../../lib32/Scrt1.o
 .rel.text._ZN24ProcessControlBlockErrorC2ENSt7__cxx1112basic_stringIcSt11char_traitsIcESaIcEEE
                0x000000000000257c        0x0 /usr/lib/gcc/x86_64-linux-gnu/8/../../../../lib32/Scrt1.o
 .rel.text._ZNSaIDsEC2Ev
                0x000000000000257c        0x0 /usr/lib/gcc/x86_64-linux-gnu/8/../../../../lib32/Scrt1.o
 .rel.text._ZNSt7__cxx1112basic_stringIDsSt11char_traitsIDsESaIDsEEC2Ev
                0x000000000000257c        0x0 /usr/lib/gcc/x86_64-linux-gnu/8/../../../../lib32/Scrt1.o
 .rel.text._ZNKSt7__cxx1112basic_stringIcSt11char_traitsIcESaIcEE5emptyEv
                0x000000000000257c        0x0 /usr/lib/gcc/x86_64-linux-gnu/8/../../../../lib32/Scrt1.o
 .rel.text._ZNSt7__cxx1112basic_stringIcSt11char_traitsIcESaIcEEaSEOS4_
                0x000000000000257c        0x0 /usr/lib/gcc/x86_64-linux-gnu/8/../../../../lib32/Scrt1.o
 .rel.text._ZSt13back_inserterINSt7__cxx1112basic_stringIDsSt11char_traitsIDsESaIDsEEEESt20back_insert_iteratorIT_ERS7_
                0x000000000000257c        0x0 /usr/lib/gcc/x86_64-linux-gnu/8/../../../../lib32/Scrt1.o
 .rel.text._ZNSt7__cxx1112basic_stringIDsSt11char_traitsIDsESaIDsEEaSEOS4_
                0x000000000000257c        0x0 /usr/lib/gcc/x86_64-linux-gnu/8/../../../../lib32/Scrt1.o
 .rel.text._ZStplIcSt11char_traitsIcESaIcEENSt7__cxx1112basic_stringIT_T0_T1_EERKS8_PKS5_
                0x000000000000257c        0x0 /usr/lib/gcc/x86_64-linux-gnu/8/../../../../lib32/Scrt1.o
 .rel.text._ZStplIcSt11char_traitsIcESaIcEENSt7__cxx1112basic_stringIT_T0_T1_EEOS8_RKS8_
                0x000000000000257c        0x0 /usr/lib/gcc/x86_64-linux-gnu/8/../../../../lib32/Scrt1.o
 .rel.text._ZNSt7__cxx1112basic_stringIDsSt11char_traitsIDsESaIDsEE13_M_local_dataEv
                0x000000000000257c        0x0 /usr/lib/gcc/x86_64-linux-gnu/8/../../../../lib32/Scrt1.o
 .rel.text._ZNSt7__cxx1112basic_stringIDsSt11char_traitsIDsESaIDsEE12_Alloc_hiderC2EPDsOS3_
                0x000000000000257c        0x0 /usr/lib/gcc/x86_64-linux-gnu/8/../../../../lib32/Scrt1.o
 .rel.text._ZNSt7__cxx1112basic_stringIDsSt11char_traitsIDsESaIDsEE13_M_set_lengthEj
                0x000000000000257c        0x0 /usr/lib/gcc/x86_64-linux-gnu/8/../../../../lib32/Scrt1.o
 .rel.text._ZSt15__alloc_on_moveISaIcEEvRT_S2_
                0x000000000000257c        0x0 /usr/lib/gcc/x86_64-linux-gnu/8/../../../../lib32/Scrt1.o
 .rel.text._ZNSt7__cxx1112basic_stringIcSt11char_traitsIcESaIcEE5clearEv
                0x000000000000257c        0x0 /usr/lib/gcc/x86_64-linux-gnu/8/../../../../lib32/Scrt1.o
 .rel.text._ZNSt20back_insert_iteratorINSt7__cxx1112basic_stringIDsSt11char_traitsIDsESaIDsEEEEC2ERS5_
                0x000000000000257c        0x0 /usr/lib/gcc/x86_64-linux-gnu/8/../../../../lib32/Scrt1.o
 .rel.text._ZNSt20back_insert_iteratorINSt7__cxx1112basic_stringIDsSt11char_traitsIDsESaIDsEEEEaSEODs
                0x000000000000257c        0x0 /usr/lib/gcc/x86_64-linux-gnu/8/../../../../lib32/Scrt1.o
 .rel.text._ZSt15__alloc_on_moveISaIDsEEvRT_S2_
                0x000000000000257c        0x0 /usr/lib/gcc/x86_64-linux-gnu/8/../../../../lib32/Scrt1.o
 .rel.text._ZNSt7__cxx1112basic_stringIDsSt11char_traitsIDsESaIDsEE7_S_copyEPDsPKDsj
                0x000000000000257c        0x0 /usr/lib/gcc/x86_64-linux-gnu/8/../../../../lib32/Scrt1.o
 .rel.text._ZNSt7__cxx1112basic_stringIDsSt11char_traitsIDsESaIDsEE6assignERKS4_
                0x000000000000257c        0x0 /usr/lib/gcc/x86_64-linux-gnu/8/../../../../lib32/Scrt1.o
 .rel.text._ZNSt7__cxx1112basic_stringIDsSt11char_traitsIDsESaIDsEE5clearEv
                0x000000000000257c        0x0 /usr/lib/gcc/x86_64-linux-gnu/8/../../../../lib32/Scrt1.o
 .rel.text._ZNSt7__cxx1112basic_stringIcSt11char_traitsIcESaIcEE6appendEPKc
                0x000000000000257c        0x0 /usr/lib/gcc/x86_64-linux-gnu/8/../../../../lib32/Scrt1.o
 .rel.text._ZNSt7__cxx1112basic_stringIcSt11char_traitsIcESaIcEE6appendERKS4_
                0x000000000000257c        0x0 /usr/lib/gcc/x86_64-linux-gnu/8/../../../../lib32/Scrt1.o
 .rel.text._ZNSt14pointer_traitsIPDsE10pointer_toERDs
                0x000000000000257c        0x0 /usr/lib/gcc/x86_64-linux-gnu/8/../../../../lib32/Scrt1.o
 .rel.text._ZNSaIDsEC2ERKS_
                0x000000000000257c        0x0 /usr/lib/gcc/x86_64-linux-gnu/8/../../../../lib32/Scrt1.o
 .rel.text._ZSt18__do_alloc_on_moveISaIcEEvRT_S2_St17integral_constantIbLb1EE
                0x000000000000257c        0x0 /usr/lib/gcc/x86_64-linux-gnu/8/../../../../lib32/Scrt1.o
 .rel.text._ZNSt7__cxx1112basic_stringIDsSt11char_traitsIDsESaIDsEE9push_backEDs
                0x000000000000257c        0x0 /usr/lib/gcc/x86_64-linux-gnu/8/../../../../lib32/Scrt1.o
 .rel.text._ZSt18__do_alloc_on_moveISaIDsEEvRT_S2_St17integral_constantIbLb1EE
                0x000000000000257c        0x0 /usr/lib/gcc/x86_64-linux-gnu/8/../../../../lib32/Scrt1.o
 .rel.text._ZNSt7__cxx1112basic_stringIDsSt11char_traitsIDsESaIDsEE9_M_assignERKS4_
                0x000000000000257c        0x0 /usr/lib/gcc/x86_64-linux-gnu/8/../../../../lib32/Scrt1.o
 .rel.text._ZNKSt7__cxx1112basic_stringIcSt11char_traitsIcESaIcEE15_M_check_lengthEjjPKc
                0x000000000000257c        0x0 /usr/lib/gcc/x86_64-linux-gnu/8/../../../../lib32/Scrt1.o
 .rel.text._ZNSt7__cxx1112basic_stringIcSt11char_traitsIcESaIcEE9_M_appendEPKcj
                0x000000000000257c        0x0 /usr/lib/gcc/x86_64-linux-gnu/8/../../../../lib32/Scrt1.o
 .rel.text._ZSt9addressofIDsEPT_RS0_
                0x000000000000257c        0x0 /usr/lib/gcc/x86_64-linux-gnu/8/../../../../lib32/Scrt1.o
 .rel.text._ZNKSt7__cxx1112basic_stringIDsSt11char_traitsIDsESaIDsEE8capacityEv
                0x000000000000257c        0x0 /usr/lib/gcc/x86_64-linux-gnu/8/../../../../lib32/Scrt1.o
 .rel.text._ZNSt7__cxx1112basic_stringIDsSt11char_traitsIDsESaIDsEE9_M_mutateEjjPKDsj
                0x000000000000257c        0x0 /usr/lib/gcc/x86_64-linux-gnu/8/../../../../lib32/Scrt1.o
 .rel.text._ZNSt7__cxx1112basic_stringIDsSt11char_traitsIDsESaIDsEE9_M_createERjj
                0x000000000000257c        0x0 /usr/lib/gcc/x86_64-linux-gnu/8/../../../../lib32/Scrt1.o
 .rel.text._ZNSt7__cxx1112basic_stringIcSt11char_traitsIcESaIcEE9_M_mutateEjjPKcj
                0x000000000000257c        0x0 /usr/lib/gcc/x86_64-linux-gnu/8/../../../../lib32/Scrt1.o
 .rel.text._ZNKSt7__cxx1112basic_stringIDsSt11char_traitsIDsESaIDsEE8max_sizeEv
                0x000000000000257c        0x0 /usr/lib/gcc/x86_64-linux-gnu/8/../../../../lib32/Scrt1.o
 .rel.text._ZNSt16allocator_traitsISaIDsEE8allocateERS0_j
                0x000000000000257c        0x0 /usr/lib/gcc/x86_64-linux-gnu/8/../../../../lib32/Scrt1.o
 .rel.text._ZNSt16allocator_traitsISaIDsEE8max_sizeERKS0_
                0x000000000000257c        0x0 /usr/lib/gcc/x86_64-linux-gnu/8/../../../../lib32/Scrt1.o
 .rel.text._ZN9__gnu_cxx13new_allocatorIDsE8allocateEjPKv
                0x000000000000257c        0x0 /usr/lib/gcc/x86_64-linux-gnu/8/../../../../lib32/Scrt1.o
 .rel.text._ZN24ProcessControlBlockErrorD2Ev
                0x000000000000257c        0x0 /usr/lib/gcc/x86_64-linux-gnu/8/../../../../lib32/Scrt1.o
 .rel.text._ZN24ProcessControlBlockErrorD0Ev
                0x000000000000257c        0x0 /usr/lib/gcc/x86_64-linux-gnu/8/../../../../lib32/Scrt1.o
 .rel.text._ZNKSt10error_code7messageB5cxx11Ev
                0x000000000000257c        0x0 /usr/lib/gcc/x86_64-linux-gnu/8/../../../../lib32/Scrt1.o
 .rel.text._ZNSt12system_errorC2ESt10error_codePKc
                0x000000000000257c        0x0 /usr/lib/gcc/x86_64-linux-gnu/8/../../../../lib32/Scrt1.o
 .rel.text._ZNSt12system_errorC2EiRKNSt3_V214error_categoryEPKc
                0x000000000000257c        0x0 /usr/lib/gcc/x86_64-linux-gnu/8/../../../../lib32/Scrt1.o
 .rel.text._ZStplIcSt11char_traitsIcESaIcEENSt7__cxx1112basic_stringIT_T0_T1_EEPKS5_OS8_
                0x000000000000257c        0x0 /usr/lib/gcc/x86_64-linux-gnu/8/../../../../lib32/Scrt1.o
 .rel.text._ZNSt7__cxx1112basic_stringIcSt11char_traitsIcESaIcEE6insertEjPKc
                0x000000000000257c        0x0 /usr/lib/gcc/x86_64-linux-gnu/8/../../../../lib32/Scrt1.o
 .rel.text._ZNSt7__cxx1112basic_stringIcSt11char_traitsIcESaIcEE7replaceEjjPKcj
                0x000000000000257c        0x0 /usr/lib/gcc/x86_64-linux-gnu/8/../../../../lib32/Scrt1.o
 .rel.text._ZNSt7__cxx1112basic_stringIcSt11char_traitsIcESaIcEE10_M_replaceEjjPKcj
                0x000000000000257c        0x0 /usr/lib/gcc/x86_64-linux-gnu/8/../../../../lib32/Scrt1.o
 .rel.text._ZNKSt7__cxx1112basic_stringIcSt11char_traitsIcESaIcEE8_M_checkEjPKc
                0x000000000000257c        0x0 /usr/lib/gcc/x86_64-linux-gnu/8/../../../../lib32/Scrt1.o
 .rel.text._ZNKSt7__cxx1112basic_stringIcSt11char_traitsIcESaIcEE8_M_limitEjj
                0x000000000000257c        0x0 /usr/lib/gcc/x86_64-linux-gnu/8/../../../../lib32/Scrt1.o
 .rel.text._ZNKSt7__cxx1112basic_stringIcSt11char_traitsIcESaIcEE11_M_disjunctEPKc
                0x000000000000257c        0x0 /usr/lib/gcc/x86_64-linux-gnu/8/../../../../lib32/Scrt1.o
 .rel.text._ZNSt7__cxx1112basic_stringIcSt11char_traitsIcESaIcEE7_S_moveEPcPKcj
                0x000000000000257c        0x0 /usr/lib/gcc/x86_64-linux-gnu/8/../../../../lib32/Scrt1.o
 .rel.text._ZNKSt7__cxx1112basic_stringIDsSt11char_traitsIDsESaIDsEE5c_strEv
                0x000000000000257c        0x0 /usr/lib/gcc/x86_64-linux-gnu/8/../../../../lib32/Scrt1.o
 .rel.text._ZNSt8__detail21_Hashtable_ebo_helperILi0ESaINS_10_Hash_nodeISt4pairIKiPvELb0EEEELb1EEC2Ev
                0x000000000000257c        0x0 /usr/lib/gcc/x86_64-linux-gnu/8/../../../../lib32/Scrt1.o
 .rel.text._ZNSt8__detail21_Hashtable_ebo_helperILi0ESaINS_10_Hash_nodeISt4pairIKiPvELb0EEEELb1EED2Ev
                0x000000000000257c        0x0 /usr/lib/gcc/x86_64-linux-gnu/8/../../../../lib32/Scrt1.o
 .rel.text._ZNSt8__detail16_Hashtable_allocISaINS_10_Hash_nodeISt4pairIKiPvELb0EEEEEC2Ev
                0x000000000000257c        0x0 /usr/lib/gcc/x86_64-linux-gnu/8/../../../../lib32/Scrt1.o
 .rel.text._ZNSt8__detail16_Hashtable_allocISaINS_10_Hash_nodeISt4pairIKiPvELb0EEEEED2Ev
                0x000000000000257c        0x0 /usr/lib/gcc/x86_64-linux-gnu/8/../../../../lib32/Scrt1.o
 .rel.text._ZNSt10_HashtableIiSt4pairIKiPvESaIS3_ENSt8__detail10_Select1stESt8equal_toIiESt4hashIiENS5_18_Mod_range_hashingENS5_20_Default_ranged_hashENS5_20_Prime_rehash_policyENS5_17_Hashtable_traitsILb0ELb0ELb1EEEEC2Ev
                0x000000000000257c        0x0 /usr/lib/gcc/x86_64-linux-gnu/8/../../../../lib32/Scrt1.o
 .rel.text._ZNSt13unordered_mapIiPvSt4hashIiESt8equal_toIiESaISt4pairIKiS0_EEEC2Ev
                0x000000000000257c        0x0 /usr/lib/gcc/x86_64-linux-gnu/8/../../../../lib32/Scrt1.o
 .rel.text._ZNSt13unordered_mapIiPvSt4hashIiESt8equal_toIiESaISt4pairIKiS0_EEED2Ev
                0x000000000000257c        0x0 /usr/lib/gcc/x86_64-linux-gnu/8/../../../../lib32/Scrt1.o
 .rel.text._ZNSaINSt8__detail10_Hash_nodeISt4pairIKiPvELb0EEEEC2Ev
                0x000000000000257c        0x0 /usr/lib/gcc/x86_64-linux-gnu/8/../../../../lib32/Scrt1.o
 .rel.text._ZNSaINSt8__detail10_Hash_nodeISt4pairIKiPvELb0EEEED2Ev
                0x000000000000257c        0x0 /usr/lib/gcc/x86_64-linux-gnu/8/../../../../lib32/Scrt1.o
 .rel.text._ZNSt10_HashtableIiSt4pairIKiPvESaIS3_ENSt8__detail10_Select1stESt8equal_toIiESt4hashIiENS5_18_Mod_range_hashingENS5_20_Default_ranged_hashENS5_20_Prime_rehash_policyENS5_17_Hashtable_traitsILb0ELb0ELb1EEEED2Ev
                0x000000000000257c        0x0 /usr/lib/gcc/x86_64-linux-gnu/8/../../../../lib32/Scrt1.o
 .rel.text._ZNSaISt13unordered_mapIiPvSt4hashIiESt8equal_toIiESaISt4pairIKiS0_EEEEC2Ev
                0x000000000000257c        0x0 /usr/lib/gcc/x86_64-linux-gnu/8/../../../../lib32/Scrt1.o
 .rel.text._ZNSaISt13unordered_mapIiPvSt4hashIiESt8equal_toIiESaISt4pairIKiS0_EEEED2Ev
                0x000000000000257c        0x0 /usr/lib/gcc/x86_64-linux-gnu/8/../../../../lib32/Scrt1.o
 .rel.text._ZNKSt16initializer_listISt13unordered_mapIiPvSt4hashIiESt8equal_toIiESaISt4pairIKiS1_EEEE3endEv
                0x000000000000257c        0x0 /usr/lib/gcc/x86_64-linux-gnu/8/../../../../lib32/Scrt1.o
 .rel.text._ZNSt6vectorISt13unordered_mapIiPvSt4hashIiESt8equal_toIiESaISt4pairIKiS1_EEESaISA_EEC2ESt16initializer_listISA_ERKSB_
                0x000000000000257c        0x0 /usr/lib/gcc/x86_64-linux-gnu/8/../../../../lib32/Scrt1.o
 .rel.text._ZNSt6vectorISt13unordered_mapIiPvSt4hashIiESt8equal_toIiESaISt4pairIKiS1_EEESaISA_EED2Ev
                0x000000000000257c        0x0 /usr/lib/gcc/x86_64-linux-gnu/8/../../../../lib32/Scrt1.o
 .rel.text._ZNSt10lock_guardISt5mutexEC2ERS0_
                0x000000000000257c        0x0 /usr/lib/gcc/x86_64-linux-gnu/8/../../../../lib32/Scrt1.o
 .rel.text._ZNSt10lock_guardISt5mutexED2Ev
                0x000000000000257c        0x0 /usr/lib/gcc/x86_64-linux-gnu/8/../../../../lib32/Scrt1.o
 .rel.text._ZNSt6vectorISt13unordered_mapIiPvSt4hashIiESt8equal_toIiESaISt4pairIKiS1_EEESaISA_EE9push_backEOSA_
                0x000000000000257c        0x0 /usr/lib/gcc/x86_64-linux-gnu/8/../../../../lib32/Scrt1.o
 .rel.text._ZNSt13unordered_mapIiPvSt4hashIiESt8equal_toIiESaISt4pairIKiS0_EEEixERS6_
                0x000000000000257c        0x0 /usr/lib/gcc/x86_64-linux-gnu/8/../../../../lib32/Scrt1.o
 .rel.text._ZNSt13unordered_mapIiPvSt4hashIiESt8equal_toIiESaISt4pairIKiS0_EEE4findERS6_
                0x000000000000257c        0x0 /usr/lib/gcc/x86_64-linux-gnu/8/../../../../lib32/Scrt1.o
 .rel.text._ZNSt13unordered_mapIiPvSt4hashIiESt8equal_toIiESaISt4pairIKiS0_EEE3endEv
                0x000000000000257c        0x0 /usr/lib/gcc/x86_64-linux-gnu/8/../../../../lib32/Scrt1.o
 .rel.text._ZNKSt8__detail14_Node_iteratorISt4pairIKiPvELb0ELb0EEptEv
                0x000000000000257c        0x0 /usr/lib/gcc/x86_64-linux-gnu/8/../../../../lib32/Scrt1.o
 .rel.text._ZNSt10_HashtableIiSt4pairIKiPvESaIS3_ENSt8__detail10_Select1stESt8equal_toIiESt4hashIiENS5_18_Mod_range_hashingENS5_20_Default_ranged_hashENS5_20_Prime_rehash_policyENS5_17_Hashtable_traitsILb0ELb0ELb1EEEE5clearEv
                0x000000000000257c        0x0 /usr/lib/gcc/x86_64-linux-gnu/8/../../../../lib32/Scrt1.o
 .rel.text._ZNSt10_HashtableIiSt4pairIKiPvESaIS3_ENSt8__detail10_Select1stESt8equal_toIiESt4hashIiENS5_18_Mod_range_hashingENS5_20_Default_ranged_hashENS5_20_Prime_rehash_policyENS5_17_Hashtable_traitsILb0ELb0ELb1EEEE21_M_deallocate_bucketsEv
                0x000000000000257c        0x0 /usr/lib/gcc/x86_64-linux-gnu/8/../../../../lib32/Scrt1.o
 .rel.text._ZNSt12_Vector_baseISt13unordered_mapIiPvSt4hashIiESt8equal_toIiESaISt4pairIKiS1_EEESaISA_EE12_Vector_implD2Ev
                0x000000000000257c        0x0 /usr/lib/gcc/x86_64-linux-gnu/8/../../../../lib32/Scrt1.o
 .rel.text._ZNSt12_Vector_baseISt13unordered_mapIiPvSt4hashIiESt8equal_toIiESaISt4pairIKiS1_EEESaISA_EEC2ERKSB_
                0x000000000000257c        0x0 /usr/lib/gcc/x86_64-linux-gnu/8/../../../../lib32/Scrt1.o
 .rel.text._ZNSt12_Vector_baseISt13unordered_mapIiPvSt4hashIiESt8equal_toIiESaISt4pairIKiS1_EEESaISA_EED2Ev
                0x000000000000257c        0x0 /usr/lib/gcc/x86_64-linux-gnu/8/../../../../lib32/Scrt1.o
 .rel.text._ZSt8distanceIPKSt13unordered_mapIiPvSt4hashIiESt8equal_toIiESaISt4pairIKiS1_EEEENSt15iterator_traitsIT_E15difference_typeESE_SE_
                0x000000000000257c        0x0 /usr/lib/gcc/x86_64-linux-gnu/8/../../../../lib32/Scrt1.o
 .rel.text._ZNSt6vectorISt13unordered_mapIiPvSt4hashIiESt8equal_toIiESaISt4pairIKiS1_EEESaISA_EE19_M_range_initializeIPKSA_EEvT_SG_St20forward_iterator_tag
                0x000000000000257c        0x0 /usr/lib/gcc/x86_64-linux-gnu/8/../../../../lib32/Scrt1.o
 .rel.text._ZSt8_DestroyIPSt13unordered_mapIiPvSt4hashIiESt8equal_toIiESaISt4pairIKiS1_EEESA_EvT_SC_RSaIT0_E
                0x000000000000257c        0x0 /usr/lib/gcc/x86_64-linux-gnu/8/../../../../lib32/Scrt1.o
 .rel.text._ZNSt6vectorISt13unordered_mapIiPvSt4hashIiESt8equal_toIiESaISt4pairIKiS1_EEESaISA_EE12emplace_backIJSA_EEERSA_DpOT_
                0x000000000000257c        0x0 /usr/lib/gcc/x86_64-linux-gnu/8/../../../../lib32/Scrt1.o
 .rel.text._ZNSt5tupleIJRKiEEC2IvLb1EEES1_
                0x000000000000257c        0x0 /usr/lib/gcc/x86_64-linux-gnu/8/../../../../lib32/Scrt1.o
 .rel.text._ZNSt11_Tuple_implILj0EJRKiEEC2ES1_
                0x000000000000257c        0x0 /usr/lib/gcc/x86_64-linux-gnu/8/../../../../lib32/Scrt1.o
 .rel.text._ZNSt8__detail9_Map_baseIiSt4pairIKiPvESaIS4_ENS_10_Select1stESt8equal_toIiESt4hashIiENS_18_Mod_range_hashingENS_20_Default_ranged_hashENS_20_Prime_rehash_policyENS_17_Hashtable_traitsILb0ELb0ELb1EEELb1EEixERS2_
                0x000000000000257c        0x0 /usr/lib/gcc/x86_64-linux-gnu/8/../../../../lib32/Scrt1.o
 .rel.text._ZNSt10_HashtableIiSt4pairIKiPvESaIS3_ENSt8__detail10_Select1stESt8equal_toIiESt4hashIiENS5_18_Mod_range_hashingENS5_20_Default_ranged_hashENS5_20_Prime_rehash_policyENS5_17_Hashtable_traitsILb0ELb0ELb1EEEE4findERS1_
                0x000000000000257c        0x0 /usr/lib/gcc/x86_64-linux-gnu/8/../../../../lib32/Scrt1.o
 .rel.text._ZNSt10_HashtableIiSt4pairIKiPvESaIS3_ENSt8__detail10_Select1stESt8equal_toIiESt4hashIiENS5_18_Mod_range_hashingENS5_20_Default_ranged_hashENS5_20_Prime_rehash_policyENS5_17_Hashtable_traitsILb0ELb0ELb1EEEE3endEv
                0x000000000000257c        0x0 /usr/lib/gcc/x86_64-linux-gnu/8/../../../../lib32/Scrt1.o
 .rel.text._ZNSt8__detail21_Hash_node_value_baseISt4pairIKiPvEE9_M_valptrEv
                0x000000000000257c        0x0 /usr/lib/gcc/x86_64-linux-gnu/8/../../../../lib32/Scrt1.o
 .rel.text._ZNSt8__detail16_Hashtable_allocISaINS_10_Hash_nodeISt4pairIKiPvELb0EEEEE19_M_deallocate_nodesEPS6_
                0x000000000000257c        0x0 /usr/lib/gcc/x86_64-linux-gnu/8/../../../../lib32/Scrt1.o
 .rel.text._ZNSt10_HashtableIiSt4pairIKiPvESaIS3_ENSt8__detail10_Select1stESt8equal_toIiESt4hashIiENS5_18_Mod_range_hashingENS5_20_Default_ranged_hashENS5_20_Prime_rehash_policyENS5_17_Hashtable_traitsILb0ELb0ELb1EEEE21_M_deallocate_bucketsEPPNS5_15_Hash_node_baseEj
                0x000000000000257c        0x0 /usr/lib/gcc/x86_64-linux-gnu/8/../../../../lib32/Scrt1.o
 .rel.text._ZNSt12_Vector_baseISt13unordered_mapIiPvSt4hashIiESt8equal_toIiESaISt4pairIKiS1_EEESaISA_EE12_Vector_implC2ERKSB_
                0x000000000000257c        0x0 /usr/lib/gcc/x86_64-linux-gnu/8/../../../../lib32/Scrt1.o
 .rel.text._ZNSt12_Vector_baseISt13unordered_mapIiPvSt4hashIiESt8equal_toIiESaISt4pairIKiS1_EEESaISA_EE13_M_deallocateEPSA_j
                0x000000000000257c        0x0 /usr/lib/gcc/x86_64-linux-gnu/8/../../../../lib32/Scrt1.o
 .rel.text._ZNSt12_Vector_baseISt13unordered_mapIiPvSt4hashIiESt8equal_toIiESaISt4pairIKiS1_EEESaISA_EE11_M_allocateEj
                0x000000000000257c        0x0 /usr/lib/gcc/x86_64-linux-gnu/8/../../../../lib32/Scrt1.o
 .rel.text._ZSt22__uninitialized_copy_aIPKSt13unordered_mapIiPvSt4hashIiESt8equal_toIiESaISt4pairIKiS1_EEEPSA_SA_ET0_T_SF_SE_RSaIT1_E
                0x000000000000257c        0x0 /usr/lib/gcc/x86_64-linux-gnu/8/../../../../lib32/Scrt1.o
 .rel.text._ZSt8_DestroyIPSt13unordered_mapIiPvSt4hashIiESt8equal_toIiESaISt4pairIKiS1_EEEEvT_SC_
                0x000000000000257c        0x0 /usr/lib/gcc/x86_64-linux-gnu/8/../../../../lib32/Scrt1.o
 .rel.text._ZNSt16allocator_traitsISaISt13unordered_mapIiPvSt4hashIiESt8equal_toIiESaISt4pairIKiS1_EEEEE9constructISA_JSA_EEEvRSB_PT_DpOT0_
                0x000000000000257c        0x0 /usr/lib/gcc/x86_64-linux-gnu/8/../../../../lib32/Scrt1.o
 .rel.text._ZNSt6vectorISt13unordered_mapIiPvSt4hashIiESt8equal_toIiESaISt4pairIKiS1_EEESaISA_EE3endEv
                0x000000000000257c        0x0 /usr/lib/gcc/x86_64-linux-gnu/8/../../../../lib32/Scrt1.o
 .rel.text._ZNSt6vectorISt13unordered_mapIiPvSt4hashIiESt8equal_toIiESaISt4pairIKiS1_EEESaISA_EE17_M_realloc_insertIJSA_EEEvN9__gnu_cxx17__normal_iteratorIPSA_SC_EEDpOT_
                0x000000000000257c        0x0 /usr/lib/gcc/x86_64-linux-gnu/8/../../../../lib32/Scrt1.o
 .rel.text._ZNSt6vectorISt13unordered_mapIiPvSt4hashIiESt8equal_toIiESaISt4pairIKiS1_EEESaISA_EE4backEv
                0x000000000000257c        0x0 /usr/lib/gcc/x86_64-linux-gnu/8/../../../../lib32/Scrt1.o
 .rel.text._ZNKSt8__detail15_Hash_code_baseIiSt4pairIKiPvENS_10_Select1stESt4hashIiENS_18_Mod_range_hashingENS_20_Default_ranged_hashELb0EE12_M_hash_codeERS2_
                0x000000000000257c        0x0 /usr/lib/gcc/x86_64-linux-gnu/8/../../../../lib32/Scrt1.o
 .rel.text._ZNKSt10_HashtableIiSt4pairIKiPvESaIS3_ENSt8__detail10_Select1stESt8equal_toIiESt4hashIiENS5_18_Mod_range_hashingENS5_20_Default_ranged_hashENS5_20_Prime_rehash_policyENS5_17_Hashtable_traitsILb0ELb0ELb1EEEE15_M_bucket_indexERS1_j
                0x000000000000257c        0x0 /usr/lib/gcc/x86_64-linux-gnu/8/../../../../lib32/Scrt1.o
 .rel.text._ZNKSt10_HashtableIiSt4pairIKiPvESaIS3_ENSt8__detail10_Select1stESt8equal_toIiESt4hashIiENS5_18_Mod_range_hashingENS5_20_Default_ranged_hashENS5_20_Prime_rehash_policyENS5_17_Hashtable_traitsILb0ELb0ELb1EEEE12_M_find_nodeEjRS1_j
                0x000000000000257c        0x0 /usr/lib/gcc/x86_64-linux-gnu/8/../../../../lib32/Scrt1.o
 .rel.text._ZNSt8__detail21_Hash_node_value_baseISt4pairIKiPvEEC2Ev
                0x000000000000257c        0x0 /usr/lib/gcc/x86_64-linux-gnu/8/../../../../lib32/Scrt1.o
 .rel.text._ZNSt8__detail10_Hash_nodeISt4pairIKiPvELb0EEC2Ev
                0x000000000000257c        0x0 /usr/lib/gcc/x86_64-linux-gnu/8/../../../../lib32/Scrt1.o
 .rel.text._ZNSt8__detail16_Hashtable_allocISaINS_10_Hash_nodeISt4pairIKiPvELb0EEEEE16_M_allocate_nodeIJRKSt21piecewise_construct_tSt5tupleIJRS3_EESD_IJEEEEEPS6_DpOT_
                0x000000000000257c        0x0 /usr/lib/gcc/x86_64-linux-gnu/8/../../../../lib32/Scrt1.o
 .rel.text._ZNSt10_HashtableIiSt4pairIKiPvESaIS3_ENSt8__detail10_Select1stESt8equal_toIiESt4hashIiENS5_18_Mod_range_hashingENS5_20_Default_ranged_hashENS5_20_Prime_rehash_policyENS5_17_Hashtable_traitsILb0ELb0ELb1EEEE21_M_insert_unique_nodeEjjPNS5_10_Hash_nodeIS3_Lb0EEEj
                0x000000000000257c        0x0 /usr/lib/gcc/x86_64-linux-gnu/8/../../../../lib32/Scrt1.o
 .rel.text._ZNSt8__detail21_Hash_node_value_baseISt4pairIKiPvEE4_M_vEv
                0x000000000000257c        0x0 /usr/lib/gcc/x86_64-linux-gnu/8/../../../../lib32/Scrt1.o
 .rel.text._ZNSt8__detail14_Node_iteratorISt4pairIKiPvELb0ELb0EEC2EPNS_10_Hash_nodeIS4_Lb0EEE
                0x000000000000257c        0x0 /usr/lib/gcc/x86_64-linux-gnu/8/../../../../lib32/Scrt1.o
 .rel.text._ZN9__gnu_cxx16__aligned_bufferISt4pairIKiPvEE6_M_ptrEv
                0x000000000000257c        0x0 /usr/lib/gcc/x86_64-linux-gnu/8/../../../../lib32/Scrt1.o
 .rel.text._ZNSt8__detail16_Hashtable_allocISaINS_10_Hash_nodeISt4pairIKiPvELb0EEEEE18_M_deallocate_nodeEPS6_
                0x000000000000257c        0x0 /usr/lib/gcc/x86_64-linux-gnu/8/../../../../lib32/Scrt1.o
 .rel.text._ZNSt8__detail16_Hashtable_allocISaINS_10_Hash_nodeISt4pairIKiPvELb0EEEEE21_M_deallocate_bucketsEPPNS_15_Hash_node_baseEj
                0x000000000000257c        0x0 /usr/lib/gcc/x86_64-linux-gnu/8/../../../../lib32/Scrt1.o
 .rel.text._ZNSaISt13unordered_mapIiPvSt4hashIiESt8equal_toIiESaISt4pairIKiS0_EEEEC2ERKSA_
                0x000000000000257c        0x0 /usr/lib/gcc/x86_64-linux-gnu/8/../../../../lib32/Scrt1.o
 .rel.text._ZNSt16allocator_traitsISaISt13unordered_mapIiPvSt4hashIiESt8equal_toIiESaISt4pairIKiS1_EEEEE10deallocateERSB_PSA_j
                0x000000000000257c        0x0 /usr/lib/gcc/x86_64-linux-gnu/8/../../../../lib32/Scrt1.o
 .rel.text._ZNSt16allocator_traitsISaISt13unordered_mapIiPvSt4hashIiESt8equal_toIiESaISt4pairIKiS1_EEEEE8allocateERSB_j
                0x000000000000257c        0x0 /usr/lib/gcc/x86_64-linux-gnu/8/../../../../lib32/Scrt1.o
 .rel.text._ZSt18uninitialized_copyIPKSt13unordered_mapIiPvSt4hashIiESt8equal_toIiESaISt4pairIKiS1_EEEPSA_ET0_T_SF_SE_
                0x000000000000257c        0x0 /usr/lib/gcc/x86_64-linux-gnu/8/../../../../lib32/Scrt1.o
 .rel.text._ZNSt12_Destroy_auxILb0EE9__destroyIPSt13unordered_mapIiPvSt4hashIiESt8equal_toIiESaISt4pairIKiS3_EEEEEvT_SE_
                0x000000000000257c        0x0 /usr/lib/gcc/x86_64-linux-gnu/8/../../../../lib32/Scrt1.o
 .rel.text._ZNSt13unordered_mapIiPvSt4hashIiESt8equal_toIiESaISt4pairIKiS0_EEEC2EOS9_
                0x000000000000257c        0x0 /usr/lib/gcc/x86_64-linux-gnu/8/../../../../lib32/Scrt1.o
 .rel.text._ZN9__gnu_cxx13new_allocatorISt13unordered_mapIiPvSt4hashIiESt8equal_toIiESaISt4pairIKiS2_EEEE9constructISB_JSB_EEEvPT_DpOT0_
                0x000000000000257c        0x0 /usr/lib/gcc/x86_64-linux-gnu/8/../../../../lib32/Scrt1.o
 .rel.text._ZNKSt6vectorISt13unordered_mapIiPvSt4hashIiESt8equal_toIiESaISt4pairIKiS1_EEESaISA_EE12_M_check_lenEjPKc
                0x000000000000257c        0x0 /usr/lib/gcc/x86_64-linux-gnu/8/../../../../lib32/Scrt1.o
 .rel.text._ZNSt6vectorISt13unordered_mapIiPvSt4hashIiESt8equal_toIiESaISt4pairIKiS1_EEESaISA_EE5beginEv
                0x000000000000257c        0x0 /usr/lib/gcc/x86_64-linux-gnu/8/../../../../lib32/Scrt1.o
 .rel.text._ZN9__gnu_cxxmiIPSt13unordered_mapIiPvSt4hashIiESt8equal_toIiESaISt4pairIKiS2_EEESt6vectorISB_SaISB_EEEENS_17__normal_iteratorIT_T0_E15difference_typeERKSJ_SM_
                0x000000000000257c        0x0 /usr/lib/gcc/x86_64-linux-gnu/8/../../../../lib32/Scrt1.o
 .rel.text._ZSt32__make_move_if_noexcept_iteratorISt13unordered_mapIiPvSt4hashIiESt8equal_toIiESaISt4pairIKiS1_EEESt13move_iteratorIPSA_EET0_PT_
                0x000000000000257c        0x0 /usr/lib/gcc/x86_64-linux-gnu/8/../../../../lib32/Scrt1.o
 .rel.text._ZSt34__uninitialized_move_if_noexcept_aIPSt13unordered_mapIiPvSt4hashIiESt8equal_toIiESaISt4pairIKiS1_EEESB_SaISA_EET0_T_SE_SD_RT1_
                0x000000000000257c        0x0 /usr/lib/gcc/x86_64-linux-gnu/8/../../../../lib32/Scrt1.o
 .rel.text._ZNSt16allocator_traitsISaISt13unordered_mapIiPvSt4hashIiESt8equal_toIiESaISt4pairIKiS1_EEEEE7destroyISA_EEvRSB_PT_
                0x000000000000257c        0x0 /usr/lib/gcc/x86_64-linux-gnu/8/../../../../lib32/Scrt1.o
 .rel.text._ZNK9__gnu_cxx17__normal_iteratorIPSt13unordered_mapIiPvSt4hashIiESt8equal_toIiESaISt4pairIKiS2_EEESt6vectorISB_SaISB_EEEmiEi
                0x000000000000257c        0x0 /usr/lib/gcc/x86_64-linux-gnu/8/../../../../lib32/Scrt1.o
 .rel.text._ZNKSt8__detail15_Hash_code_baseIiSt4pairIKiPvENS_10_Select1stESt4hashIiENS_18_Mod_range_hashingENS_20_Default_ranged_hashELb0EE5_M_h1Ev
                0x000000000000257c        0x0 /usr/lib/gcc/x86_64-linux-gnu/8/../../../../lib32/Scrt1.o
 .rel.text._ZNKSt8__detail15_Hash_code_baseIiSt4pairIKiPvENS_10_Select1stESt4hashIiENS_18_Mod_range_hashingENS_20_Default_ranged_hashELb0EE15_M_bucket_indexERS2_jj
                0x000000000000257c        0x0 /usr/lib/gcc/x86_64-linux-gnu/8/../../../../lib32/Scrt1.o
 .rel.text._ZNKSt10_HashtableIiSt4pairIKiPvESaIS3_ENSt8__detail10_Select1stESt8equal_toIiESt4hashIiENS5_18_Mod_range_hashingENS5_20_Default_ranged_hashENS5_20_Prime_rehash_policyENS5_17_Hashtable_traitsILb0ELb0ELb1EEEE19_M_find_before_nodeEjRS1_j
                0x000000000000257c        0x0 /usr/lib/gcc/x86_64-linux-gnu/8/../../../../lib32/Scrt1.o
 .rel.text._ZNSt8__detail16_Hashtable_allocISaINS_10_Hash_nodeISt4pairIKiPvELb0EEEEE17_M_node_allocatorEv
                0x000000000000257c        0x0 /usr/lib/gcc/x86_64-linux-gnu/8/../../../../lib32/Scrt1.o
 .rel.text._ZNSt16allocator_traitsISaINSt8__detail10_Hash_nodeISt4pairIKiPvELb0EEEEE8allocateERS7_j
                0x000000000000257c        0x0 /usr/lib/gcc/x86_64-linux-gnu/8/../../../../lib32/Scrt1.o
 .rel.text._ZNSt16allocator_traitsISaINSt8__detail10_Hash_nodeISt4pairIKiPvELb0EEEEE9constructIS5_JRKSt21piecewise_construct_tSt5tupleIJRS3_EESD_IJEEEEEvRS7_PT_DpOT0_
                0x000000000000257c        0x0 /usr/lib/gcc/x86_64-linux-gnu/8/../../../../lib32/Scrt1.o
 .rel.text._ZNSt16allocator_traitsISaINSt8__detail10_Hash_nodeISt4pairIKiPvELb0EEEEE10deallocateERS7_PS6_j
                0x000000000000257c        0x0 /usr/lib/gcc/x86_64-linux-gnu/8/../../../../lib32/Scrt1.o
 .rel.text._ZNSt10_HashtableIiSt4pairIKiPvESaIS3_ENSt8__detail10_Select1stESt8equal_toIiESt4hashIiENS5_18_Mod_range_hashingENS5_20_Default_ranged_hashENS5_20_Prime_rehash_policyENS5_17_Hashtable_traitsILb0ELb0ELb1EEEE9_M_rehashEjRKj
                0x000000000000257c        0x0 /usr/lib/gcc/x86_64-linux-gnu/8/../../../../lib32/Scrt1.o
 .rel.text._ZNSt8__detail15_Hash_code_baseIiSt4pairIKiPvENS_10_Select1stESt4hashIiENS_18_Mod_range_hashingENS_20_Default_ranged_hashELb0EE10_M_extractEv
                0x000000000000257c        0x0 /usr/lib/gcc/x86_64-linux-gnu/8/../../../../lib32/Scrt1.o
 .rel.text._ZNKSt8__detail10_Select1stclIRSt4pairIKiPvEEEDTcl3getILi0EEcl7forwardIT_Efp_EEEOS7_
                0x000000000000257c        0x0 /usr/lib/gcc/x86_64-linux-gnu/8/../../../../lib32/Scrt1.o
 .rel.text._ZNSt10_HashtableIiSt4pairIKiPvESaIS3_ENSt8__detail10_Select1stESt8equal_toIiESt4hashIiENS5_18_Mod_range_hashingENS5_20_Default_ranged_hashENS5_20_Prime_rehash_policyENS5_17_Hashtable_traitsILb0ELb0ELb1EEEE22_M_insert_bucket_beginEjPNS5_10_Hash_nodeIS3_Lb0EEE
                0x000000000000257c        0x0 /usr/lib/gcc/x86_64-linux-gnu/8/../../../../lib32/Scrt1.o
 .rel.text._ZNSt14pointer_traitsIPNSt8__detail10_Hash_nodeISt4pairIKiPvELb0EEEE10pointer_toERS6_
                0x000000000000257c        0x0 /usr/lib/gcc/x86_64-linux-gnu/8/../../../../lib32/Scrt1.o
 .rel.text._ZNSt16allocator_traitsISaINSt8__detail10_Hash_nodeISt4pairIKiPvELb0EEEEE7destroyIS5_EEvRS7_PT_
                0x000000000000257c        0x0 /usr/lib/gcc/x86_64-linux-gnu/8/../../../../lib32/Scrt1.o
 .rel.text._ZNSt14pointer_traitsIPPNSt8__detail15_Hash_node_baseEE10pointer_toERS2_
                0x000000000000257c        0x0 /usr/lib/gcc/x86_64-linux-gnu/8/../../../../lib32/Scrt1.o
 .rel.text._ZNSaIPNSt8__detail15_Hash_node_baseEEC2INS_10_Hash_nodeISt4pairIKiPvELb0EEEEERKSaIT_E
                0x000000000000257c        0x0 /usr/lib/gcc/x86_64-linux-gnu/8/../../../../lib32/Scrt1.o
 .rel.text._ZNSaIPNSt8__detail15_Hash_node_baseEED2Ev
                0x000000000000257c        0x0 /usr/lib/gcc/x86_64-linux-gnu/8/../../../../lib32/Scrt1.o
 .rel.text._ZNSt16allocator_traitsISaIPNSt8__detail15_Hash_node_baseEEE10deallocateERS3_PS2_j
                0x000000000000257c        0x0 /usr/lib/gcc/x86_64-linux-gnu/8/../../../../lib32/Scrt1.o
 .rel.text._ZN9__gnu_cxx13new_allocatorISt13unordered_mapIiPvSt4hashIiESt8equal_toIiESaISt4pairIKiS2_EEEE8allocateEjPKv
                0x000000000000257c        0x0 /usr/lib/gcc/x86_64-linux-gnu/8/../../../../lib32/Scrt1.o
 .rel.text._ZNSt20__uninitialized_copyILb0EE13__uninit_copyIPKSt13unordered_mapIiPvSt4hashIiESt8equal_toIiESaISt4pairIKiS3_EEEPSC_EET0_T_SH_SG_
                0x000000000000257c        0x0 /usr/lib/gcc/x86_64-linux-gnu/8/../../../../lib32/Scrt1.o
 .rel.text._ZSt8_DestroyISt13unordered_mapIiPvSt4hashIiESt8equal_toIiESaISt4pairIKiS1_EEEEvPT_
                0x000000000000257c        0x0 /usr/lib/gcc/x86_64-linux-gnu/8/../../../../lib32/Scrt1.o
 .rel.text._ZNSt8__detail21_Hashtable_ebo_helperILi0ESaINS_10_Hash_nodeISt4pairIKiPvELb0EEEELb1EEC2EOS8_
                0x000000000000257c        0x0 /usr/lib/gcc/x86_64-linux-gnu/8/../../../../lib32/Scrt1.o
 .rel.text._ZNSt8__detail16_Hashtable_allocISaINS_10_Hash_nodeISt4pairIKiPvELb0EEEEEC2EOS8_
                0x000000000000257c        0x0 /usr/lib/gcc/x86_64-linux-gnu/8/../../../../lib32/Scrt1.o
 .rel.text._ZNSt10_HashtableIiSt4pairIKiPvESaIS3_ENSt8__detail10_Select1stESt8equal_toIiESt4hashIiENS5_18_Mod_range_hashingENS5_20_Default_ranged_hashENS5_20_Prime_rehash_policyENS5_17_Hashtable_traitsILb0ELb0ELb1EEEEC2EOSG_
                0x000000000000257c        0x0 /usr/lib/gcc/x86_64-linux-gnu/8/../../../../lib32/Scrt1.o
 .rel.text._ZNKSt6vectorISt13unordered_mapIiPvSt4hashIiESt8equal_toIiESaISt4pairIKiS1_EEESaISA_EE8max_sizeEv
                0x000000000000257c        0x0 /usr/lib/gcc/x86_64-linux-gnu/8/../../../../lib32/Scrt1.o
 .rel.text._ZSt22__uninitialized_copy_aISt13move_iteratorIPSt13unordered_mapIiPvSt4hashIiESt8equal_toIiESaISt4pairIKiS2_EEEESC_SB_ET0_T_SF_SE_RSaIT1_E
                0x000000000000257c        0x0 /usr/lib/gcc/x86_64-linux-gnu/8/../../../../lib32/Scrt1.o
 .rel.text._ZN9__gnu_cxx13new_allocatorISt13unordered_mapIiPvSt4hashIiESt8equal_toIiESaISt4pairIKiS2_EEEE7destroyISB_EEvPT_
                0x000000000000257c        0x0 /usr/lib/gcc/x86_64-linux-gnu/8/../../../../lib32/Scrt1.o
 .rel.text._ZNKSt8__detail15_Hash_code_baseIiSt4pairIKiPvENS_10_Select1stESt4hashIiENS_18_Mod_range_hashingENS_20_Default_ranged_hashELb0EE5_M_h2Ev
                0x000000000000257c        0x0 /usr/lib/gcc/x86_64-linux-gnu/8/../../../../lib32/Scrt1.o
 .rel.text._ZNKSt8__detail15_Hashtable_baseIiSt4pairIKiPvENS_10_Select1stESt8equal_toIiESt4hashIiENS_18_Mod_range_hashingENS_20_Default_ranged_hashENS_17_Hashtable_traitsILb0ELb0ELb1EEEE9_M_equalsERS2_jPNS_10_Hash_nodeIS4_Lb0EEE
                0x000000000000257c        0x0 /usr/lib/gcc/x86_64-linux-gnu/8/../../../../lib32/Scrt1.o
 .rel.text._ZNKSt10_HashtableIiSt4pairIKiPvESaIS3_ENSt8__detail10_Select1stESt8equal_toIiESt4hashIiENS5_18_Mod_range_hashingENS5_20_Default_ranged_hashENS5_20_Prime_rehash_policyENS5_17_Hashtable_traitsILb0ELb0ELb1EEEE15_M_bucket_indexEPNS5_10_Hash_nodeIS3_Lb0EEE
                0x000000000000257c        0x0 /usr/lib/gcc/x86_64-linux-gnu/8/../../../../lib32/Scrt1.o
 .rel.text._ZN9__gnu_cxx13new_allocatorINSt8__detail10_Hash_nodeISt4pairIKiPvELb0EEEE8allocateEjPKv
                0x000000000000257c        0x0 /usr/lib/gcc/x86_64-linux-gnu/8/../../../../lib32/Scrt1.o
 .rel.text._ZNSt5tupleIJRKiEEC2EOS2_
                0x000000000000257c        0x0 /usr/lib/gcc/x86_64-linux-gnu/8/../../../../lib32/Scrt1.o
 .rel.text._ZN9__gnu_cxx13new_allocatorINSt8__detail10_Hash_nodeISt4pairIKiPvELb0EEEE9constructIS6_JRKSt21piecewise_construct_tSt5tupleIJRS4_EESD_IJEEEEEvPT_DpOT0_
                0x000000000000257c        0x0 /usr/lib/gcc/x86_64-linux-gnu/8/../../../../lib32/Scrt1.o
 .rel.text._ZNSt10_HashtableIiSt4pairIKiPvESaIS3_ENSt8__detail10_Select1stESt8equal_toIiESt4hashIiENS5_18_Mod_range_hashingENS5_20_Default_ranged_hashENS5_20_Prime_rehash_policyENS5_17_Hashtable_traitsILb0ELb0ELb1EEEE13_M_rehash_auxEjSt17integral_constantIbLb1EE
                0x000000000000257c        0x0 /usr/lib/gcc/x86_64-linux-gnu/8/../../../../lib32/Scrt1.o
 .rel.text._ZSt3getILj0EKiPvERNSt13tuple_elementIXT_ESt4pairIT0_T1_EE4typeERS6_
                0x000000000000257c        0x0 /usr/lib/gcc/x86_64-linux-gnu/8/../../../../lib32/Scrt1.o
 .rel.text._ZSt9addressofINSt8__detail10_Hash_nodeISt4pairIKiPvELb0EEEEPT_RS7_
                0x000000000000257c        0x0 /usr/lib/gcc/x86_64-linux-gnu/8/../../../../lib32/Scrt1.o
 .rel.text._ZSt9addressofIPNSt8__detail15_Hash_node_baseEEPT_RS3_
                0x000000000000257c        0x0 /usr/lib/gcc/x86_64-linux-gnu/8/../../../../lib32/Scrt1.o
 .rel.text._ZNSt13unordered_mapIiPvSt4hashIiESt8equal_toIiESaISt4pairIKiS0_EEEC2ERKS9_
                0x000000000000257c        0x0 /usr/lib/gcc/x86_64-linux-gnu/8/../../../../lib32/Scrt1.o
 .rel.text._ZSt10_ConstructISt13unordered_mapIiPvSt4hashIiESt8equal_toIiESaISt4pairIKiS1_EEEJRKSA_EEvPT_DpOT0_
                0x000000000000257c        0x0 /usr/lib/gcc/x86_64-linux-gnu/8/../../../../lib32/Scrt1.o
 .rel.text._ZNSaINSt8__detail10_Hash_nodeISt4pairIKiPvELb0EEEEC2ERKS6_
                0x000000000000257c        0x0 /usr/lib/gcc/x86_64-linux-gnu/8/../../../../lib32/Scrt1.o
 .rel.text._ZNKSt10_HashtableIiSt4pairIKiPvESaIS3_ENSt8__detail10_Select1stESt8equal_toIiESt4hashIiENS5_18_Mod_range_hashingENS5_20_Default_ranged_hashENS5_20_Prime_rehash_policyENS5_17_Hashtable_traitsILb0ELb0ELb1EEEE21_M_uses_single_bucketEv
                0x000000000000257c        0x0 /usr/lib/gcc/x86_64-linux-gnu/8/../../../../lib32/Scrt1.o
 .rel.text._ZNSt10_HashtableIiSt4pairIKiPvESaIS3_ENSt8__detail10_Select1stESt8equal_toIiESt4hashIiENS5_18_Mod_range_hashingENS5_20_Default_ranged_hashENS5_20_Prime_rehash_policyENS5_17_Hashtable_traitsILb0ELb0ELb1EEEE8_M_resetEv
                0x000000000000257c        0x0 /usr/lib/gcc/x86_64-linux-gnu/8/../../../../lib32/Scrt1.o
 .rel.text._ZNSt16allocator_traitsISaISt13unordered_mapIiPvSt4hashIiESt8equal_toIiESaISt4pairIKiS1_EEEEE8max_sizeERKSB_
                0x000000000000257c        0x0 /usr/lib/gcc/x86_64-linux-gnu/8/../../../../lib32/Scrt1.o
 .rel.text._ZSt18uninitialized_copyISt13move_iteratorIPSt13unordered_mapIiPvSt4hashIiESt8equal_toIiESaISt4pairIKiS2_EEEESC_ET0_T_SF_SE_
                0x000000000000257c        0x0 /usr/lib/gcc/x86_64-linux-gnu/8/../../../../lib32/Scrt1.o
 .rel.text._ZNSt8__detail13_Equal_helperIiSt4pairIKiPvENS_10_Select1stESt8equal_toIiEjLb0EE9_S_equalsERKS7_RKS5_RS2_jPNS_10_Hash_nodeIS4_Lb0EEE
                0x000000000000257c        0x0 /usr/lib/gcc/x86_64-linux-gnu/8/../../../../lib32/Scrt1.o
 .rel.text._ZNKSt8__detail15_Hashtable_baseIiSt4pairIKiPvENS_10_Select1stESt8equal_toIiESt4hashIiENS_18_Mod_range_hashingENS_20_Default_ranged_hashENS_17_Hashtable_traitsILb0ELb0ELb1EEEE5_M_eqEv
                0x000000000000257c        0x0 /usr/lib/gcc/x86_64-linux-gnu/8/../../../../lib32/Scrt1.o
 .rel.text._ZNKSt8__detail15_Hash_code_baseIiSt4pairIKiPvENS_10_Select1stESt4hashIiENS_18_Mod_range_hashingENS_20_Default_ranged_hashELb0EE10_M_extractEv
                0x000000000000257c        0x0 /usr/lib/gcc/x86_64-linux-gnu/8/../../../../lib32/Scrt1.o
 .rel.text._ZNKSt8__detail15_Hash_code_baseIiSt4pairIKiPvENS_10_Select1stESt4hashIiENS_18_Mod_range_hashingENS_20_Default_ranged_hashELb0EE15_M_bucket_indexEPKNS_10_Hash_nodeIS4_Lb0EEEj
                0x000000000000257c        0x0 /usr/lib/gcc/x86_64-linux-gnu/8/../../../../lib32/Scrt1.o
 .rel.text._ZNSt11_Tuple_implILj0EJRKiEE7_M_headERS2_
                0x000000000000257c        0x0 /usr/lib/gcc/x86_64-linux-gnu/8/../../../../lib32/Scrt1.o
 .rel.text._ZNSt11_Tuple_implILj0EJRKiEEC2EOS2_
                0x000000000000257c        0x0 /usr/lib/gcc/x86_64-linux-gnu/8/../../../../lib32/Scrt1.o
 .rel.text._ZNSt4pairIKiPvEC2IJRS0_EJEEESt21piecewise_construct_tSt5tupleIJDpT_EES6_IJDpT0_EE
                0x000000000000257c        0x0 /usr/lib/gcc/x86_64-linux-gnu/8/../../../../lib32/Scrt1.o
 .rel.text._ZNSt10_HashtableIiSt4pairIKiPvESaIS3_ENSt8__detail10_Select1stESt8equal_toIiESt4hashIiENS5_18_Mod_range_hashingENS5_20_Default_ranged_hashENS5_20_Prime_rehash_policyENS5_17_Hashtable_traitsILb0ELb0ELb1EEEE19_M_allocate_bucketsEj
                0x000000000000257c        0x0 /usr/lib/gcc/x86_64-linux-gnu/8/../../../../lib32/Scrt1.o
 .rel.text._ZZNSt10_HashtableIiSt4pairIKiPvESaIS3_ENSt8__detail10_Select1stESt8equal_toIiESt4hashIiENS5_18_Mod_range_hashingENS5_20_Default_ranged_hashENS5_20_Prime_rehash_policyENS5_17_Hashtable_traitsILb0ELb0ELb1EEEEC4ERKSG_ENKUlPKNS5_10_Hash_nodeIS3_Lb0EEEE_clESM_
                0x000000000000257c        0x0 /usr/lib/gcc/x86_64-linux-gnu/8/../../../../lib32/Scrt1.o
 .rel.text._ZNSt10_HashtableIiSt4pairIKiPvESaIS3_ENSt8__detail10_Select1stESt8equal_toIiESt4hashIiENS5_18_Mod_range_hashingENS5_20_Default_ranged_hashENS5_20_Prime_rehash_policyENS5_17_Hashtable_traitsILb0ELb0ELb1EEEEC2ERKSG_
                0x000000000000257c        0x0 /usr/lib/gcc/x86_64-linux-gnu/8/../../../../lib32/Scrt1.o
 .rel.text._ZNSt20__uninitialized_copyILb0EE13__uninit_copyISt13move_iteratorIPSt13unordered_mapIiPvSt4hashIiESt8equal_toIiESaISt4pairIKiS4_EEEESE_EET0_T_SH_SG_
                0x000000000000257c        0x0 /usr/lib/gcc/x86_64-linux-gnu/8/../../../../lib32/Scrt1.o
 .rel.text._ZNKSt8__detail21_Hash_node_value_baseISt4pairIKiPvEE4_M_vEv
                0x000000000000257c        0x0 /usr/lib/gcc/x86_64-linux-gnu/8/../../../../lib32/Scrt1.o
 .rel.text._ZNKSt8__detail10_Select1stclIRKSt4pairIKiPvEEEDTcl3getILi0EEcl7forwardIT_Efp_EEEOS8_
                0x000000000000257c        0x0 /usr/lib/gcc/x86_64-linux-gnu/8/../../../../lib32/Scrt1.o
 .rel.text._ZSt3getILj0EJRKiEERNSt13tuple_elementIXT_ESt5tupleIJDpT0_EEE4typeERS6_
                0x000000000000257c        0x0 /usr/lib/gcc/x86_64-linux-gnu/8/../../../../lib32/Scrt1.o
 .rel.text._ZSt12__get_helperILj0ERKiJEERT0_RSt11_Tuple_implIXT_EJS2_DpT1_EE
                0x000000000000257c        0x0 /usr/lib/gcc/x86_64-linux-gnu/8/../../../../lib32/Scrt1.o
 .rel.text._ZNSt4pairIKiPvEC2IJRS0_EJLj0EEJEJEEERSt5tupleIJDpT_EERS5_IJDpT1_EESt12_Index_tupleIJXspT0_EEESE_IJXspT2_EEE
                0x000000000000257c        0x0 /usr/lib/gcc/x86_64-linux-gnu/8/../../../../lib32/Scrt1.o
 .rel.text._ZNSt8__detail16_Hashtable_allocISaINS_10_Hash_nodeISt4pairIKiPvELb0EEEEE19_M_allocate_bucketsEj
                0x000000000000257c        0x0 /usr/lib/gcc/x86_64-linux-gnu/8/../../../../lib32/Scrt1.o
 .rel.text._ZN9__gnu_cxx14__alloc_traitsISaINSt8__detail10_Hash_nodeISt4pairIKiPvELb0EEEES7_E17_S_select_on_copyERKS8_
                0x000000000000257c        0x0 /usr/lib/gcc/x86_64-linux-gnu/8/../../../../lib32/Scrt1.o
 .rel.text._ZNKSt8__detail16_Hashtable_allocISaINS_10_Hash_nodeISt4pairIKiPvELb0EEEEE17_M_node_allocatorEv
                0x000000000000257c        0x0 /usr/lib/gcc/x86_64-linux-gnu/8/../../../../lib32/Scrt1.o
 .rel.text._ZNSt8__detail16_Hashtable_allocISaINS_10_Hash_nodeISt4pairIKiPvELb0EEEEEC2IS7_EEOT_
                0x000000000000257c        0x0 /usr/lib/gcc/x86_64-linux-gnu/8/../../../../lib32/Scrt1.o
 .rel.text._ZNSt8__detail16_Hashtable_allocISaINS_10_Hash_nodeISt4pairIKiPvELb0EEEEE16_M_allocate_nodeIJRKS5_EEEPS6_DpOT_
                0x000000000000257c        0x0 /usr/lib/gcc/x86_64-linux-gnu/8/../../../../lib32/Scrt1.o
 .rel.text._ZNSt10_HashtableIiSt4pairIKiPvESaIS3_ENSt8__detail10_Select1stESt8equal_toIiESt4hashIiENS5_18_Mod_range_hashingENS5_20_Default_ranged_hashENS5_20_Prime_rehash_policyENS5_17_Hashtable_traitsILb0ELb0ELb1EEEE9_M_assignIZNSG_C4ERKSG_EUlPKNS5_10_Hash_nodeIS3_Lb0EEEE_EEvSJ_RKT_
                0x000000000000257c        0x0 /usr/lib/gcc/x86_64-linux-gnu/8/../../../../lib32/Scrt1.o
 .rel.text._ZStneIPSt13unordered_mapIiPvSt4hashIiESt8equal_toIiESaISt4pairIKiS1_EEEEbRKSt13move_iteratorIT_ESG_
                0x000000000000257c        0x0 /usr/lib/gcc/x86_64-linux-gnu/8/../../../../lib32/Scrt1.o
 .rel.text._ZSt10_ConstructISt13unordered_mapIiPvSt4hashIiESt8equal_toIiESaISt4pairIKiS1_EEEJSA_EEvPT_DpOT0_
                0x000000000000257c        0x0 /usr/lib/gcc/x86_64-linux-gnu/8/../../../../lib32/Scrt1.o
 .rel.text._ZNKSt8__detail21_Hash_node_value_baseISt4pairIKiPvEE9_M_valptrEv
                0x000000000000257c        0x0 /usr/lib/gcc/x86_64-linux-gnu/8/../../../../lib32/Scrt1.o
 .rel.text._ZSt3getILj0EKiPvERKNSt13tuple_elementIXT_ESt4pairIT0_T1_EE4typeERKS6_
                0x000000000000257c        0x0 /usr/lib/gcc/x86_64-linux-gnu/8/../../../../lib32/Scrt1.o
 .rel.text._ZNSt16allocator_traitsISaIPNSt8__detail15_Hash_node_baseEEE8allocateERS3_j
                0x000000000000257c        0x0 /usr/lib/gcc/x86_64-linux-gnu/8/../../../../lib32/Scrt1.o
 .rel.text._ZNSt16allocator_traitsISaINSt8__detail10_Hash_nodeISt4pairIKiPvELb0EEEEE37select_on_container_copy_constructionERKS7_
                0x000000000000257c        0x0 /usr/lib/gcc/x86_64-linux-gnu/8/../../../../lib32/Scrt1.o
 .rel.text._ZNSt8__detail21_Hashtable_ebo_helperILi0ESaINS_10_Hash_nodeISt4pairIKiPvELb0EEEELb1EEC2IS7_EEOT_
                0x000000000000257c        0x0 /usr/lib/gcc/x86_64-linux-gnu/8/../../../../lib32/Scrt1.o
 .rel.text._ZNSt16allocator_traitsISaINSt8__detail10_Hash_nodeISt4pairIKiPvELb0EEEEE9constructIS5_JRKS5_EEEvRS7_PT_DpOT0_
                0x000000000000257c        0x0 /usr/lib/gcc/x86_64-linux-gnu/8/../../../../lib32/Scrt1.o
 .rel.text._ZSteqIPSt13unordered_mapIiPvSt4hashIiESt8equal_toIiESaISt4pairIKiS1_EEEEbRKSt13move_iteratorIT_ESG_
                0x000000000000257c        0x0 /usr/lib/gcc/x86_64-linux-gnu/8/../../../../lib32/Scrt1.o
 .rel.text._ZNK9__gnu_cxx16__aligned_bufferISt4pairIKiPvEE6_M_ptrEv
                0x000000000000257c        0x0 /usr/lib/gcc/x86_64-linux-gnu/8/../../../../lib32/Scrt1.o
 .rel.text._ZN9__gnu_cxx13new_allocatorIPNSt8__detail15_Hash_node_baseEE8allocateEjPKv
                0x000000000000257c        0x0 /usr/lib/gcc/x86_64-linux-gnu/8/../../../../lib32/Scrt1.o
 .rel.text._ZN9__gnu_cxx13new_allocatorINSt8__detail10_Hash_nodeISt4pairIKiPvELb0EEEE9constructIS6_JRKS6_EEEvPT_DpOT0_
                0x000000000000257c        0x0 /usr/lib/gcc/x86_64-linux-gnu/8/../../../../lib32/Scrt1.o
 *(.rel.fini)
 *(.rel.rodata .rel.rodata.* .rel.gnu.linkonce.r.*)
 *(.rel.data.rel.ro .rel.data.rel.ro.* .rel.gnu.linkonce.d.rel.ro.*)
 .rel.data.rel.ro
                0x000000000000257c        0x0 /usr/lib/gcc/x86_64-linux-gnu/8/../../../../lib32/Scrt1.o
 .rel.data.rel.ro._ZTV11LoaderError
                0x000000000000257c       0x20 /usr/lib/gcc/x86_64-linux-gnu/8/../../../../lib32/Scrt1.o
 .rel.data.rel.ro._ZTI11LoaderError
                0x000000000000259c       0x18 /usr/lib/gcc/x86_64-linux-gnu/8/../../../../lib32/Scrt1.o
 .rel.data.rel.ro._ZTV24ProcessControlBlockError
                0x00000000000025b4       0x20 /usr/lib/gcc/x86_64-linux-gnu/8/../../../../lib32/Scrt1.o
 .rel.data.rel.ro._ZTI24ProcessControlBlockError
                0x00000000000025d4       0x18 /usr/lib/gcc/x86_64-linux-gnu/8/../../../../lib32/Scrt1.o
 *(.rel.data .rel.data.* .rel.gnu.linkonce.d.*)
 .rel.data.rel.local
                0x00000000000025ec        0x8 /usr/lib/gcc/x86_64-linux-gnu/8/../../../../lib32/Scrt1.o
 .rel.data.rel.local.DW.ref.__gxx_personality_v0
                0x00000000000025f4        0x8 /usr/lib/gcc/x86_64-linux-gnu/8/../../../../lib32/Scrt1.o
 .rel.data.rel.local.DW.ref._ZTISt13runtime_error
                0x00000000000025fc        0x8 /usr/lib/gcc/x86_64-linux-gnu/8/../../../../lib32/Scrt1.o
 .rel.data.rel  0x0000000000002604        0x8 /usr/lib/gcc/x86_64-linux-gnu/8/../../../../lib32/Scrt1.o
 *(.rel.tdata .rel.tdata.* .rel.gnu.linkonce.td.*)
 *(.rel.tbss .rel.tbss.* .rel.gnu.linkonce.tb.*)
 *(.rel.ctors)
 *(.rel.dtors)
 *(.rel.got)
 .rel.got       0x000000000000260c       0x70 /usr/lib/gcc/x86_64-linux-gnu/8/../../../../lib32/Scrt1.o
 *(.rel.bss .rel.bss.* .rel.gnu.linkonce.b.*)
 .rel.bss       0x000000000000267c        0x0 /usr/lib/gcc/x86_64-linux-gnu/8/../../../../lib32/Scrt1.o
 *(.rel.ifunc)
 .rel.ifunc     0x000000000000267c        0x0 /usr/lib/gcc/x86_64-linux-gnu/8/../../../../lib32/Scrt1.o
 .rel.fini_array
                0x000000000000267c        0x8 /usr/lib/gcc/x86_64-linux-gnu/8/../../../../lib32/Scrt1.o
 .rel.init_array
                0x0000000000002684       0x20 /usr/lib/gcc/x86_64-linux-gnu/8/../../../../lib32/Scrt1.o
 .rel.eh_frame  0x00000000000026a4        0x0 /usr/lib/gcc/x86_64-linux-gnu/8/../../../../lib32/Scrt1.o
 .rel.gcc_except_table
                0x00000000000026a4        0x0 /usr/lib/gcc/x86_64-linux-gnu/8/../../../../lib32/Scrt1.o

.rel.plt        0x00000000000026a4      0x260
 *(.rel.plt)
 .rel.plt       0x00000000000026a4      0x260 /usr/lib/gcc/x86_64-linux-gnu/8/../../../../lib32/Scrt1.o
                [!provide]                        PROVIDE (__rel_iplt_start = .)
 *(.rel.iplt)
                [!provide]                        PROVIDE (__rel_iplt_end = .)
                0x0000000000003000                . = ALIGN (CONSTANT (MAXPAGESIZE))

.init           0x0000000000003000       0x20
 *(SORT_NONE(.init))
 .init          0x0000000000003000       0x1b /usr/lib/gcc/x86_64-linux-gnu/8/../../../../lib32/crti.o
                0x0000000000003000                _init
 .init          0x000000000000301b        0x5 /usr/lib/gcc/x86_64-linux-gnu/8/../../../../lib32/crtn.o

.plt            0x0000000000003020      0x4d0
 *(.plt)
 .plt           0x0000000000003020      0x4d0 /usr/lib/gcc/x86_64-linux-gnu/8/../../../../lib32/Scrt1.o
 *(.iplt)

.plt.got        0x00000000000034f0        0x8
 *(.plt.got)
 .plt.got       0x00000000000034f0        0x8 /usr/lib/gcc/x86_64-linux-gnu/8/../../../../lib32/Scrt1.o

.plt.sec
 *(.plt.sec)

.text           0x0000000000003500    0x198b3
 *(.text.unlikely .text.*_unlikely .text.unlikely.*)
 *(.text.exit .text.exit.*)
 *(.text.startup .text.startup.*)
 *(.text.hot .text.hot.*)
 *(.text .stub .text.* .gnu.linkonce.t.*)
 .text          0x0000000000003500       0x36 /usr/lib/gcc/x86_64-linux-gnu/8/../../../../lib32/Scrt1.o
                0x0000000000003500                _start
 .text          0x0000000000003536        0x0 /usr/lib/gcc/x86_64-linux-gnu/8/../../../../lib32/crti.o